<!doctype html public "-//w3c//dtd html 4.0 transitional//en">
<html><head>
<title>Static Call Graph - [.\output\stm32f103.axf]</title></head>
<body><HR>
<H1>Static Call Graph for image .\output\stm32f103.axf</H1><HR>
<BR><P>#&#060CALLGRAPH&#062# ARM Linker, 5060960: Last Updated: Tue May 04 10:21:24 2021
<BR><P>
<H3>Maximum Stack Usage =        472 bytes + Unknown(Functions without stacksize, Cycles, Untraceable Function Pointers)</H3><H3>
Call chain for Maximum Stack Depth:</H3>
DATA_P_Task &rArr; OneNET_SendData &rArr; DSTREAM_GetDataStream_Body &rArr; DSTREAM_toString &rArr; __2snprintf &rArr; _printf_char_common &rArr; __printf
<P>
<H3>
Functions with no stack information
</H3><UL>
 <LI><a href="#[289]">__user_initial_stackheap</a>
</UL>
</UL>
<P>
<H3>
Mutually Recursive functions
</H3> <LI><a href="#[17]">PendSV_Handler</a>&nbsp;&nbsp;&nbsp;&rArr;&nbsp;&nbsp;&nbsp;<a href="#[17]">PendSV_Handler</a><BR>
 <LI><a href="#[2b]">ADC1_2_IRQHandler</a>&nbsp;&nbsp;&nbsp;&rArr;&nbsp;&nbsp;&nbsp;<a href="#[2b]">ADC1_2_IRQHandler</a><BR>
</UL>
<P>
<H3>
Function Pointers
</H3><UL>
 <LI><a href="#[2b]">ADC1_2_IRQHandler</a> from startup_stm32f10x_hd.o(.text) referenced from startup_stm32f10x_hd.o(RESET)
 <LI><a href="#[48]">ADC3_IRQHandler</a> from startup_stm32f10x_hd.o(.text) referenced from startup_stm32f10x_hd.o(RESET)
 <LI><a href="#[1b5]">BREATH_Task</a> from main.o(.text) referenced from main.o(.text)
 <LI><a href="#[13]">BusFault_Handler</a> from stm32f10x_it.o(.text) referenced from startup_stm32f10x_hd.o(RESET)
 <LI><a href="#[d]">CALLBACK_Beep</a> from cmd_callback.o(.text) referenced 2 times from cmd_callback.o(.data)
 <LI><a href="#[c]">CALLBACK_BlueLed</a> from cmd_callback.o(.text) referenced 2 times from cmd_callback.o(.data)
 <LI><a href="#[a]">CALLBACK_GreenLed</a> from cmd_callback.o(.text) referenced 2 times from cmd_callback.o(.data)
 <LI><a href="#[9]">CALLBACK_RedLed</a> from cmd_callback.o(.text) referenced 2 times from cmd_callback.o(.data)
 <LI><a href="#[e]">CALLBACK_SpiLcd</a> from cmd_callback.o(.text) referenced 2 times from cmd_callback.o(.data)
 <LI><a href="#[b]">CALLBACK_YellowLed</a> from cmd_callback.o(.text) referenced 2 times from cmd_callback.o(.data)
 <LI><a href="#[2e]">CAN1_RX1_IRQHandler</a> from startup_stm32f10x_hd.o(.text) referenced from startup_stm32f10x_hd.o(RESET)
 <LI><a href="#[2f]">CAN1_SCE_IRQHandler</a> from startup_stm32f10x_hd.o(.text) referenced from startup_stm32f10x_hd.o(RESET)
 <LI><a href="#[1ad]">CLOCK_Task</a> from main.o(.text) referenced from main.o(.text)
 <LI><a href="#[1b4]">COUNT_DOWN_Task</a> from main.o(.text) referenced from main.o(.text)
 <LI><a href="#[1d9]">DATA_P_Task</a> from net_task.o(.text) referenced from net_task.o(.text)
 <LI><a href="#[1e1]">DATA_S_Task</a> from net_task.o(.text) referenced from net_task.o(.text)
 <LI><a href="#[24]">DMA1_Channel1_IRQHandler</a> from startup_stm32f10x_hd.o(.text) referenced from startup_stm32f10x_hd.o(RESET)
 <LI><a href="#[25]">DMA1_Channel2_IRQHandler</a> from startup_stm32f10x_hd.o(.text) referenced from startup_stm32f10x_hd.o(RESET)
 <LI><a href="#[26]">DMA1_Channel3_IRQHandler</a> from startup_stm32f10x_hd.o(.text) referenced from startup_stm32f10x_hd.o(RESET)
 <LI><a href="#[27]">DMA1_Channel4_IRQHandler</a> from startup_stm32f10x_hd.o(.text) referenced from startup_stm32f10x_hd.o(RESET)
 <LI><a href="#[28]">DMA1_Channel5_IRQHandler</a> from startup_stm32f10x_hd.o(.text) referenced from startup_stm32f10x_hd.o(RESET)
 <LI><a href="#[29]">DMA1_Channel6_IRQHandler</a> from net_io.o(.text) referenced from startup_stm32f10x_hd.o(RESET)
 <LI><a href="#[2a]">DMA1_Channel7_IRQHandler</a> from startup_stm32f10x_hd.o(.text) referenced from startup_stm32f10x_hd.o(RESET)
 <LI><a href="#[51]">DMA2_Channel1_IRQHandler</a> from startup_stm32f10x_hd.o(.text) referenced from startup_stm32f10x_hd.o(RESET)
 <LI><a href="#[52]">DMA2_Channel2_IRQHandler</a> from startup_stm32f10x_hd.o(.text) referenced from startup_stm32f10x_hd.o(RESET)
 <LI><a href="#[53]">DMA2_Channel3_IRQHandler</a> from startup_stm32f10x_hd.o(.text) referenced from startup_stm32f10x_hd.o(RESET)
 <LI><a href="#[54]">DMA2_Channel4_5_IRQHandler</a> from startup_stm32f10x_hd.o(.text) referenced from startup_stm32f10x_hd.o(RESET)
 <LI><a href="#[16]">DebugMon_Handler</a> from stm32f10x_it.o(.text) referenced from startup_stm32f10x_hd.o(RESET)
 <LI><a href="#[1f]">EXTI0_IRQHandler</a> from stm32f10x_it.o(.text) referenced from startup_stm32f10x_hd.o(RESET)
 <LI><a href="#[41]">EXTI15_10_IRQHandler</a> from startup_stm32f10x_hd.o(.text) referenced from startup_stm32f10x_hd.o(RESET)
 <LI><a href="#[20]">EXTI1_IRQHandler</a> from startup_stm32f10x_hd.o(.text) referenced from startup_stm32f10x_hd.o(RESET)
 <LI><a href="#[21]">EXTI2_IRQHandler</a> from startup_stm32f10x_hd.o(.text) referenced from startup_stm32f10x_hd.o(RESET)
 <LI><a href="#[22]">EXTI3_IRQHandler</a> from startup_stm32f10x_hd.o(.text) referenced from startup_stm32f10x_hd.o(RESET)
 <LI><a href="#[23]">EXTI4_IRQHandler</a> from startup_stm32f10x_hd.o(.text) referenced from startup_stm32f10x_hd.o(RESET)
 <LI><a href="#[30]">EXTI9_5_IRQHandler</a> from startup_stm32f10x_hd.o(.text) referenced from startup_stm32f10x_hd.o(RESET)
 <LI><a href="#[1d]">FLASH_IRQHandler</a> from startup_stm32f10x_hd.o(.text) referenced from startup_stm32f10x_hd.o(RESET)
 <LI><a href="#[49]">FSMC_IRQHandler</a> from startup_stm32f10x_hd.o(.text) referenced from startup_stm32f10x_hd.o(RESET)
 <LI><a href="#[11]">HardFault_Handler</a> from stm32f10x_it.o(.text) referenced from startup_stm32f10x_hd.o(RESET)
 <LI><a href="#[39]">I2C1_ER_IRQHandler</a> from i2c.o(.text) referenced from startup_stm32f10x_hd.o(RESET)
 <LI><a href="#[38]">I2C1_EV_IRQHandler</a> from startup_stm32f10x_hd.o(.text) referenced from startup_stm32f10x_hd.o(RESET)
 <LI><a href="#[3b]">I2C2_ER_IRQHandler</a> from i2c.o(.text) referenced from startup_stm32f10x_hd.o(RESET)
 <LI><a href="#[3a]">I2C2_EV_IRQHandler</a> from startup_stm32f10x_hd.o(.text) referenced from startup_stm32f10x_hd.o(RESET)
 <LI><a href="#[1aa]">KEY_Task</a> from main.o(.text) referenced from main.o(.text)
 <LI><a href="#[1c7]">MY_Task</a> from main.o(.text) referenced from main.o(.text)
 <LI><a href="#[12]">MemManage_Handler</a> from stm32f10x_it.o(.text) referenced from startup_stm32f10x_hd.o(RESET)
 <LI><a href="#[1d7]">NET_FLAG_Task</a> from net_task.o(.text) referenced from net_task.o(.text)
 <LI><a href="#[1e7]">NET_Task</a> from net_task.o(.text) referenced from net_task.o(.text)
 <LI><a href="#[1d4]">NET_Timer</a> from net_task.o(.text) referenced from net_task.o(.text)
 <LI><a href="#[10]">NMI_Handler</a> from stm32f10x_it.o(.text) referenced from startup_stm32f10x_hd.o(RESET)
 <LI><a href="#[1a]">PVD_IRQHandler</a> from startup_stm32f10x_hd.o(.text) referenced from startup_stm32f10x_hd.o(RESET)
 <LI><a href="#[17]">PendSV_Handler</a> from startup_stm32f10x_hd.o(.text) referenced from startup_stm32f10x_hd.o(RESET)
 <LI><a href="#[1e]">RCC_IRQHandler</a> from startup_stm32f10x_hd.o(.text) referenced from startup_stm32f10x_hd.o(RESET)
 <LI><a href="#[1d5]">RECV_Task</a> from net_task.o(.text) referenced from net_task.o(.text)
 <LI><a href="#[42]">RTCAlarm_IRQHandler</a> from rtc.o(.text) referenced from startup_stm32f10x_hd.o(RESET)
 <LI><a href="#[1c]">RTC_IRQHandler</a> from rtc.o(.text) referenced from startup_stm32f10x_hd.o(RESET)
 <LI><a href="#[f]">Reset_Handler</a> from startup_stm32f10x_hd.o(.text) referenced from startup_stm32f10x_hd.o(RESET)
 <LI><a href="#[4a]">SDIO_IRQHandler</a> from startup_stm32f10x_hd.o(.text) referenced from startup_stm32f10x_hd.o(RESET)
 <LI><a href="#[3c]">SPI1_IRQHandler</a> from startup_stm32f10x_hd.o(.text) referenced from startup_stm32f10x_hd.o(RESET)
 <LI><a href="#[3d]">SPI2_IRQHandler</a> from startup_stm32f10x_hd.o(.text) referenced from startup_stm32f10x_hd.o(RESET)
 <LI><a href="#[4c]">SPI3_IRQHandler</a> from startup_stm32f10x_hd.o(.text) referenced from startup_stm32f10x_hd.o(RESET)
 <LI><a href="#[15]">SVC_Handler</a> from stm32f10x_it.o(.text) referenced from startup_stm32f10x_hd.o(RESET)
 <LI><a href="#[18]">SysTick_Handler</a> from stm32f10x_it.o(.text) referenced from startup_stm32f10x_hd.o(RESET)
 <LI><a href="#[55]">SystemInit</a> from system_stm32f10x.o(.text) referenced from startup_stm32f10x_hd.o(.text)
 <LI><a href="#[1b]">TAMPER_IRQHandler</a> from startup_stm32f10x_hd.o(.text) referenced from startup_stm32f10x_hd.o(RESET)
 <LI><a href="#[31]">TIM1_BRK_IRQHandler</a> from startup_stm32f10x_hd.o(.text) referenced from startup_stm32f10x_hd.o(RESET)
 <LI><a href="#[34]">TIM1_CC_IRQHandler</a> from startup_stm32f10x_hd.o(.text) referenced from startup_stm32f10x_hd.o(RESET)
 <LI><a href="#[33]">TIM1_TRG_COM_IRQHandler</a> from startup_stm32f10x_hd.o(.text) referenced from startup_stm32f10x_hd.o(RESET)
 <LI><a href="#[32]">TIM1_UP_IRQHandler</a> from hwtimer.o(.text) referenced from startup_stm32f10x_hd.o(RESET)
 <LI><a href="#[35]">TIM2_IRQHandler</a> from hwtimer.o(.text) referenced from startup_stm32f10x_hd.o(RESET)
 <LI><a href="#[36]">TIM3_IRQHandler</a> from hwtimer.o(.text) referenced from startup_stm32f10x_hd.o(RESET)
 <LI><a href="#[37]">TIM4_IRQHandler</a> from hwtimer.o(.text) referenced from startup_stm32f10x_hd.o(RESET)
 <LI><a href="#[4b]">TIM5_IRQHandler</a> from hwtimer.o(.text) referenced from startup_stm32f10x_hd.o(RESET)
 <LI><a href="#[4f]">TIM6_IRQHandler</a> from main.o(.text) referenced from startup_stm32f10x_hd.o(RESET)
 <LI><a href="#[50]">TIM7_IRQHandler</a> from framework.o(.text) referenced from startup_stm32f10x_hd.o(RESET)
 <LI><a href="#[44]">TIM8_BRK_IRQHandler</a> from startup_stm32f10x_hd.o(.text) referenced from startup_stm32f10x_hd.o(RESET)
 <LI><a href="#[47]">TIM8_CC_IRQHandler</a> from startup_stm32f10x_hd.o(.text) referenced from startup_stm32f10x_hd.o(RESET)
 <LI><a href="#[46]">TIM8_TRG_COM_IRQHandler</a> from startup_stm32f10x_hd.o(.text) referenced from startup_stm32f10x_hd.o(RESET)
 <LI><a href="#[45]">TIM8_UP_IRQHandler</a> from hwtimer.o(.text) referenced from startup_stm32f10x_hd.o(RESET)
 <LI><a href="#[4d]">UART4_IRQHandler</a> from startup_stm32f10x_hd.o(.text) referenced from startup_stm32f10x_hd.o(RESET)
 <LI><a href="#[4e]">UART5_IRQHandler</a> from startup_stm32f10x_hd.o(.text) referenced from startup_stm32f10x_hd.o(RESET)
 <LI><a href="#[3e]">USART1_IRQHandler</a> from usart.o(.text) referenced from startup_stm32f10x_hd.o(RESET)
 <LI><a href="#[3f]">USART2_IRQHandler</a> from net_io.o(.text) referenced from startup_stm32f10x_hd.o(RESET)
 <LI><a href="#[40]">USART3_IRQHandler</a> from startup_stm32f10x_hd.o(.text) referenced from startup_stm32f10x_hd.o(RESET)
 <LI><a href="#[43]">USBWakeUp_IRQHandler</a> from startup_stm32f10x_hd.o(.text) referenced from startup_stm32f10x_hd.o(RESET)
 <LI><a href="#[2c]">USB_HP_CAN1_TX_IRQHandler</a> from startup_stm32f10x_hd.o(.text) referenced from startup_stm32f10x_hd.o(RESET)
 <LI><a href="#[2d]">USB_LP_CAN1_RX0_IRQHandler</a> from startup_stm32f10x_hd.o(.text) referenced from startup_stm32f10x_hd.o(RESET)
 <LI><a href="#[14]">UsageFault_Handler</a> from stm32f10x_it.o(.text) referenced from startup_stm32f10x_hd.o(RESET)
 <LI><a href="#[19]">WWDG_IRQHandler</a> from startup_stm32f10x_hd.o(.text) referenced from startup_stm32f10x_hd.o(RESET)
 <LI><a href="#[5f]">__main</a> from __main.o(!!!main) referenced from startup_stm32f10x_hd.o(.text)
 <LI><a href="#[57]">_get_lc_ctype</a> from lc_ctype_c.o(locale$$code) referenced from rt_ctype_table.o(.text)
 <LI><a href="#[5c]">_printf_input_char</a> from _printf_char_common.o(.text) referenced from _printf_char_common.o(.text)
 <LI><a href="#[5b]">_sbackspace</a> from _sgetc.o(.text) referenced from __0sscanf.o(.text)
 <LI><a href="#[5d]">_scanf_char_input</a> from scanf_char.o(.text) referenced from scanf_char.o(.text)
 <LI><a href="#[5a]">_sgetc</a> from _sgetc.o(.text) referenced from __0sscanf.o(.text)
 <LI><a href="#[59]">_snputc</a> from _snputc.o(.text) referenced 2 times from vsnprintf.o(.text)
 <LI><a href="#[58]">_sputc</a> from _sputc.o(.text) referenced 2 times from vsprintf.o(.text)
 <LI><a href="#[5e]">isspace</a> from isspace.o(.text) referenced from scanf_char.o(.text)
</UL>
<P>
<H3>
Global Symbols
</H3>
<P><STRONG><a name="[5f]"></a>__main</STRONG> (Thumb, 8 bytes, Stack size 0 bytes, __main.o(!!!main))
<BR><BR>[Calls]<UL><LI><a href="#[61]">&gt;&gt;</a>&nbsp;&nbsp;&nbsp;__rt_entry
<LI><a href="#[60]">&gt;&gt;</a>&nbsp;&nbsp;&nbsp;__scatterload
</UL>

<P><STRONG><a name="[60]"></a>__scatterload</STRONG> (Thumb, 0 bytes, Stack size unknown bytes, __scatter.o(!!!scatter))
<BR><BR>[Called By]<UL><LI><a href="#[5f]">&gt;&gt;</a>&nbsp;&nbsp;&nbsp;__main
</UL>

<P><STRONG><a name="[62]"></a>__scatterload_rt2</STRONG> (Thumb, 44 bytes, Stack size unknown bytes, __scatter.o(!!!scatter), UNUSED)
<BR><BR>[Calls]<UL><LI><a href="#[61]">&gt;&gt;</a>&nbsp;&nbsp;&nbsp;__rt_entry
</UL>

<P><STRONG><a name="[2b4]"></a>__scatterload_rt2_thumb_only</STRONG> (Thumb, 0 bytes, Stack size unknown bytes, __scatter.o(!!!scatter), UNUSED)

<P><STRONG><a name="[2b5]"></a>__scatterload_null</STRONG> (Thumb, 0 bytes, Stack size unknown bytes, __scatter.o(!!!scatter), UNUSED)

<P><STRONG><a name="[2b6]"></a>__decompress</STRONG> (Thumb, 90 bytes, Stack size unknown bytes, __dczerorl2.o(!!dczerorl2), UNUSED)

<P><STRONG><a name="[2b7]"></a>__decompress1</STRONG> (Thumb, 0 bytes, Stack size unknown bytes, __dczerorl2.o(!!dczerorl2), UNUSED)

<P><STRONG><a name="[2b8]"></a>__scatterload_zeroinit</STRONG> (Thumb, 28 bytes, Stack size unknown bytes, __scatter_zi.o(!!handler_zi), UNUSED)

<P><STRONG><a name="[63]"></a>_printf_n</STRONG> (Thumb, 0 bytes, Stack size unknown bytes, _printf_n.o(.ARM.Collect$$_printf_percent$$00000001))
<BR><BR>[Calls]<UL><LI><a href="#[64]">&gt;&gt;</a>&nbsp;&nbsp;&nbsp;_printf_charcount
</UL>

<P><STRONG><a name="[263]"></a>_printf_percent</STRONG> (Thumb, 0 bytes, Stack size unknown bytes, _printf_percent.o(.ARM.Collect$$_printf_percent$$00000000))
<BR><BR>[Called By]<UL><LI><a href="#[261]">&gt;&gt;</a>&nbsp;&nbsp;&nbsp;__printf
</UL>

<P><STRONG><a name="[65]"></a>_printf_p</STRONG> (Thumb, 0 bytes, Stack size unknown bytes, _printf_p.o(.ARM.Collect$$_printf_percent$$00000002))
<BR><BR>[Stack]<UL><LI>Max Depth = 64 + Unknown Stack Size
<LI>Call Chain = _printf_p &rArr; _printf_hex_ptr &rArr; _printf_longlong_hex &rArr; _printf_int_common &rArr; _printf_post_padding
</UL>
<BR>[Calls]<UL><LI><a href="#[66]">&gt;&gt;</a>&nbsp;&nbsp;&nbsp;_printf_hex_ptr
</UL>

<P><STRONG><a name="[67]"></a>_printf_f</STRONG> (Thumb, 0 bytes, Stack size unknown bytes, _printf_f.o(.ARM.Collect$$_printf_percent$$00000003))
<BR><BR>[Stack]<UL><LI>Max Depth = 324 + Unknown Stack Size
<LI>Call Chain = _printf_f &rArr; _printf_fp_dec &rArr; _printf_fp_dec_real &rArr; _fp_digits &rArr; _btod_etento &rArr; _btod_emul &rArr; _e2e
</UL>
<BR>[Calls]<UL><LI><a href="#[68]">&gt;&gt;</a>&nbsp;&nbsp;&nbsp;_printf_fp_dec
</UL>

<P><STRONG><a name="[69]"></a>_printf_e</STRONG> (Thumb, 0 bytes, Stack size unknown bytes, _printf_e.o(.ARM.Collect$$_printf_percent$$00000004))
<BR><BR>[Stack]<UL><LI>Max Depth = 324 + Unknown Stack Size
<LI>Call Chain = _printf_e &rArr; _printf_fp_dec &rArr; _printf_fp_dec_real &rArr; _fp_digits &rArr; _btod_etento &rArr; _btod_emul &rArr; _e2e
</UL>
<BR>[Calls]<UL><LI><a href="#[68]">&gt;&gt;</a>&nbsp;&nbsp;&nbsp;_printf_fp_dec
</UL>

<P><STRONG><a name="[6a]"></a>_printf_g</STRONG> (Thumb, 0 bytes, Stack size unknown bytes, _printf_g.o(.ARM.Collect$$_printf_percent$$00000005))
<BR><BR>[Stack]<UL><LI>Max Depth = 324 + Unknown Stack Size
<LI>Call Chain = _printf_g &rArr; _printf_fp_dec &rArr; _printf_fp_dec_real &rArr; _fp_digits &rArr; _btod_etento &rArr; _btod_emul &rArr; _e2e
</UL>
<BR>[Calls]<UL><LI><a href="#[68]">&gt;&gt;</a>&nbsp;&nbsp;&nbsp;_printf_fp_dec
</UL>

<P><STRONG><a name="[6b]"></a>_printf_a</STRONG> (Thumb, 0 bytes, Stack size unknown bytes, _printf_a.o(.ARM.Collect$$_printf_percent$$00000006))
<BR><BR>[Stack]<UL><LI>Max Depth = 112 + Unknown Stack Size
<LI>Call Chain = _printf_a &rArr; _printf_fp_hex &rArr; _printf_fp_hex_real &rArr; _printf_fp_infnan &rArr; _printf_post_padding
</UL>
<BR>[Calls]<UL><LI><a href="#[6c]">&gt;&gt;</a>&nbsp;&nbsp;&nbsp;_printf_fp_hex
</UL>

<P><STRONG><a name="[2b9]"></a>_printf_ll</STRONG> (Thumb, 0 bytes, Stack size unknown bytes, _printf_ll.o(.ARM.Collect$$_printf_percent$$00000007))

<P><STRONG><a name="[6d]"></a>_printf_i</STRONG> (Thumb, 0 bytes, Stack size unknown bytes, _printf_i.o(.ARM.Collect$$_printf_percent$$00000008))
<BR><BR>[Stack]<UL><LI>Max Depth = 72 + Unknown Stack Size
<LI>Call Chain = _printf_i &rArr; _printf_int_dec &rArr; _printf_int_common &rArr; _printf_post_padding
</UL>
<BR>[Calls]<UL><LI><a href="#[6e]">&gt;&gt;</a>&nbsp;&nbsp;&nbsp;_printf_int_dec
</UL>

<P><STRONG><a name="[6f]"></a>_printf_d</STRONG> (Thumb, 0 bytes, Stack size unknown bytes, _printf_d.o(.ARM.Collect$$_printf_percent$$00000009))
<BR><BR>[Stack]<UL><LI>Max Depth = 72 + Unknown Stack Size
<LI>Call Chain = _printf_d &rArr; _printf_int_dec &rArr; _printf_int_common &rArr; _printf_post_padding
</UL>
<BR>[Calls]<UL><LI><a href="#[6e]">&gt;&gt;</a>&nbsp;&nbsp;&nbsp;_printf_int_dec
</UL>

<P><STRONG><a name="[70]"></a>_printf_u</STRONG> (Thumb, 0 bytes, Stack size unknown bytes, _printf_u.o(.ARM.Collect$$_printf_percent$$0000000A))
<BR><BR>[Stack]<UL><LI>Max Depth = 72 + Unknown Stack Size
<LI>Call Chain = _printf_u &rArr; _printf_int_dec &rArr; _printf_int_common &rArr; _printf_post_padding
</UL>
<BR>[Calls]<UL><LI><a href="#[6e]">&gt;&gt;</a>&nbsp;&nbsp;&nbsp;_printf_int_dec
</UL>

<P><STRONG><a name="[71]"></a>_printf_o</STRONG> (Thumb, 0 bytes, Stack size unknown bytes, _printf_o.o(.ARM.Collect$$_printf_percent$$0000000B))
<BR><BR>[Stack]<UL><LI>Max Depth = 64 + Unknown Stack Size
<LI>Call Chain = _printf_o &rArr; _printf_int_oct &rArr; _printf_longlong_oct &rArr; _printf_int_common &rArr; _printf_post_padding
</UL>
<BR>[Calls]<UL><LI><a href="#[72]">&gt;&gt;</a>&nbsp;&nbsp;&nbsp;_printf_int_oct
</UL>

<P><STRONG><a name="[73]"></a>_printf_x</STRONG> (Thumb, 0 bytes, Stack size unknown bytes, _printf_x.o(.ARM.Collect$$_printf_percent$$0000000C))
<BR><BR>[Stack]<UL><LI>Max Depth = 80 + Unknown Stack Size
<LI>Call Chain = _printf_x &rArr; _printf_int_hex &rArr; _printf_longlong_hex &rArr; _printf_int_common &rArr; _printf_post_padding
</UL>
<BR>[Calls]<UL><LI><a href="#[74]">&gt;&gt;</a>&nbsp;&nbsp;&nbsp;_printf_int_hex
</UL>

<P><STRONG><a name="[75]"></a>_printf_lli</STRONG> (Thumb, 0 bytes, Stack size unknown bytes, _printf_lli.o(.ARM.Collect$$_printf_percent$$0000000D))
<BR><BR>[Stack]<UL><LI>Max Depth = 72 + Unknown Stack Size
<LI>Call Chain = _printf_lli &rArr; _printf_longlong_dec &rArr; _printf_int_common &rArr; _printf_post_padding
</UL>
<BR>[Calls]<UL><LI><a href="#[76]">&gt;&gt;</a>&nbsp;&nbsp;&nbsp;_printf_longlong_dec
</UL>

<P><STRONG><a name="[77]"></a>_printf_lld</STRONG> (Thumb, 0 bytes, Stack size unknown bytes, _printf_lld.o(.ARM.Collect$$_printf_percent$$0000000E))
<BR><BR>[Stack]<UL><LI>Max Depth = 72 + Unknown Stack Size
<LI>Call Chain = _printf_lld &rArr; _printf_longlong_dec &rArr; _printf_int_common &rArr; _printf_post_padding
</UL>
<BR>[Calls]<UL><LI><a href="#[76]">&gt;&gt;</a>&nbsp;&nbsp;&nbsp;_printf_longlong_dec
</UL>

<P><STRONG><a name="[78]"></a>_printf_llu</STRONG> (Thumb, 0 bytes, Stack size unknown bytes, _printf_llu.o(.ARM.Collect$$_printf_percent$$0000000F))
<BR><BR>[Stack]<UL><LI>Max Depth = 72 + Unknown Stack Size
<LI>Call Chain = _printf_llu &rArr; _printf_longlong_dec &rArr; _printf_int_common &rArr; _printf_post_padding
</UL>
<BR>[Calls]<UL><LI><a href="#[76]">&gt;&gt;</a>&nbsp;&nbsp;&nbsp;_printf_longlong_dec
</UL>

<P><STRONG><a name="[79]"></a>_printf_llo</STRONG> (Thumb, 0 bytes, Stack size unknown bytes, _printf_llo.o(.ARM.Collect$$_printf_percent$$00000010))
<BR><BR>[Stack]<UL><LI>Max Depth = 56 + Unknown Stack Size
<LI>Call Chain = _printf_llo &rArr; _printf_ll_oct &rArr; _printf_longlong_oct &rArr; _printf_int_common &rArr; _printf_post_padding
</UL>
<BR>[Calls]<UL><LI><a href="#[7a]">&gt;&gt;</a>&nbsp;&nbsp;&nbsp;_printf_ll_oct
</UL>

<P><STRONG><a name="[7b]"></a>_printf_llx</STRONG> (Thumb, 0 bytes, Stack size unknown bytes, _printf_llx.o(.ARM.Collect$$_printf_percent$$00000011))
<BR><BR>[Stack]<UL><LI>Max Depth = 64 + Unknown Stack Size
<LI>Call Chain = _printf_llx &rArr; _printf_ll_hex &rArr; _printf_longlong_hex &rArr; _printf_int_common &rArr; _printf_post_padding
</UL>
<BR>[Calls]<UL><LI><a href="#[7c]">&gt;&gt;</a>&nbsp;&nbsp;&nbsp;_printf_ll_hex
</UL>

<P><STRONG><a name="[2ba]"></a>_printf_l</STRONG> (Thumb, 0 bytes, Stack size unknown bytes, _printf_l.o(.ARM.Collect$$_printf_percent$$00000012))

<P><STRONG><a name="[7d]"></a>_printf_c</STRONG> (Thumb, 0 bytes, Stack size unknown bytes, _printf_c.o(.ARM.Collect$$_printf_percent$$00000013))
<BR><BR>[Stack]<UL><LI>Max Depth = 40 + Unknown Stack Size
<LI>Call Chain = _printf_c &rArr; _printf_char &rArr; _printf_cs_common &rArr; _printf_str &rArr; _printf_post_padding
</UL>
<BR>[Calls]<UL><LI><a href="#[7e]">&gt;&gt;</a>&nbsp;&nbsp;&nbsp;_printf_char
</UL>

<P><STRONG><a name="[7f]"></a>_printf_s</STRONG> (Thumb, 0 bytes, Stack size unknown bytes, _printf_s.o(.ARM.Collect$$_printf_percent$$00000014))
<BR><BR>[Stack]<UL><LI>Max Depth = 40 + Unknown Stack Size
<LI>Call Chain = _printf_s &rArr; _printf_string &rArr; _printf_cs_common &rArr; _printf_str &rArr; _printf_post_padding
</UL>
<BR>[Calls]<UL><LI><a href="#[80]">&gt;&gt;</a>&nbsp;&nbsp;&nbsp;_printf_string
</UL>

<P><STRONG><a name="[81]"></a>_printf_lc</STRONG> (Thumb, 0 bytes, Stack size unknown bytes, _printf_lc.o(.ARM.Collect$$_printf_percent$$00000015))
<BR><BR>[Stack]<UL><LI>Max Depth = 88 + Unknown Stack Size
<LI>Call Chain = _printf_lc &rArr; _printf_wchar &rArr; _printf_lcs_common &rArr; _printf_wctomb &rArr; _wcrtomb &rArr; __rt_ctype_table
</UL>
<BR>[Calls]<UL><LI><a href="#[82]">&gt;&gt;</a>&nbsp;&nbsp;&nbsp;_printf_wchar
</UL>

<P><STRONG><a name="[83]"></a>_printf_ls</STRONG> (Thumb, 0 bytes, Stack size unknown bytes, _printf_ls.o(.ARM.Collect$$_printf_percent$$00000016))
<BR><BR>[Stack]<UL><LI>Max Depth = 88 + Unknown Stack Size
<LI>Call Chain = _printf_ls &rArr; _printf_wstring &rArr; _printf_lcs_common &rArr; _printf_wctomb &rArr; _wcrtomb &rArr; __rt_ctype_table
</UL>
<BR>[Calls]<UL><LI><a href="#[84]">&gt;&gt;</a>&nbsp;&nbsp;&nbsp;_printf_wstring
</UL>

<P><STRONG><a name="[2bb]"></a>_printf_percent_end</STRONG> (Thumb, 0 bytes, Stack size unknown bytes, _printf_percent_end.o(.ARM.Collect$$_printf_percent$$00000017))

<P><STRONG><a name="[8f]"></a>__rt_lib_init</STRONG> (Thumb, 0 bytes, Stack size unknown bytes, libinit.o(.ARM.Collect$$libinit$$00000000))
<BR><BR>[Called By]<UL><LI><a href="#[8e]">&gt;&gt;</a>&nbsp;&nbsp;&nbsp;__rt_entry_li
</UL>

<P><STRONG><a name="[2bc]"></a>__rt_lib_init_fp_1</STRONG> (Thumb, 0 bytes, Stack size unknown bytes, libinit2.o(.ARM.Collect$$libinit$$00000002))

<P><STRONG><a name="[85]"></a>__rt_lib_init_heap_2</STRONG> (Thumb, 0 bytes, Stack size unknown bytes, libinit2.o(.ARM.Collect$$libinit$$00000005))
<BR><BR>[Stack]<UL><LI>Max Depth = 64 + Unknown Stack Size
<LI>Call Chain = __rt_lib_init_heap_2 &rArr; _init_alloc &rArr; __rt_SIGRTMEM &rArr; __rt_SIGRTMEM_inner &rArr; __default_signal_display &rArr; _ttywrch
</UL>
<BR>[Calls]<UL><LI><a href="#[86]">&gt;&gt;</a>&nbsp;&nbsp;&nbsp;_init_alloc
</UL>

<P><STRONG><a name="[2bd]"></a>__rt_lib_init_preinit_1</STRONG> (Thumb, 0 bytes, Stack size unknown bytes, libinit2.o(.ARM.Collect$$libinit$$00000004))

<P><STRONG><a name="[2be]"></a>__rt_lib_init_heap_1</STRONG> (Thumb, 0 bytes, Stack size unknown bytes, libinit2.o(.ARM.Collect$$libinit$$0000000A))

<P><STRONG><a name="[87]"></a>__rt_lib_init_lc_common</STRONG> (Thumb, 0 bytes, Stack size unknown bytes, libinit2.o(.ARM.Collect$$libinit$$0000000F))
<BR><BR>[Calls]<UL><LI><a href="#[88]">&gt;&gt;</a>&nbsp;&nbsp;&nbsp;__rt_locale
</UL>

<P><STRONG><a name="[2bf]"></a>__rt_lib_init_rand_1</STRONG> (Thumb, 0 bytes, Stack size unknown bytes, libinit2.o(.ARM.Collect$$libinit$$0000000E))

<P><STRONG><a name="[2c0]"></a>__rt_lib_init_user_alloc_1</STRONG> (Thumb, 0 bytes, Stack size unknown bytes, libinit2.o(.ARM.Collect$$libinit$$0000000C))

<P><STRONG><a name="[2c1]"></a>__rt_lib_init_lc_collate_1</STRONG> (Thumb, 0 bytes, Stack size unknown bytes, libinit2.o(.ARM.Collect$$libinit$$00000011))

<P><STRONG><a name="[89]"></a>__rt_lib_init_lc_ctype_2</STRONG> (Thumb, 0 bytes, Stack size unknown bytes, libinit2.o(.ARM.Collect$$libinit$$00000012))
<BR><BR>[Stack]<UL><LI>Max Depth = 8 + Unknown Stack Size
<LI>Call Chain = __rt_lib_init_lc_ctype_2 &rArr; _get_lc_ctype
</UL>
<BR>[Calls]<UL><LI><a href="#[57]">&gt;&gt;</a>&nbsp;&nbsp;&nbsp;_get_lc_ctype
</UL>

<P><STRONG><a name="[2c2]"></a>__rt_lib_init_lc_ctype_1</STRONG> (Thumb, 0 bytes, Stack size unknown bytes, libinit2.o(.ARM.Collect$$libinit$$00000013))

<P><STRONG><a name="[2c3]"></a>__rt_lib_init_lc_monetary_1</STRONG> (Thumb, 0 bytes, Stack size unknown bytes, libinit2.o(.ARM.Collect$$libinit$$00000015))

<P><STRONG><a name="[8a]"></a>__rt_lib_init_lc_numeric_2</STRONG> (Thumb, 0 bytes, Stack size unknown bytes, libinit2.o(.ARM.Collect$$libinit$$00000016))
<BR><BR>[Stack]<UL><LI>Max Depth = 8 + Unknown Stack Size
<LI>Call Chain = __rt_lib_init_lc_numeric_2 &rArr; _get_lc_numeric
</UL>
<BR>[Calls]<UL><LI><a href="#[8b]">&gt;&gt;</a>&nbsp;&nbsp;&nbsp;_get_lc_numeric
</UL>

<P><STRONG><a name="[2c4]"></a>__rt_lib_init_alloca_1</STRONG> (Thumb, 0 bytes, Stack size unknown bytes, libinit2.o(.ARM.Collect$$libinit$$0000002E))

<P><STRONG><a name="[2c5]"></a>__rt_lib_init_argv_1</STRONG> (Thumb, 0 bytes, Stack size unknown bytes, libinit2.o(.ARM.Collect$$libinit$$0000002C))

<P><STRONG><a name="[2c6]"></a>__rt_lib_init_atexit_1</STRONG> (Thumb, 0 bytes, Stack size unknown bytes, libinit2.o(.ARM.Collect$$libinit$$0000001B))

<P><STRONG><a name="[2c7]"></a>__rt_lib_init_clock_1</STRONG> (Thumb, 0 bytes, Stack size unknown bytes, libinit2.o(.ARM.Collect$$libinit$$00000021))

<P><STRONG><a name="[2c8]"></a>__rt_lib_init_cpp_1</STRONG> (Thumb, 0 bytes, Stack size unknown bytes, libinit2.o(.ARM.Collect$$libinit$$00000032))

<P><STRONG><a name="[2c9]"></a>__rt_lib_init_exceptions_1</STRONG> (Thumb, 0 bytes, Stack size unknown bytes, libinit2.o(.ARM.Collect$$libinit$$00000030))

<P><STRONG><a name="[2ca]"></a>__rt_lib_init_fp_trap_1</STRONG> (Thumb, 0 bytes, Stack size unknown bytes, libinit2.o(.ARM.Collect$$libinit$$0000001F))

<P><STRONG><a name="[2cb]"></a>__rt_lib_init_getenv_1</STRONG> (Thumb, 0 bytes, Stack size unknown bytes, libinit2.o(.ARM.Collect$$libinit$$00000023))

<P><STRONG><a name="[2cc]"></a>__rt_lib_init_lc_numeric_1</STRONG> (Thumb, 0 bytes, Stack size unknown bytes, libinit2.o(.ARM.Collect$$libinit$$00000017))

<P><STRONG><a name="[2cd]"></a>__rt_lib_init_lc_time_1</STRONG> (Thumb, 0 bytes, Stack size unknown bytes, libinit2.o(.ARM.Collect$$libinit$$00000019))

<P><STRONG><a name="[2ce]"></a>__rt_lib_init_return</STRONG> (Thumb, 0 bytes, Stack size unknown bytes, libinit2.o(.ARM.Collect$$libinit$$00000033))

<P><STRONG><a name="[2cf]"></a>__rt_lib_init_signal_1</STRONG> (Thumb, 0 bytes, Stack size unknown bytes, libinit2.o(.ARM.Collect$$libinit$$0000001D))

<P><STRONG><a name="[2d0]"></a>__rt_lib_init_stdio_1</STRONG> (Thumb, 0 bytes, Stack size unknown bytes, libinit2.o(.ARM.Collect$$libinit$$00000025))

<P><STRONG><a name="[94]"></a>__rt_lib_shutdown</STRONG> (Thumb, 0 bytes, Stack size unknown bytes, libshutdown.o(.ARM.Collect$$libshutdown$$00000000))
<BR><BR>[Called By]<UL><LI><a href="#[93]">&gt;&gt;</a>&nbsp;&nbsp;&nbsp;__rt_exit_ls
</UL>

<P><STRONG><a name="[2d1]"></a>__rt_lib_shutdown_cpp_1</STRONG> (Thumb, 0 bytes, Stack size unknown bytes, libshutdown2.o(.ARM.Collect$$libshutdown$$00000004))

<P><STRONG><a name="[2d2]"></a>__rt_lib_shutdown_fini_1</STRONG> (Thumb, 0 bytes, Stack size unknown bytes, libshutdown2.o(.ARM.Collect$$libshutdown$$00000002))

<P><STRONG><a name="[2d3]"></a>__rt_lib_shutdown_fp_trap_1</STRONG> (Thumb, 0 bytes, Stack size unknown bytes, libshutdown2.o(.ARM.Collect$$libshutdown$$00000009))

<P><STRONG><a name="[2d4]"></a>__rt_lib_shutdown_heap_1</STRONG> (Thumb, 0 bytes, Stack size unknown bytes, libshutdown2.o(.ARM.Collect$$libshutdown$$00000011))

<P><STRONG><a name="[2d5]"></a>__rt_lib_shutdown_return</STRONG> (Thumb, 0 bytes, Stack size unknown bytes, libshutdown2.o(.ARM.Collect$$libshutdown$$00000012))

<P><STRONG><a name="[2d6]"></a>__rt_lib_shutdown_signal_1</STRONG> (Thumb, 0 bytes, Stack size unknown bytes, libshutdown2.o(.ARM.Collect$$libshutdown$$0000000C))

<P><STRONG><a name="[2d7]"></a>__rt_lib_shutdown_stdio_1</STRONG> (Thumb, 0 bytes, Stack size unknown bytes, libshutdown2.o(.ARM.Collect$$libshutdown$$00000006))

<P><STRONG><a name="[2d8]"></a>__rt_lib_shutdown_user_alloc_1</STRONG> (Thumb, 0 bytes, Stack size unknown bytes, libshutdown2.o(.ARM.Collect$$libshutdown$$0000000E))

<P><STRONG><a name="[61]"></a>__rt_entry</STRONG> (Thumb, 0 bytes, Stack size unknown bytes, __rtentry.o(.ARM.Collect$$rtentry$$00000000))
<BR><BR>[Called By]<UL><LI><a href="#[5f]">&gt;&gt;</a>&nbsp;&nbsp;&nbsp;__main
<LI><a href="#[62]">&gt;&gt;</a>&nbsp;&nbsp;&nbsp;__scatterload_rt2
</UL>

<P><STRONG><a name="[2d9]"></a>__rt_entry_presh_1</STRONG> (Thumb, 0 bytes, Stack size unknown bytes, __rtentry2.o(.ARM.Collect$$rtentry$$00000002))

<P><STRONG><a name="[8c]"></a>__rt_entry_sh</STRONG> (Thumb, 0 bytes, Stack size unknown bytes, __rtentry4.o(.ARM.Collect$$rtentry$$00000004))
<BR><BR>[Stack]<UL><LI>Max Depth = 8 + Unknown Stack Size
<LI>Call Chain = __rt_entry_sh &rArr; __user_setup_stackheap
</UL>
<BR>[Calls]<UL><LI><a href="#[8d]">&gt;&gt;</a>&nbsp;&nbsp;&nbsp;__user_setup_stackheap
</UL>

<P><STRONG><a name="[8e]"></a>__rt_entry_li</STRONG> (Thumb, 0 bytes, Stack size unknown bytes, __rtentry2.o(.ARM.Collect$$rtentry$$0000000A))
<BR><BR>[Calls]<UL><LI><a href="#[8f]">&gt;&gt;</a>&nbsp;&nbsp;&nbsp;__rt_lib_init
</UL>

<P><STRONG><a name="[2da]"></a>__rt_entry_postsh_1</STRONG> (Thumb, 0 bytes, Stack size unknown bytes, __rtentry2.o(.ARM.Collect$$rtentry$$00000009))

<P><STRONG><a name="[90]"></a>__rt_entry_main</STRONG> (Thumb, 0 bytes, Stack size unknown bytes, __rtentry2.o(.ARM.Collect$$rtentry$$0000000D))
<BR><BR>[Stack]<UL><LI>Max Depth = 232 + Unknown Stack Size
<LI>Call Chain = __rt_entry_main &rArr; main &rArr; Hardware_Init &rArr; IR_Init &rArr; Timer_X_PWM_Init &rArr; MCU_Timer_PWM_Init &rArr; TIM_OC4Init
</UL>
<BR>[Calls]<UL><LI><a href="#[91]">&gt;&gt;</a>&nbsp;&nbsp;&nbsp;main
<LI><a href="#[92]">&gt;&gt;</a>&nbsp;&nbsp;&nbsp;exit
</UL>

<P><STRONG><a name="[2db]"></a>__rt_entry_postli_1</STRONG> (Thumb, 0 bytes, Stack size unknown bytes, __rtentry2.o(.ARM.Collect$$rtentry$$0000000C))

<P><STRONG><a name="[28a]"></a>__rt_exit</STRONG> (Thumb, 0 bytes, Stack size unknown bytes, rtexit.o(.ARM.Collect$$rtexit$$00000000))
<BR><BR>[Called By]<UL><LI><a href="#[92]">&gt;&gt;</a>&nbsp;&nbsp;&nbsp;exit
</UL>

<P><STRONG><a name="[93]"></a>__rt_exit_ls</STRONG> (Thumb, 0 bytes, Stack size unknown bytes, rtexit2.o(.ARM.Collect$$rtexit$$00000003))
<BR><BR>[Calls]<UL><LI><a href="#[94]">&gt;&gt;</a>&nbsp;&nbsp;&nbsp;__rt_lib_shutdown
</UL>

<P><STRONG><a name="[2dc]"></a>__rt_exit_prels_1</STRONG> (Thumb, 0 bytes, Stack size unknown bytes, rtexit2.o(.ARM.Collect$$rtexit$$00000002))

<P><STRONG><a name="[95]"></a>__rt_exit_exit</STRONG> (Thumb, 0 bytes, Stack size unknown bytes, rtexit2.o(.ARM.Collect$$rtexit$$00000004))
<BR><BR>[Calls]<UL><LI><a href="#[96]">&gt;&gt;</a>&nbsp;&nbsp;&nbsp;_sys_exit
</UL>

<P><STRONG><a name="[10]"></a>NMI_Handler</STRONG> (Thumb, 2 bytes, Stack size 0 bytes, stm32f10x_it.o(.text))
<BR>[Address Reference Count : 1]<UL><LI> startup_stm32f10x_hd.o(RESET)
</UL>
<P><STRONG><a name="[2dd]"></a>_maybe_terminate_alloc</STRONG> (Thumb, 0 bytes, Stack size 0 bytes, maybetermalloc1.o(.emb_text), UNUSED)

<P><STRONG><a name="[11]"></a>HardFault_Handler</STRONG> (Thumb, 24 bytes, Stack size 0 bytes, stm32f10x_it.o(.text))
<BR><BR>[Stack]<UL><LI>Max Depth = 160 + Unknown Stack Size
<LI>Call Chain = HardFault_Handler &rArr; UsartPrintf &rArr; vsprintf &rArr; _printf_char_common &rArr; __printf
</UL>
<BR>[Calls]<UL><LI><a href="#[97]">&gt;&gt;</a>&nbsp;&nbsp;&nbsp;UsartPrintf
</UL>
<BR>[Address Reference Count : 1]<UL><LI> startup_stm32f10x_hd.o(RESET)
</UL>
<P><STRONG><a name="[12]"></a>MemManage_Handler</STRONG> (Thumb, 12 bytes, Stack size 0 bytes, stm32f10x_it.o(.text))
<BR><BR>[Stack]<UL><LI>Max Depth = 160 + Unknown Stack Size
<LI>Call Chain = MemManage_Handler &rArr; UsartPrintf &rArr; vsprintf &rArr; _printf_char_common &rArr; __printf
</UL>
<BR>[Calls]<UL><LI><a href="#[97]">&gt;&gt;</a>&nbsp;&nbsp;&nbsp;UsartPrintf
</UL>
<BR>[Address Reference Count : 1]<UL><LI> startup_stm32f10x_hd.o(RESET)
</UL>
<P><STRONG><a name="[13]"></a>BusFault_Handler</STRONG> (Thumb, 12 bytes, Stack size 0 bytes, stm32f10x_it.o(.text))
<BR><BR>[Stack]<UL><LI>Max Depth = 160 + Unknown Stack Size
<LI>Call Chain = BusFault_Handler &rArr; UsartPrintf &rArr; vsprintf &rArr; _printf_char_common &rArr; __printf
</UL>
<BR>[Calls]<UL><LI><a href="#[97]">&gt;&gt;</a>&nbsp;&nbsp;&nbsp;UsartPrintf
</UL>
<BR>[Address Reference Count : 1]<UL><LI> startup_stm32f10x_hd.o(RESET)
</UL>
<P><STRONG><a name="[14]"></a>UsageFault_Handler</STRONG> (Thumb, 12 bytes, Stack size 0 bytes, stm32f10x_it.o(.text))
<BR><BR>[Stack]<UL><LI>Max Depth = 160 + Unknown Stack Size
<LI>Call Chain = UsageFault_Handler &rArr; UsartPrintf &rArr; vsprintf &rArr; _printf_char_common &rArr; __printf
</UL>
<BR>[Calls]<UL><LI><a href="#[97]">&gt;&gt;</a>&nbsp;&nbsp;&nbsp;UsartPrintf
</UL>
<BR>[Address Reference Count : 1]<UL><LI> startup_stm32f10x_hd.o(RESET)
</UL>
<P><STRONG><a name="[15]"></a>SVC_Handler</STRONG> (Thumb, 2 bytes, Stack size 0 bytes, stm32f10x_it.o(.text))
<BR>[Address Reference Count : 1]<UL><LI> startup_stm32f10x_hd.o(RESET)
</UL>
<P><STRONG><a name="[16]"></a>DebugMon_Handler</STRONG> (Thumb, 2 bytes, Stack size 0 bytes, stm32f10x_it.o(.text))
<BR>[Address Reference Count : 1]<UL><LI> startup_stm32f10x_hd.o(RESET)
</UL>
<P><STRONG><a name="[18]"></a>SysTick_Handler</STRONG> (Thumb, 2 bytes, Stack size 0 bytes, stm32f10x_it.o(.text))
<BR>[Address Reference Count : 1]<UL><LI> startup_stm32f10x_hd.o(RESET)
</UL>
<P><STRONG><a name="[1f]"></a>EXTI0_IRQHandler</STRONG> (Thumb, 2 bytes, Stack size 0 bytes, stm32f10x_it.o(.text))
<BR>[Address Reference Count : 1]<UL><LI> startup_stm32f10x_hd.o(RESET)
</UL>
<P><STRONG><a name="[55]"></a>SystemInit</STRONG> (Thumb, 78 bytes, Stack size 8 bytes, system_stm32f10x.o(.text))
<BR><BR>[Stack]<UL><LI>Max Depth = 28<LI>Call Chain = SystemInit &rArr; SetSysClock &rArr; SetSysClockTo72
</UL>
<BR>[Calls]<UL><LI><a href="#[98]">&gt;&gt;</a>&nbsp;&nbsp;&nbsp;SetSysClock
</UL>
<BR>[Address Reference Count : 1]<UL><LI> startup_stm32f10x_hd.o(.text)
</UL>
<P><STRONG><a name="[2de]"></a>SystemCoreClockUpdate</STRONG> (Thumb, 142 bytes, Stack size 8 bytes, system_stm32f10x.o(.text), UNUSED)

<P><STRONG><a name="[f]"></a>Reset_Handler</STRONG> (Thumb, 8 bytes, Stack size 0 bytes, startup_stm32f10x_hd.o(.text))
<BR>[Address Reference Count : 1]<UL><LI> startup_stm32f10x_hd.o(RESET)
</UL>
<P><STRONG><a name="[17]"></a>PendSV_Handler</STRONG> (Thumb, 2 bytes, Stack size 0 bytes, startup_stm32f10x_hd.o(.text))
<BR><BR>[Calls]<UL><LI><a href="#[17]">&gt;&gt;</a>&nbsp;&nbsp;&nbsp;PendSV_Handler
</UL>
<BR>[Called By]<UL><LI><a href="#[17]">&gt;&gt;</a>&nbsp;&nbsp;&nbsp;PendSV_Handler
</UL>
<BR>[Address Reference Count : 1]<UL><LI> startup_stm32f10x_hd.o(RESET)
</UL>
<P><STRONG><a name="[2b]"></a>ADC1_2_IRQHandler</STRONG> (Thumb, 0 bytes, Stack size 0 bytes, startup_stm32f10x_hd.o(.text))
<BR><BR>[Calls]<UL><LI><a href="#[2b]">&gt;&gt;</a>&nbsp;&nbsp;&nbsp;ADC1_2_IRQHandler
</UL>
<BR>[Called By]<UL><LI><a href="#[2b]">&gt;&gt;</a>&nbsp;&nbsp;&nbsp;ADC1_2_IRQHandler
</UL>
<BR>[Address Reference Count : 1]<UL><LI> startup_stm32f10x_hd.o(RESET)
</UL>
<P><STRONG><a name="[48]"></a>ADC3_IRQHandler</STRONG> (Thumb, 0 bytes, Stack size 0 bytes, startup_stm32f10x_hd.o(.text))
<BR>[Address Reference Count : 1]<UL><LI> startup_stm32f10x_hd.o(RESET)
</UL>
<P><STRONG><a name="[2e]"></a>CAN1_RX1_IRQHandler</STRONG> (Thumb, 0 bytes, Stack size 0 bytes, startup_stm32f10x_hd.o(.text))
<BR>[Address Reference Count : 1]<UL><LI> startup_stm32f10x_hd.o(RESET)
</UL>
<P><STRONG><a name="[2f]"></a>CAN1_SCE_IRQHandler</STRONG> (Thumb, 0 bytes, Stack size 0 bytes, startup_stm32f10x_hd.o(.text))
<BR>[Address Reference Count : 1]<UL><LI> startup_stm32f10x_hd.o(RESET)
</UL>
<P><STRONG><a name="[24]"></a>DMA1_Channel1_IRQHandler</STRONG> (Thumb, 0 bytes, Stack size 0 bytes, startup_stm32f10x_hd.o(.text))
<BR>[Address Reference Count : 1]<UL><LI> startup_stm32f10x_hd.o(RESET)
</UL>
<P><STRONG><a name="[25]"></a>DMA1_Channel2_IRQHandler</STRONG> (Thumb, 0 bytes, Stack size 0 bytes, startup_stm32f10x_hd.o(.text))
<BR>[Address Reference Count : 1]<UL><LI> startup_stm32f10x_hd.o(RESET)
</UL>
<P><STRONG><a name="[26]"></a>DMA1_Channel3_IRQHandler</STRONG> (Thumb, 0 bytes, Stack size 0 bytes, startup_stm32f10x_hd.o(.text))
<BR>[Address Reference Count : 1]<UL><LI> startup_stm32f10x_hd.o(RESET)
</UL>
<P><STRONG><a name="[27]"></a>DMA1_Channel4_IRQHandler</STRONG> (Thumb, 0 bytes, Stack size 0 bytes, startup_stm32f10x_hd.o(.text))
<BR>[Address Reference Count : 1]<UL><LI> startup_stm32f10x_hd.o(RESET)
</UL>
<P><STRONG><a name="[28]"></a>DMA1_Channel5_IRQHandler</STRONG> (Thumb, 0 bytes, Stack size 0 bytes, startup_stm32f10x_hd.o(.text))
<BR>[Address Reference Count : 1]<UL><LI> startup_stm32f10x_hd.o(RESET)
</UL>
<P><STRONG><a name="[2a]"></a>DMA1_Channel7_IRQHandler</STRONG> (Thumb, 0 bytes, Stack size 0 bytes, startup_stm32f10x_hd.o(.text))
<BR>[Address Reference Count : 1]<UL><LI> startup_stm32f10x_hd.o(RESET)
</UL>
<P><STRONG><a name="[51]"></a>DMA2_Channel1_IRQHandler</STRONG> (Thumb, 0 bytes, Stack size 0 bytes, startup_stm32f10x_hd.o(.text))
<BR>[Address Reference Count : 1]<UL><LI> startup_stm32f10x_hd.o(RESET)
</UL>
<P><STRONG><a name="[52]"></a>DMA2_Channel2_IRQHandler</STRONG> (Thumb, 0 bytes, Stack size 0 bytes, startup_stm32f10x_hd.o(.text))
<BR>[Address Reference Count : 1]<UL><LI> startup_stm32f10x_hd.o(RESET)
</UL>
<P><STRONG><a name="[53]"></a>DMA2_Channel3_IRQHandler</STRONG> (Thumb, 0 bytes, Stack size 0 bytes, startup_stm32f10x_hd.o(.text))
<BR>[Address Reference Count : 1]<UL><LI> startup_stm32f10x_hd.o(RESET)
</UL>
<P><STRONG><a name="[54]"></a>DMA2_Channel4_5_IRQHandler</STRONG> (Thumb, 0 bytes, Stack size 0 bytes, startup_stm32f10x_hd.o(.text))
<BR>[Address Reference Count : 1]<UL><LI> startup_stm32f10x_hd.o(RESET)
</UL>
<P><STRONG><a name="[41]"></a>EXTI15_10_IRQHandler</STRONG> (Thumb, 0 bytes, Stack size 0 bytes, startup_stm32f10x_hd.o(.text))
<BR>[Address Reference Count : 1]<UL><LI> startup_stm32f10x_hd.o(RESET)
</UL>
<P><STRONG><a name="[20]"></a>EXTI1_IRQHandler</STRONG> (Thumb, 0 bytes, Stack size 0 bytes, startup_stm32f10x_hd.o(.text))
<BR>[Address Reference Count : 1]<UL><LI> startup_stm32f10x_hd.o(RESET)
</UL>
<P><STRONG><a name="[21]"></a>EXTI2_IRQHandler</STRONG> (Thumb, 0 bytes, Stack size 0 bytes, startup_stm32f10x_hd.o(.text))
<BR>[Address Reference Count : 1]<UL><LI> startup_stm32f10x_hd.o(RESET)
</UL>
<P><STRONG><a name="[22]"></a>EXTI3_IRQHandler</STRONG> (Thumb, 0 bytes, Stack size 0 bytes, startup_stm32f10x_hd.o(.text))
<BR>[Address Reference Count : 1]<UL><LI> startup_stm32f10x_hd.o(RESET)
</UL>
<P><STRONG><a name="[23]"></a>EXTI4_IRQHandler</STRONG> (Thumb, 0 bytes, Stack size 0 bytes, startup_stm32f10x_hd.o(.text))
<BR>[Address Reference Count : 1]<UL><LI> startup_stm32f10x_hd.o(RESET)
</UL>
<P><STRONG><a name="[30]"></a>EXTI9_5_IRQHandler</STRONG> (Thumb, 0 bytes, Stack size 0 bytes, startup_stm32f10x_hd.o(.text))
<BR>[Address Reference Count : 1]<UL><LI> startup_stm32f10x_hd.o(RESET)
</UL>
<P><STRONG><a name="[1d]"></a>FLASH_IRQHandler</STRONG> (Thumb, 0 bytes, Stack size 0 bytes, startup_stm32f10x_hd.o(.text))
<BR>[Address Reference Count : 1]<UL><LI> startup_stm32f10x_hd.o(RESET)
</UL>
<P><STRONG><a name="[49]"></a>FSMC_IRQHandler</STRONG> (Thumb, 0 bytes, Stack size 0 bytes, startup_stm32f10x_hd.o(.text))
<BR>[Address Reference Count : 1]<UL><LI> startup_stm32f10x_hd.o(RESET)
</UL>
<P><STRONG><a name="[38]"></a>I2C1_EV_IRQHandler</STRONG> (Thumb, 0 bytes, Stack size 0 bytes, startup_stm32f10x_hd.o(.text))
<BR>[Address Reference Count : 1]<UL><LI> startup_stm32f10x_hd.o(RESET)
</UL>
<P><STRONG><a name="[3a]"></a>I2C2_EV_IRQHandler</STRONG> (Thumb, 0 bytes, Stack size 0 bytes, startup_stm32f10x_hd.o(.text))
<BR>[Address Reference Count : 1]<UL><LI> startup_stm32f10x_hd.o(RESET)
</UL>
<P><STRONG><a name="[1a]"></a>PVD_IRQHandler</STRONG> (Thumb, 0 bytes, Stack size 0 bytes, startup_stm32f10x_hd.o(.text))
<BR>[Address Reference Count : 1]<UL><LI> startup_stm32f10x_hd.o(RESET)
</UL>
<P><STRONG><a name="[1e]"></a>RCC_IRQHandler</STRONG> (Thumb, 0 bytes, Stack size 0 bytes, startup_stm32f10x_hd.o(.text))
<BR>[Address Reference Count : 1]<UL><LI> startup_stm32f10x_hd.o(RESET)
</UL>
<P><STRONG><a name="[4a]"></a>SDIO_IRQHandler</STRONG> (Thumb, 0 bytes, Stack size 0 bytes, startup_stm32f10x_hd.o(.text))
<BR>[Address Reference Count : 1]<UL><LI> startup_stm32f10x_hd.o(RESET)
</UL>
<P><STRONG><a name="[3c]"></a>SPI1_IRQHandler</STRONG> (Thumb, 0 bytes, Stack size 0 bytes, startup_stm32f10x_hd.o(.text))
<BR>[Address Reference Count : 1]<UL><LI> startup_stm32f10x_hd.o(RESET)
</UL>
<P><STRONG><a name="[3d]"></a>SPI2_IRQHandler</STRONG> (Thumb, 0 bytes, Stack size 0 bytes, startup_stm32f10x_hd.o(.text))
<BR>[Address Reference Count : 1]<UL><LI> startup_stm32f10x_hd.o(RESET)
</UL>
<P><STRONG><a name="[4c]"></a>SPI3_IRQHandler</STRONG> (Thumb, 0 bytes, Stack size 0 bytes, startup_stm32f10x_hd.o(.text))
<BR>[Address Reference Count : 1]<UL><LI> startup_stm32f10x_hd.o(RESET)
</UL>
<P><STRONG><a name="[1b]"></a>TAMPER_IRQHandler</STRONG> (Thumb, 0 bytes, Stack size 0 bytes, startup_stm32f10x_hd.o(.text))
<BR>[Address Reference Count : 1]<UL><LI> startup_stm32f10x_hd.o(RESET)
</UL>
<P><STRONG><a name="[31]"></a>TIM1_BRK_IRQHandler</STRONG> (Thumb, 0 bytes, Stack size 0 bytes, startup_stm32f10x_hd.o(.text))
<BR>[Address Reference Count : 1]<UL><LI> startup_stm32f10x_hd.o(RESET)
</UL>
<P><STRONG><a name="[34]"></a>TIM1_CC_IRQHandler</STRONG> (Thumb, 0 bytes, Stack size 0 bytes, startup_stm32f10x_hd.o(.text))
<BR>[Address Reference Count : 1]<UL><LI> startup_stm32f10x_hd.o(RESET)
</UL>
<P><STRONG><a name="[33]"></a>TIM1_TRG_COM_IRQHandler</STRONG> (Thumb, 0 bytes, Stack size 0 bytes, startup_stm32f10x_hd.o(.text))
<BR>[Address Reference Count : 1]<UL><LI> startup_stm32f10x_hd.o(RESET)
</UL>
<P><STRONG><a name="[44]"></a>TIM8_BRK_IRQHandler</STRONG> (Thumb, 0 bytes, Stack size 0 bytes, startup_stm32f10x_hd.o(.text))
<BR>[Address Reference Count : 1]<UL><LI> startup_stm32f10x_hd.o(RESET)
</UL>
<P><STRONG><a name="[47]"></a>TIM8_CC_IRQHandler</STRONG> (Thumb, 0 bytes, Stack size 0 bytes, startup_stm32f10x_hd.o(.text))
<BR>[Address Reference Count : 1]<UL><LI> startup_stm32f10x_hd.o(RESET)
</UL>
<P><STRONG><a name="[46]"></a>TIM8_TRG_COM_IRQHandler</STRONG> (Thumb, 0 bytes, Stack size 0 bytes, startup_stm32f10x_hd.o(.text))
<BR>[Address Reference Count : 1]<UL><LI> startup_stm32f10x_hd.o(RESET)
</UL>
<P><STRONG><a name="[4d]"></a>UART4_IRQHandler</STRONG> (Thumb, 0 bytes, Stack size 0 bytes, startup_stm32f10x_hd.o(.text))
<BR>[Address Reference Count : 1]<UL><LI> startup_stm32f10x_hd.o(RESET)
</UL>
<P><STRONG><a name="[4e]"></a>UART5_IRQHandler</STRONG> (Thumb, 0 bytes, Stack size 0 bytes, startup_stm32f10x_hd.o(.text))
<BR>[Address Reference Count : 1]<UL><LI> startup_stm32f10x_hd.o(RESET)
</UL>
<P><STRONG><a name="[40]"></a>USART3_IRQHandler</STRONG> (Thumb, 0 bytes, Stack size 0 bytes, startup_stm32f10x_hd.o(.text))
<BR>[Address Reference Count : 1]<UL><LI> startup_stm32f10x_hd.o(RESET)
</UL>
<P><STRONG><a name="[43]"></a>USBWakeUp_IRQHandler</STRONG> (Thumb, 0 bytes, Stack size 0 bytes, startup_stm32f10x_hd.o(.text))
<BR>[Address Reference Count : 1]<UL><LI> startup_stm32f10x_hd.o(RESET)
</UL>
<P><STRONG><a name="[2c]"></a>USB_HP_CAN1_TX_IRQHandler</STRONG> (Thumb, 0 bytes, Stack size 0 bytes, startup_stm32f10x_hd.o(.text))
<BR>[Address Reference Count : 1]<UL><LI> startup_stm32f10x_hd.o(RESET)
</UL>
<P><STRONG><a name="[2d]"></a>USB_LP_CAN1_RX0_IRQHandler</STRONG> (Thumb, 0 bytes, Stack size 0 bytes, startup_stm32f10x_hd.o(.text))
<BR>[Address Reference Count : 1]<UL><LI> startup_stm32f10x_hd.o(RESET)
</UL>
<P><STRONG><a name="[19]"></a>WWDG_IRQHandler</STRONG> (Thumb, 0 bytes, Stack size 0 bytes, startup_stm32f10x_hd.o(.text))
<BR>[Address Reference Count : 1]<UL><LI> startup_stm32f10x_hd.o(RESET)
</UL>
<P><STRONG><a name="[289]"></a>__user_initial_stackheap</STRONG> (Thumb, 0 bytes, Stack size unknown bytes, startup_stm32f10x_hd.o(.text))
<BR><BR>[Called By]<UL><LI><a href="#[8d]">&gt;&gt;</a>&nbsp;&nbsp;&nbsp;__user_setup_stackheap
</UL>

<P><STRONG><a name="[1a5]"></a>NVIC_PriorityGroupConfig</STRONG> (Thumb, 10 bytes, Stack size 0 bytes, misc.o(.text))
<BR><BR>[Called By]<UL><LI><a href="#[1a4]">&gt;&gt;</a>&nbsp;&nbsp;&nbsp;Hardware_Init
</UL>

<P><STRONG><a name="[d8]"></a>NVIC_Init</STRONG> (Thumb, 100 bytes, Stack size 16 bytes, misc.o(.text))
<BR><BR>[Stack]<UL><LI>Max Depth = 16<LI>Call Chain = NVIC_Init
</UL>
<BR>[Called By]<UL><LI><a href="#[d7]">&gt;&gt;</a>&nbsp;&nbsp;&nbsp;MCU_NVIC_Init
</UL>

<P><STRONG><a name="[2df]"></a>NVIC_SetVectorTable</STRONG> (Thumb, 14 bytes, Stack size 0 bytes, misc.o(.text), UNUSED)

<P><STRONG><a name="[2e0]"></a>NVIC_SystemLPConfig</STRONG> (Thumb, 34 bytes, Stack size 0 bytes, misc.o(.text), UNUSED)

<P><STRONG><a name="[2e1]"></a>SysTick_CLKSourceConfig</STRONG> (Thumb, 40 bytes, Stack size 0 bytes, misc.o(.text), UNUSED)

<P><STRONG><a name="[9a]"></a>GPIO_DeInit</STRONG> (Thumb, 172 bytes, Stack size 8 bytes, stm32f10x_gpio.o(.text), UNUSED)
<BR><BR>[Calls]<UL><LI><a href="#[9b]">&gt;&gt;</a>&nbsp;&nbsp;&nbsp;RCC_APB2PeriphResetCmd
</UL>

<P><STRONG><a name="[9c]"></a>GPIO_AFIODeInit</STRONG> (Thumb, 20 bytes, Stack size 8 bytes, stm32f10x_gpio.o(.text), UNUSED)
<BR><BR>[Calls]<UL><LI><a href="#[9b]">&gt;&gt;</a>&nbsp;&nbsp;&nbsp;RCC_APB2PeriphResetCmd
</UL>

<P><STRONG><a name="[d0]"></a>GPIO_Init</STRONG> (Thumb, 278 bytes, Stack size 24 bytes, stm32f10x_gpio.o(.text))
<BR><BR>[Stack]<UL><LI>Max Depth = 24<LI>Call Chain = GPIO_Init
</UL>
<BR>[Called By]<UL><LI><a href="#[cf]">&gt;&gt;</a>&nbsp;&nbsp;&nbsp;MCU_GPIO_Init
<LI><a href="#[17e]">&gt;&gt;</a>&nbsp;&nbsp;&nbsp;SPILCD_Init
<LI><a href="#[160]">&gt;&gt;</a>&nbsp;&nbsp;&nbsp;LCD1602_Init
</UL>

<P><STRONG><a name="[2e2]"></a>GPIO_StructInit</STRONG> (Thumb, 16 bytes, Stack size 0 bytes, stm32f10x_gpio.o(.text), UNUSED)

<P><STRONG><a name="[2e3]"></a>GPIO_ReadInputDataBit</STRONG> (Thumb, 18 bytes, Stack size 0 bytes, stm32f10x_gpio.o(.text), UNUSED)

<P><STRONG><a name="[2e4]"></a>GPIO_ReadInputData</STRONG> (Thumb, 8 bytes, Stack size 0 bytes, stm32f10x_gpio.o(.text), UNUSED)

<P><STRONG><a name="[2e5]"></a>GPIO_ReadOutputDataBit</STRONG> (Thumb, 18 bytes, Stack size 0 bytes, stm32f10x_gpio.o(.text), UNUSED)

<P><STRONG><a name="[15b]"></a>GPIO_ReadOutputData</STRONG> (Thumb, 8 bytes, Stack size 0 bytes, stm32f10x_gpio.o(.text))
<BR><BR>[Called By]<UL><LI><a href="#[15a]">&gt;&gt;</a>&nbsp;&nbsp;&nbsp;LCD1602_SendByte
</UL>

<P><STRONG><a name="[dc]"></a>GPIO_SetBits</STRONG> (Thumb, 4 bytes, Stack size 0 bytes, stm32f10x_gpio.o(.text))
<BR><BR>[Called By]<UL><LI><a href="#[de]">&gt;&gt;</a>&nbsp;&nbsp;&nbsp;MCU_SPIx_TX_Init
<LI><a href="#[db]">&gt;&gt;</a>&nbsp;&nbsp;&nbsp;MCU_SPIx_Init
</UL>

<P><STRONG><a name="[2e6]"></a>GPIO_ResetBits</STRONG> (Thumb, 4 bytes, Stack size 0 bytes, stm32f10x_gpio.o(.text), UNUSED)

<P><STRONG><a name="[2e7]"></a>GPIO_WriteBit</STRONG> (Thumb, 10 bytes, Stack size 0 bytes, stm32f10x_gpio.o(.text), UNUSED)

<P><STRONG><a name="[15c]"></a>GPIO_Write</STRONG> (Thumb, 4 bytes, Stack size 0 bytes, stm32f10x_gpio.o(.text))
<BR><BR>[Called By]<UL><LI><a href="#[15a]">&gt;&gt;</a>&nbsp;&nbsp;&nbsp;LCD1602_SendByte
</UL>

<P><STRONG><a name="[2e8]"></a>GPIO_PinLockConfig</STRONG> (Thumb, 18 bytes, Stack size 0 bytes, stm32f10x_gpio.o(.text), UNUSED)

<P><STRONG><a name="[2e9]"></a>GPIO_EventOutputConfig</STRONG> (Thumb, 26 bytes, Stack size 0 bytes, stm32f10x_gpio.o(.text), UNUSED)

<P><STRONG><a name="[2ea]"></a>GPIO_EventOutputCmd</STRONG> (Thumb, 6 bytes, Stack size 0 bytes, stm32f10x_gpio.o(.text), UNUSED)

<P><STRONG><a name="[d3]"></a>GPIO_PinRemapConfig</STRONG> (Thumb, 138 bytes, Stack size 20 bytes, stm32f10x_gpio.o(.text))
<BR><BR>[Stack]<UL><LI>Max Depth = 20<LI>Call Chain = GPIO_PinRemapConfig
</UL>
<BR>[Called By]<UL><LI><a href="#[d1]">&gt;&gt;</a>&nbsp;&nbsp;&nbsp;MCU_GPIO_SWJ_JTAGDisable
<LI><a href="#[17e]">&gt;&gt;</a>&nbsp;&nbsp;&nbsp;SPILCD_Init
</UL>

<P><STRONG><a name="[2eb]"></a>GPIO_EXTILineConfig</STRONG> (Thumb, 66 bytes, Stack size 12 bytes, stm32f10x_gpio.o(.text), UNUSED)

<P><STRONG><a name="[2ec]"></a>GPIO_ETH_MediaInterfaceConfig</STRONG> (Thumb, 8 bytes, Stack size 0 bytes, stm32f10x_gpio.o(.text), UNUSED)

<P><STRONG><a name="[2ed]"></a>RCC_DeInit</STRONG> (Thumb, 64 bytes, Stack size 0 bytes, stm32f10x_rcc.o(.text), UNUSED)

<P><STRONG><a name="[2ee]"></a>RCC_HSEConfig</STRONG> (Thumb, 70 bytes, Stack size 0 bytes, stm32f10x_rcc.o(.text), UNUSED)

<P><STRONG><a name="[9e]"></a>RCC_GetFlagStatus</STRONG> (Thumb, 56 bytes, Stack size 8 bytes, stm32f10x_rcc.o(.text))
<BR><BR>[Stack]<UL><LI>Max Depth = 8<LI>Call Chain = RCC_GetFlagStatus
</UL>
<BR>[Called By]<UL><LI><a href="#[9d]">&gt;&gt;</a>&nbsp;&nbsp;&nbsp;RCC_WaitForHSEStartUp
<LI><a href="#[1a4]">&gt;&gt;</a>&nbsp;&nbsp;&nbsp;Hardware_Init
</UL>

<P><STRONG><a name="[9d]"></a>RCC_WaitForHSEStartUp</STRONG> (Thumb, 56 bytes, Stack size 16 bytes, stm32f10x_rcc.o(.text), UNUSED)
<BR><BR>[Calls]<UL><LI><a href="#[9e]">&gt;&gt;</a>&nbsp;&nbsp;&nbsp;RCC_GetFlagStatus
</UL>

<P><STRONG><a name="[2ef]"></a>RCC_AdjustHSICalibrationValue</STRONG> (Thumb, 20 bytes, Stack size 0 bytes, stm32f10x_rcc.o(.text), UNUSED)

<P><STRONG><a name="[2f0]"></a>RCC_HSICmd</STRONG> (Thumb, 6 bytes, Stack size 0 bytes, stm32f10x_rcc.o(.text), UNUSED)

<P><STRONG><a name="[2f1]"></a>RCC_PLLConfig</STRONG> (Thumb, 24 bytes, Stack size 0 bytes, stm32f10x_rcc.o(.text), UNUSED)

<P><STRONG><a name="[2f2]"></a>RCC_PLLCmd</STRONG> (Thumb, 6 bytes, Stack size 0 bytes, stm32f10x_rcc.o(.text), UNUSED)

<P><STRONG><a name="[2f3]"></a>RCC_SYSCLKConfig</STRONG> (Thumb, 18 bytes, Stack size 0 bytes, stm32f10x_rcc.o(.text), UNUSED)

<P><STRONG><a name="[2f4]"></a>RCC_GetSYSCLKSource</STRONG> (Thumb, 10 bytes, Stack size 0 bytes, stm32f10x_rcc.o(.text), UNUSED)

<P><STRONG><a name="[2f5]"></a>RCC_HCLKConfig</STRONG> (Thumb, 18 bytes, Stack size 0 bytes, stm32f10x_rcc.o(.text), UNUSED)

<P><STRONG><a name="[2f6]"></a>RCC_PCLK1Config</STRONG> (Thumb, 18 bytes, Stack size 0 bytes, stm32f10x_rcc.o(.text), UNUSED)

<P><STRONG><a name="[2f7]"></a>RCC_PCLK2Config</STRONG> (Thumb, 20 bytes, Stack size 0 bytes, stm32f10x_rcc.o(.text), UNUSED)

<P><STRONG><a name="[2f8]"></a>RCC_ITConfig</STRONG> (Thumb, 26 bytes, Stack size 0 bytes, stm32f10x_rcc.o(.text), UNUSED)

<P><STRONG><a name="[2f9]"></a>RCC_USBCLKConfig</STRONG> (Thumb, 8 bytes, Stack size 0 bytes, stm32f10x_rcc.o(.text), UNUSED)

<P><STRONG><a name="[c3]"></a>RCC_ADCCLKConfig</STRONG> (Thumb, 18 bytes, Stack size 0 bytes, stm32f10x_rcc.o(.text))
<BR><BR>[Called By]<UL><LI><a href="#[c1]">&gt;&gt;</a>&nbsp;&nbsp;&nbsp;MCU_ADCx_Init
</UL>

<P><STRONG><a name="[2fa]"></a>RCC_LSEConfig</STRONG> (Thumb, 50 bytes, Stack size 0 bytes, stm32f10x_rcc.o(.text), UNUSED)

<P><STRONG><a name="[2fb]"></a>RCC_LSICmd</STRONG> (Thumb, 6 bytes, Stack size 0 bytes, stm32f10x_rcc.o(.text), UNUSED)

<P><STRONG><a name="[126]"></a>RCC_RTCCLKConfig</STRONG> (Thumb, 12 bytes, Stack size 0 bytes, stm32f10x_rcc.o(.text))
<BR><BR>[Called By]<UL><LI><a href="#[124]">&gt;&gt;</a>&nbsp;&nbsp;&nbsp;RTC_Init
</UL>

<P><STRONG><a name="[127]"></a>RCC_RTCCLKCmd</STRONG> (Thumb, 8 bytes, Stack size 0 bytes, stm32f10x_rcc.o(.text))
<BR><BR>[Called By]<UL><LI><a href="#[124]">&gt;&gt;</a>&nbsp;&nbsp;&nbsp;RTC_Init
</UL>

<P><STRONG><a name="[b3]"></a>RCC_GetClocksFreq</STRONG> (Thumb, 192 bytes, Stack size 12 bytes, stm32f10x_rcc.o(.text))
<BR><BR>[Stack]<UL><LI>Max Depth = 12<LI>Call Chain = RCC_GetClocksFreq
</UL>
<BR>[Called By]<UL><LI><a href="#[c0]">&gt;&gt;</a>&nbsp;&nbsp;&nbsp;I2C_Init
<LI><a href="#[be]">&gt;&gt;</a>&nbsp;&nbsp;&nbsp;I2S_Init
<LI><a href="#[b2]">&gt;&gt;</a>&nbsp;&nbsp;&nbsp;USART_Init
</UL>

<P><STRONG><a name="[da]"></a>RCC_AHBPeriphClockCmd</STRONG> (Thumb, 26 bytes, Stack size 0 bytes, stm32f10x_rcc.o(.text))
<BR><BR>[Called By]<UL><LI><a href="#[c2]">&gt;&gt;</a>&nbsp;&nbsp;&nbsp;MCU_RCC
</UL>

<P><STRONG><a name="[d2]"></a>RCC_APB2PeriphClockCmd</STRONG> (Thumb, 26 bytes, Stack size 0 bytes, stm32f10x_rcc.o(.text))
<BR><BR>[Called By]<UL><LI><a href="#[d1]">&gt;&gt;</a>&nbsp;&nbsp;&nbsp;MCU_GPIO_SWJ_JTAGDisable
<LI><a href="#[c2]">&gt;&gt;</a>&nbsp;&nbsp;&nbsp;MCU_RCC
<LI><a href="#[17e]">&gt;&gt;</a>&nbsp;&nbsp;&nbsp;SPILCD_Init
<LI><a href="#[160]">&gt;&gt;</a>&nbsp;&nbsp;&nbsp;LCD1602_Init
</UL>

<P><STRONG><a name="[d9]"></a>RCC_APB1PeriphClockCmd</STRONG> (Thumb, 26 bytes, Stack size 0 bytes, stm32f10x_rcc.o(.text))
<BR><BR>[Called By]<UL><LI><a href="#[c2]">&gt;&gt;</a>&nbsp;&nbsp;&nbsp;MCU_RCC
<LI><a href="#[12c]">&gt;&gt;</a>&nbsp;&nbsp;&nbsp;RTC_SetTime
<LI><a href="#[124]">&gt;&gt;</a>&nbsp;&nbsp;&nbsp;RTC_Init
</UL>

<P><STRONG><a name="[9b]"></a>RCC_APB2PeriphResetCmd</STRONG> (Thumb, 26 bytes, Stack size 0 bytes, stm32f10x_rcc.o(.text))
<BR><BR>[Called By]<UL><LI><a href="#[bd]">&gt;&gt;</a>&nbsp;&nbsp;&nbsp;SPI_I2S_DeInit
<LI><a href="#[b4]">&gt;&gt;</a>&nbsp;&nbsp;&nbsp;ADC_DeInit
<LI><a href="#[b1]">&gt;&gt;</a>&nbsp;&nbsp;&nbsp;USART_DeInit
<LI><a href="#[9f]">&gt;&gt;</a>&nbsp;&nbsp;&nbsp;TIM_DeInit
<LI><a href="#[9c]">&gt;&gt;</a>&nbsp;&nbsp;&nbsp;GPIO_AFIODeInit
<LI><a href="#[9a]">&gt;&gt;</a>&nbsp;&nbsp;&nbsp;GPIO_DeInit
</UL>

<P><STRONG><a name="[a0]"></a>RCC_APB1PeriphResetCmd</STRONG> (Thumb, 26 bytes, Stack size 0 bytes, stm32f10x_rcc.o(.text))
<BR><BR>[Called By]<UL><LI><a href="#[bf]">&gt;&gt;</a>&nbsp;&nbsp;&nbsp;I2C_DeInit
<LI><a href="#[bd]">&gt;&gt;</a>&nbsp;&nbsp;&nbsp;SPI_I2S_DeInit
<LI><a href="#[b7]">&gt;&gt;</a>&nbsp;&nbsp;&nbsp;PWR_DeInit
<LI><a href="#[b1]">&gt;&gt;</a>&nbsp;&nbsp;&nbsp;USART_DeInit
<LI><a href="#[9f]">&gt;&gt;</a>&nbsp;&nbsp;&nbsp;TIM_DeInit
</UL>

<P><STRONG><a name="[b6]"></a>RCC_BackupResetCmd</STRONG> (Thumb, 8 bytes, Stack size 0 bytes, stm32f10x_rcc.o(.text))
<BR><BR>[Called By]<UL><LI><a href="#[b5]">&gt;&gt;</a>&nbsp;&nbsp;&nbsp;BKP_DeInit
</UL>

<P><STRONG><a name="[2fc]"></a>RCC_ClockSecuritySystemCmd</STRONG> (Thumb, 6 bytes, Stack size 0 bytes, stm32f10x_rcc.o(.text), UNUSED)

<P><STRONG><a name="[2fd]"></a>RCC_MCOConfig</STRONG> (Thumb, 6 bytes, Stack size 0 bytes, stm32f10x_rcc.o(.text), UNUSED)

<P><STRONG><a name="[1a8]"></a>RCC_ClearFlag</STRONG> (Thumb, 14 bytes, Stack size 0 bytes, stm32f10x_rcc.o(.text))
<BR><BR>[Called By]<UL><LI><a href="#[1a4]">&gt;&gt;</a>&nbsp;&nbsp;&nbsp;Hardware_Init
</UL>

<P><STRONG><a name="[2fe]"></a>RCC_GetITStatus</STRONG> (Thumb, 20 bytes, Stack size 0 bytes, stm32f10x_rcc.o(.text), UNUSED)

<P><STRONG><a name="[2ff]"></a>RCC_ClearITPendingBit</STRONG> (Thumb, 6 bytes, Stack size 0 bytes, stm32f10x_rcc.o(.text), UNUSED)

<P><STRONG><a name="[9f]"></a>TIM_DeInit</STRONG> (Thumb, 424 bytes, Stack size 8 bytes, stm32f10x_tim.o(.text), UNUSED)
<BR><BR>[Calls]<UL><LI><a href="#[a0]">&gt;&gt;</a>&nbsp;&nbsp;&nbsp;RCC_APB1PeriphResetCmd
<LI><a href="#[9b]">&gt;&gt;</a>&nbsp;&nbsp;&nbsp;RCC_APB2PeriphResetCmd
</UL>

<P><STRONG><a name="[e0]"></a>TIM_TimeBaseInit</STRONG> (Thumb, 122 bytes, Stack size 0 bytes, stm32f10x_tim.o(.text))
<BR><BR>[Called By]<UL><LI><a href="#[df]">&gt;&gt;</a>&nbsp;&nbsp;&nbsp;MCU_TIMER_Base_Init
</UL>

<P><STRONG><a name="[e2]"></a>TIM_OC1Init</STRONG> (Thumb, 132 bytes, Stack size 16 bytes, stm32f10x_tim.o(.text))
<BR><BR>[Stack]<UL><LI>Max Depth = 16<LI>Call Chain = TIM_OC1Init
</UL>
<BR>[Called By]<UL><LI><a href="#[e1]">&gt;&gt;</a>&nbsp;&nbsp;&nbsp;MCU_Timer_PWM_Init
</UL>

<P><STRONG><a name="[e4]"></a>TIM_OC2Init</STRONG> (Thumb, 154 bytes, Stack size 16 bytes, stm32f10x_tim.o(.text))
<BR><BR>[Stack]<UL><LI>Max Depth = 16<LI>Call Chain = TIM_OC2Init
</UL>
<BR>[Called By]<UL><LI><a href="#[e1]">&gt;&gt;</a>&nbsp;&nbsp;&nbsp;MCU_Timer_PWM_Init
</UL>

<P><STRONG><a name="[e6]"></a>TIM_OC3Init</STRONG> (Thumb, 150 bytes, Stack size 16 bytes, stm32f10x_tim.o(.text))
<BR><BR>[Stack]<UL><LI>Max Depth = 16<LI>Call Chain = TIM_OC3Init
</UL>
<BR>[Called By]<UL><LI><a href="#[e1]">&gt;&gt;</a>&nbsp;&nbsp;&nbsp;MCU_Timer_PWM_Init
</UL>

<P><STRONG><a name="[e8]"></a>TIM_OC4Init</STRONG> (Thumb, 182 bytes, Stack size 16 bytes, stm32f10x_tim.o(.text))
<BR><BR>[Stack]<UL><LI>Max Depth = 16<LI>Call Chain = TIM_OC4Init
</UL>
<BR>[Called By]<UL><LI><a href="#[e1]">&gt;&gt;</a>&nbsp;&nbsp;&nbsp;MCU_Timer_PWM_Init
</UL>

<P><STRONG><a name="[a9]"></a>TIM_SetIC4Prescaler</STRONG> (Thumb, 26 bytes, Stack size 0 bytes, stm32f10x_tim.o(.text), UNUSED)
<BR><BR>[Called By]<UL><LI><a href="#[a1]">&gt;&gt;</a>&nbsp;&nbsp;&nbsp;TIM_ICInit
</UL>

<P><STRONG><a name="[a7]"></a>TIM_SetIC3Prescaler</STRONG> (Thumb, 18 bytes, Stack size 0 bytes, stm32f10x_tim.o(.text), UNUSED)
<BR><BR>[Called By]<UL><LI><a href="#[a1]">&gt;&gt;</a>&nbsp;&nbsp;&nbsp;TIM_ICInit
</UL>

<P><STRONG><a name="[a5]"></a>TIM_SetIC2Prescaler</STRONG> (Thumb, 26 bytes, Stack size 0 bytes, stm32f10x_tim.o(.text), UNUSED)
<BR><BR>[Called By]<UL><LI><a href="#[aa]">&gt;&gt;</a>&nbsp;&nbsp;&nbsp;TIM_PWMIConfig
<LI><a href="#[a1]">&gt;&gt;</a>&nbsp;&nbsp;&nbsp;TIM_ICInit
</UL>

<P><STRONG><a name="[a3]"></a>TIM_SetIC1Prescaler</STRONG> (Thumb, 18 bytes, Stack size 0 bytes, stm32f10x_tim.o(.text), UNUSED)
<BR><BR>[Called By]<UL><LI><a href="#[aa]">&gt;&gt;</a>&nbsp;&nbsp;&nbsp;TIM_PWMIConfig
<LI><a href="#[a1]">&gt;&gt;</a>&nbsp;&nbsp;&nbsp;TIM_ICInit
</UL>

<P><STRONG><a name="[a1]"></a>TIM_ICInit</STRONG> (Thumb, 150 bytes, Stack size 16 bytes, stm32f10x_tim.o(.text), UNUSED)
<BR><BR>[Calls]<UL><LI><a href="#[a3]">&gt;&gt;</a>&nbsp;&nbsp;&nbsp;TIM_SetIC1Prescaler
<LI><a href="#[a5]">&gt;&gt;</a>&nbsp;&nbsp;&nbsp;TIM_SetIC2Prescaler
<LI><a href="#[a7]">&gt;&gt;</a>&nbsp;&nbsp;&nbsp;TIM_SetIC3Prescaler
<LI><a href="#[a9]">&gt;&gt;</a>&nbsp;&nbsp;&nbsp;TIM_SetIC4Prescaler
<LI><a href="#[a2]">&gt;&gt;</a>&nbsp;&nbsp;&nbsp;TI1_Config
<LI><a href="#[a4]">&gt;&gt;</a>&nbsp;&nbsp;&nbsp;TI2_Config
<LI><a href="#[a6]">&gt;&gt;</a>&nbsp;&nbsp;&nbsp;TI3_Config
<LI><a href="#[a8]">&gt;&gt;</a>&nbsp;&nbsp;&nbsp;TI4_Config
</UL>

<P><STRONG><a name="[aa]"></a>TIM_PWMIConfig</STRONG> (Thumb, 124 bytes, Stack size 24 bytes, stm32f10x_tim.o(.text), UNUSED)
<BR><BR>[Calls]<UL><LI><a href="#[a3]">&gt;&gt;</a>&nbsp;&nbsp;&nbsp;TIM_SetIC1Prescaler
<LI><a href="#[a5]">&gt;&gt;</a>&nbsp;&nbsp;&nbsp;TIM_SetIC2Prescaler
<LI><a href="#[a2]">&gt;&gt;</a>&nbsp;&nbsp;&nbsp;TI1_Config
<LI><a href="#[a4]">&gt;&gt;</a>&nbsp;&nbsp;&nbsp;TI2_Config
</UL>

<P><STRONG><a name="[300]"></a>TIM_BDTRConfig</STRONG> (Thumb, 32 bytes, Stack size 0 bytes, stm32f10x_tim.o(.text), UNUSED)

<P><STRONG><a name="[301]"></a>TIM_TimeBaseStructInit</STRONG> (Thumb, 18 bytes, Stack size 0 bytes, stm32f10x_tim.o(.text), UNUSED)

<P><STRONG><a name="[302]"></a>TIM_OCStructInit</STRONG> (Thumb, 20 bytes, Stack size 0 bytes, stm32f10x_tim.o(.text), UNUSED)

<P><STRONG><a name="[303]"></a>TIM_ICStructInit</STRONG> (Thumb, 18 bytes, Stack size 0 bytes, stm32f10x_tim.o(.text), UNUSED)

<P><STRONG><a name="[304]"></a>TIM_BDTRStructInit</STRONG> (Thumb, 40 bytes, Stack size 0 bytes, stm32f10x_tim.o(.text), UNUSED)

<P><STRONG><a name="[106]"></a>TIM_Cmd</STRONG> (Thumb, 24 bytes, Stack size 0 bytes, stm32f10x_tim.o(.text))
<BR><BR>[Called By]<UL><LI><a href="#[19e]">&gt;&gt;</a>&nbsp;&nbsp;&nbsp;IR_Init
<LI><a href="#[107]">&gt;&gt;</a>&nbsp;&nbsp;&nbsp;Timer_X_PWM_Init
<LI><a href="#[104]">&gt;&gt;</a>&nbsp;&nbsp;&nbsp;Timer_X_Init
</UL>

<P><STRONG><a name="[ea]"></a>TIM_CtrlPWMOutputs</STRONG> (Thumb, 30 bytes, Stack size 0 bytes, stm32f10x_tim.o(.text))
<BR><BR>[Called By]<UL><LI><a href="#[e1]">&gt;&gt;</a>&nbsp;&nbsp;&nbsp;MCU_Timer_PWM_Init
</UL>

<P><STRONG><a name="[105]"></a>TIM_ITConfig</STRONG> (Thumb, 18 bytes, Stack size 0 bytes, stm32f10x_tim.o(.text))
<BR><BR>[Called By]<UL><LI><a href="#[104]">&gt;&gt;</a>&nbsp;&nbsp;&nbsp;Timer_X_Init
</UL>

<P><STRONG><a name="[305]"></a>TIM_GenerateEvent</STRONG> (Thumb, 4 bytes, Stack size 0 bytes, stm32f10x_tim.o(.text), UNUSED)

<P><STRONG><a name="[306]"></a>TIM_DMAConfig</STRONG> (Thumb, 10 bytes, Stack size 0 bytes, stm32f10x_tim.o(.text), UNUSED)

<P><STRONG><a name="[307]"></a>TIM_DMACmd</STRONG> (Thumb, 18 bytes, Stack size 0 bytes, stm32f10x_tim.o(.text), UNUSED)

<P><STRONG><a name="[308]"></a>TIM_InternalClockConfig</STRONG> (Thumb, 12 bytes, Stack size 0 bytes, stm32f10x_tim.o(.text), UNUSED)

<P><STRONG><a name="[ac]"></a>TIM_SelectInputTrigger</STRONG> (Thumb, 18 bytes, Stack size 0 bytes, stm32f10x_tim.o(.text), UNUSED)
<BR><BR>[Called By]<UL><LI><a href="#[ad]">&gt;&gt;</a>&nbsp;&nbsp;&nbsp;TIM_TIxExternalClockConfig
<LI><a href="#[ab]">&gt;&gt;</a>&nbsp;&nbsp;&nbsp;TIM_ITRxExternalClockConfig
</UL>

<P><STRONG><a name="[ab]"></a>TIM_ITRxExternalClockConfig</STRONG> (Thumb, 24 bytes, Stack size 12 bytes, stm32f10x_tim.o(.text), UNUSED)
<BR><BR>[Calls]<UL><LI><a href="#[ac]">&gt;&gt;</a>&nbsp;&nbsp;&nbsp;TIM_SelectInputTrigger
</UL>

<P><STRONG><a name="[ad]"></a>TIM_TIxExternalClockConfig</STRONG> (Thumb, 62 bytes, Stack size 24 bytes, stm32f10x_tim.o(.text), UNUSED)
<BR><BR>[Calls]<UL><LI><a href="#[ac]">&gt;&gt;</a>&nbsp;&nbsp;&nbsp;TIM_SelectInputTrigger
<LI><a href="#[a2]">&gt;&gt;</a>&nbsp;&nbsp;&nbsp;TI1_Config
<LI><a href="#[a4]">&gt;&gt;</a>&nbsp;&nbsp;&nbsp;TI2_Config
</UL>

<P><STRONG><a name="[af]"></a>TIM_ETRConfig</STRONG> (Thumb, 28 bytes, Stack size 12 bytes, stm32f10x_tim.o(.text), UNUSED)
<BR><BR>[Called By]<UL><LI><a href="#[b0]">&gt;&gt;</a>&nbsp;&nbsp;&nbsp;TIM_ETRClockMode2Config
<LI><a href="#[ae]">&gt;&gt;</a>&nbsp;&nbsp;&nbsp;TIM_ETRClockMode1Config
</UL>

<P><STRONG><a name="[ae]"></a>TIM_ETRClockMode1Config</STRONG> (Thumb, 54 bytes, Stack size 24 bytes, stm32f10x_tim.o(.text), UNUSED)
<BR><BR>[Calls]<UL><LI><a href="#[af]">&gt;&gt;</a>&nbsp;&nbsp;&nbsp;TIM_ETRConfig
</UL>

<P><STRONG><a name="[b0]"></a>TIM_ETRClockMode2Config</STRONG> (Thumb, 32 bytes, Stack size 20 bytes, stm32f10x_tim.o(.text), UNUSED)
<BR><BR>[Calls]<UL><LI><a href="#[af]">&gt;&gt;</a>&nbsp;&nbsp;&nbsp;TIM_ETRConfig
</UL>

<P><STRONG><a name="[309]"></a>TIM_PrescalerConfig</STRONG> (Thumb, 6 bytes, Stack size 0 bytes, stm32f10x_tim.o(.text), UNUSED)

<P><STRONG><a name="[30a]"></a>TIM_CounterModeConfig</STRONG> (Thumb, 18 bytes, Stack size 0 bytes, stm32f10x_tim.o(.text), UNUSED)

<P><STRONG><a name="[30b]"></a>TIM_EncoderInterfaceConfig</STRONG> (Thumb, 66 bytes, Stack size 20 bytes, stm32f10x_tim.o(.text), UNUSED)

<P><STRONG><a name="[30c]"></a>TIM_ForcedOC1Config</STRONG> (Thumb, 18 bytes, Stack size 0 bytes, stm32f10x_tim.o(.text), UNUSED)

<P><STRONG><a name="[30d]"></a>TIM_ForcedOC2Config</STRONG> (Thumb, 26 bytes, Stack size 0 bytes, stm32f10x_tim.o(.text), UNUSED)

<P><STRONG><a name="[30e]"></a>TIM_ForcedOC3Config</STRONG> (Thumb, 18 bytes, Stack size 0 bytes, stm32f10x_tim.o(.text), UNUSED)

<P><STRONG><a name="[30f]"></a>TIM_ForcedOC4Config</STRONG> (Thumb, 26 bytes, Stack size 0 bytes, stm32f10x_tim.o(.text), UNUSED)

<P><STRONG><a name="[eb]"></a>TIM_ARRPreloadConfig</STRONG> (Thumb, 24 bytes, Stack size 0 bytes, stm32f10x_tim.o(.text))
<BR><BR>[Called By]<UL><LI><a href="#[e1]">&gt;&gt;</a>&nbsp;&nbsp;&nbsp;MCU_Timer_PWM_Init
</UL>

<P><STRONG><a name="[310]"></a>TIM_SelectCOM</STRONG> (Thumb, 24 bytes, Stack size 0 bytes, stm32f10x_tim.o(.text), UNUSED)

<P><STRONG><a name="[311]"></a>TIM_SelectCCDMA</STRONG> (Thumb, 24 bytes, Stack size 0 bytes, stm32f10x_tim.o(.text), UNUSED)

<P><STRONG><a name="[312]"></a>TIM_CCPreloadControl</STRONG> (Thumb, 24 bytes, Stack size 0 bytes, stm32f10x_tim.o(.text), UNUSED)

<P><STRONG><a name="[e3]"></a>TIM_OC1PreloadConfig</STRONG> (Thumb, 18 bytes, Stack size 0 bytes, stm32f10x_tim.o(.text))
<BR><BR>[Called By]<UL><LI><a href="#[e1]">&gt;&gt;</a>&nbsp;&nbsp;&nbsp;MCU_Timer_PWM_Init
</UL>

<P><STRONG><a name="[e5]"></a>TIM_OC2PreloadConfig</STRONG> (Thumb, 26 bytes, Stack size 0 bytes, stm32f10x_tim.o(.text))
<BR><BR>[Called By]<UL><LI><a href="#[e1]">&gt;&gt;</a>&nbsp;&nbsp;&nbsp;MCU_Timer_PWM_Init
</UL>

<P><STRONG><a name="[e7]"></a>TIM_OC3PreloadConfig</STRONG> (Thumb, 18 bytes, Stack size 0 bytes, stm32f10x_tim.o(.text))
<BR><BR>[Called By]<UL><LI><a href="#[e1]">&gt;&gt;</a>&nbsp;&nbsp;&nbsp;MCU_Timer_PWM_Init
</UL>

<P><STRONG><a name="[e9]"></a>TIM_OC4PreloadConfig</STRONG> (Thumb, 26 bytes, Stack size 0 bytes, stm32f10x_tim.o(.text))
<BR><BR>[Called By]<UL><LI><a href="#[e1]">&gt;&gt;</a>&nbsp;&nbsp;&nbsp;MCU_Timer_PWM_Init
</UL>

<P><STRONG><a name="[313]"></a>TIM_OC1FastConfig</STRONG> (Thumb, 18 bytes, Stack size 0 bytes, stm32f10x_tim.o(.text), UNUSED)

<P><STRONG><a name="[314]"></a>TIM_OC2FastConfig</STRONG> (Thumb, 26 bytes, Stack size 0 bytes, stm32f10x_tim.o(.text), UNUSED)

<P><STRONG><a name="[315]"></a>TIM_OC3FastConfig</STRONG> (Thumb, 18 bytes, Stack size 0 bytes, stm32f10x_tim.o(.text), UNUSED)

<P><STRONG><a name="[316]"></a>TIM_OC4FastConfig</STRONG> (Thumb, 26 bytes, Stack size 0 bytes, stm32f10x_tim.o(.text), UNUSED)

<P><STRONG><a name="[317]"></a>TIM_ClearOC1Ref</STRONG> (Thumb, 18 bytes, Stack size 0 bytes, stm32f10x_tim.o(.text), UNUSED)

<P><STRONG><a name="[318]"></a>TIM_ClearOC2Ref</STRONG> (Thumb, 24 bytes, Stack size 0 bytes, stm32f10x_tim.o(.text), UNUSED)

<P><STRONG><a name="[319]"></a>TIM_ClearOC3Ref</STRONG> (Thumb, 18 bytes, Stack size 0 bytes, stm32f10x_tim.o(.text), UNUSED)

<P><STRONG><a name="[31a]"></a>TIM_ClearOC4Ref</STRONG> (Thumb, 24 bytes, Stack size 0 bytes, stm32f10x_tim.o(.text), UNUSED)

<P><STRONG><a name="[31b]"></a>TIM_OC1PolarityConfig</STRONG> (Thumb, 18 bytes, Stack size 0 bytes, stm32f10x_tim.o(.text), UNUSED)

<P><STRONG><a name="[31c]"></a>TIM_OC1NPolarityConfig</STRONG> (Thumb, 18 bytes, Stack size 0 bytes, stm32f10x_tim.o(.text), UNUSED)

<P><STRONG><a name="[31d]"></a>TIM_OC2PolarityConfig</STRONG> (Thumb, 26 bytes, Stack size 0 bytes, stm32f10x_tim.o(.text), UNUSED)

<P><STRONG><a name="[31e]"></a>TIM_OC2NPolarityConfig</STRONG> (Thumb, 26 bytes, Stack size 0 bytes, stm32f10x_tim.o(.text), UNUSED)

<P><STRONG><a name="[31f]"></a>TIM_OC3PolarityConfig</STRONG> (Thumb, 26 bytes, Stack size 0 bytes, stm32f10x_tim.o(.text), UNUSED)

<P><STRONG><a name="[320]"></a>TIM_OC3NPolarityConfig</STRONG> (Thumb, 26 bytes, Stack size 0 bytes, stm32f10x_tim.o(.text), UNUSED)

<P><STRONG><a name="[321]"></a>TIM_OC4PolarityConfig</STRONG> (Thumb, 26 bytes, Stack size 0 bytes, stm32f10x_tim.o(.text), UNUSED)

<P><STRONG><a name="[322]"></a>TIM_CCxCmd</STRONG> (Thumb, 30 bytes, Stack size 12 bytes, stm32f10x_tim.o(.text), UNUSED)

<P><STRONG><a name="[323]"></a>TIM_CCxNCmd</STRONG> (Thumb, 30 bytes, Stack size 12 bytes, stm32f10x_tim.o(.text), UNUSED)

<P><STRONG><a name="[324]"></a>TIM_SelectOCxM</STRONG> (Thumb, 82 bytes, Stack size 16 bytes, stm32f10x_tim.o(.text), UNUSED)

<P><STRONG><a name="[325]"></a>TIM_UpdateDisableConfig</STRONG> (Thumb, 24 bytes, Stack size 0 bytes, stm32f10x_tim.o(.text), UNUSED)

<P><STRONG><a name="[326]"></a>TIM_UpdateRequestConfig</STRONG> (Thumb, 24 bytes, Stack size 0 bytes, stm32f10x_tim.o(.text), UNUSED)

<P><STRONG><a name="[327]"></a>TIM_SelectHallSensor</STRONG> (Thumb, 24 bytes, Stack size 0 bytes, stm32f10x_tim.o(.text), UNUSED)

<P><STRONG><a name="[328]"></a>TIM_SelectOnePulseMode</STRONG> (Thumb, 18 bytes, Stack size 0 bytes, stm32f10x_tim.o(.text), UNUSED)

<P><STRONG><a name="[329]"></a>TIM_SelectOutputTrigger</STRONG> (Thumb, 18 bytes, Stack size 0 bytes, stm32f10x_tim.o(.text), UNUSED)

<P><STRONG><a name="[32a]"></a>TIM_SelectSlaveMode</STRONG> (Thumb, 18 bytes, Stack size 0 bytes, stm32f10x_tim.o(.text), UNUSED)

<P><STRONG><a name="[32b]"></a>TIM_SelectMasterSlaveMode</STRONG> (Thumb, 18 bytes, Stack size 0 bytes, stm32f10x_tim.o(.text), UNUSED)

<P><STRONG><a name="[1a0]"></a>TIM_SetCounter</STRONG> (Thumb, 4 bytes, Stack size 0 bytes, stm32f10x_tim.o(.text))
<BR><BR>[Called By]<UL><LI><a href="#[19e]">&gt;&gt;</a>&nbsp;&nbsp;&nbsp;IR_Init
</UL>

<P><STRONG><a name="[32c]"></a>TIM_SetAutoreload</STRONG> (Thumb, 4 bytes, Stack size 0 bytes, stm32f10x_tim.o(.text), UNUSED)

<P><STRONG><a name="[32d]"></a>TIM_SetCompare1</STRONG> (Thumb, 4 bytes, Stack size 0 bytes, stm32f10x_tim.o(.text), UNUSED)

<P><STRONG><a name="[1b6]"></a>TIM_SetCompare2</STRONG> (Thumb, 4 bytes, Stack size 0 bytes, stm32f10x_tim.o(.text))
<BR><BR>[Called By]<UL><LI><a href="#[1b5]">&gt;&gt;</a>&nbsp;&nbsp;&nbsp;BREATH_Task
</UL>

<P><STRONG><a name="[1b7]"></a>TIM_SetCompare3</STRONG> (Thumb, 4 bytes, Stack size 0 bytes, stm32f10x_tim.o(.text))
<BR><BR>[Called By]<UL><LI><a href="#[1b5]">&gt;&gt;</a>&nbsp;&nbsp;&nbsp;BREATH_Task
</UL>

<P><STRONG><a name="[17d]"></a>TIM_SetCompare4</STRONG> (Thumb, 6 bytes, Stack size 0 bytes, stm32f10x_tim.o(.text))
<BR><BR>[Called By]<UL><LI><a href="#[19e]">&gt;&gt;</a>&nbsp;&nbsp;&nbsp;IR_Init
<LI><a href="#[17c]">&gt;&gt;</a>&nbsp;&nbsp;&nbsp;SPILCD_BL_Ctl
</UL>

<P><STRONG><a name="[32e]"></a>TIM_SetClockDivision</STRONG> (Thumb, 18 bytes, Stack size 0 bytes, stm32f10x_tim.o(.text), UNUSED)

<P><STRONG><a name="[32f]"></a>TIM_GetCapture1</STRONG> (Thumb, 6 bytes, Stack size 0 bytes, stm32f10x_tim.o(.text), UNUSED)

<P><STRONG><a name="[330]"></a>TIM_GetCapture2</STRONG> (Thumb, 6 bytes, Stack size 0 bytes, stm32f10x_tim.o(.text), UNUSED)

<P><STRONG><a name="[331]"></a>TIM_GetCapture3</STRONG> (Thumb, 6 bytes, Stack size 0 bytes, stm32f10x_tim.o(.text), UNUSED)

<P><STRONG><a name="[332]"></a>TIM_GetCapture4</STRONG> (Thumb, 8 bytes, Stack size 0 bytes, stm32f10x_tim.o(.text), UNUSED)

<P><STRONG><a name="[333]"></a>TIM_GetCounter</STRONG> (Thumb, 6 bytes, Stack size 0 bytes, stm32f10x_tim.o(.text), UNUSED)

<P><STRONG><a name="[334]"></a>TIM_GetPrescaler</STRONG> (Thumb, 6 bytes, Stack size 0 bytes, stm32f10x_tim.o(.text), UNUSED)

<P><STRONG><a name="[335]"></a>TIM_GetFlagStatus</STRONG> (Thumb, 18 bytes, Stack size 0 bytes, stm32f10x_tim.o(.text), UNUSED)

<P><STRONG><a name="[336]"></a>TIM_ClearFlag</STRONG> (Thumb, 6 bytes, Stack size 0 bytes, stm32f10x_tim.o(.text), UNUSED)

<P><STRONG><a name="[108]"></a>TIM_GetITStatus</STRONG> (Thumb, 34 bytes, Stack size 12 bytes, stm32f10x_tim.o(.text))
<BR><BR>[Stack]<UL><LI>Max Depth = 12<LI>Call Chain = TIM_GetITStatus
</UL>
<BR>[Called By]<UL><LI><a href="#[4f]">&gt;&gt;</a>&nbsp;&nbsp;&nbsp;TIM6_IRQHandler
<LI><a href="#[45]">&gt;&gt;</a>&nbsp;&nbsp;&nbsp;TIM8_UP_IRQHandler
<LI><a href="#[4b]">&gt;&gt;</a>&nbsp;&nbsp;&nbsp;TIM5_IRQHandler
<LI><a href="#[37]">&gt;&gt;</a>&nbsp;&nbsp;&nbsp;TIM4_IRQHandler
<LI><a href="#[36]">&gt;&gt;</a>&nbsp;&nbsp;&nbsp;TIM3_IRQHandler
<LI><a href="#[35]">&gt;&gt;</a>&nbsp;&nbsp;&nbsp;TIM2_IRQHandler
<LI><a href="#[32]">&gt;&gt;</a>&nbsp;&nbsp;&nbsp;TIM1_UP_IRQHandler
<LI><a href="#[50]">&gt;&gt;</a>&nbsp;&nbsp;&nbsp;TIM7_IRQHandler
</UL>

<P><STRONG><a name="[109]"></a>TIM_ClearITPendingBit</STRONG> (Thumb, 6 bytes, Stack size 0 bytes, stm32f10x_tim.o(.text))
<BR><BR>[Called By]<UL><LI><a href="#[4f]">&gt;&gt;</a>&nbsp;&nbsp;&nbsp;TIM6_IRQHandler
<LI><a href="#[45]">&gt;&gt;</a>&nbsp;&nbsp;&nbsp;TIM8_UP_IRQHandler
<LI><a href="#[4b]">&gt;&gt;</a>&nbsp;&nbsp;&nbsp;TIM5_IRQHandler
<LI><a href="#[37]">&gt;&gt;</a>&nbsp;&nbsp;&nbsp;TIM4_IRQHandler
<LI><a href="#[36]">&gt;&gt;</a>&nbsp;&nbsp;&nbsp;TIM3_IRQHandler
<LI><a href="#[35]">&gt;&gt;</a>&nbsp;&nbsp;&nbsp;TIM2_IRQHandler
<LI><a href="#[32]">&gt;&gt;</a>&nbsp;&nbsp;&nbsp;TIM1_UP_IRQHandler
</UL>

<P><STRONG><a name="[b1]"></a>USART_DeInit</STRONG> (Thumb, 134 bytes, Stack size 8 bytes, stm32f10x_usart.o(.text), UNUSED)
<BR><BR>[Calls]<UL><LI><a href="#[a0]">&gt;&gt;</a>&nbsp;&nbsp;&nbsp;RCC_APB1PeriphResetCmd
<LI><a href="#[9b]">&gt;&gt;</a>&nbsp;&nbsp;&nbsp;RCC_APB2PeriphResetCmd
</UL>

<P><STRONG><a name="[b2]"></a>USART_Init</STRONG> (Thumb, 210 bytes, Stack size 56 bytes, stm32f10x_usart.o(.text))
<BR><BR>[Stack]<UL><LI>Max Depth = 68<LI>Call Chain = USART_Init &rArr; RCC_GetClocksFreq
</UL>
<BR>[Calls]<UL><LI><a href="#[b3]">&gt;&gt;</a>&nbsp;&nbsp;&nbsp;RCC_GetClocksFreq
</UL>
<BR>[Called By]<UL><LI><a href="#[ec]">&gt;&gt;</a>&nbsp;&nbsp;&nbsp;MCU_USART_Init
</UL>

<P><STRONG><a name="[337]"></a>USART_StructInit</STRONG> (Thumb, 24 bytes, Stack size 0 bytes, stm32f10x_usart.o(.text), UNUSED)

<P><STRONG><a name="[338]"></a>USART_ClockInit</STRONG> (Thumb, 34 bytes, Stack size 8 bytes, stm32f10x_usart.o(.text), UNUSED)

<P><STRONG><a name="[339]"></a>USART_ClockStructInit</STRONG> (Thumb, 12 bytes, Stack size 0 bytes, stm32f10x_usart.o(.text), UNUSED)

<P><STRONG><a name="[142]"></a>USART_Cmd</STRONG> (Thumb, 24 bytes, Stack size 0 bytes, stm32f10x_usart.o(.text))
<BR><BR>[Called By]<UL><LI><a href="#[145]">&gt;&gt;</a>&nbsp;&nbsp;&nbsp;Usart2_Init
<LI><a href="#[141]">&gt;&gt;</a>&nbsp;&nbsp;&nbsp;Usart1_Init
</UL>

<P><STRONG><a name="[143]"></a>USART_ITConfig</STRONG> (Thumb, 74 bytes, Stack size 20 bytes, stm32f10x_usart.o(.text))
<BR><BR>[Stack]<UL><LI>Max Depth = 20<LI>Call Chain = USART_ITConfig
</UL>
<BR>[Called By]<UL><LI><a href="#[145]">&gt;&gt;</a>&nbsp;&nbsp;&nbsp;Usart2_Init
<LI><a href="#[141]">&gt;&gt;</a>&nbsp;&nbsp;&nbsp;Usart1_Init
</UL>

<P><STRONG><a name="[144]"></a>USART_DMACmd</STRONG> (Thumb, 18 bytes, Stack size 0 bytes, stm32f10x_usart.o(.text))
<BR><BR>[Called By]<UL><LI><a href="#[145]">&gt;&gt;</a>&nbsp;&nbsp;&nbsp;Usart2_Init
<LI><a href="#[141]">&gt;&gt;</a>&nbsp;&nbsp;&nbsp;Usart1_Init
</UL>

<P><STRONG><a name="[33a]"></a>USART_SetAddress</STRONG> (Thumb, 18 bytes, Stack size 0 bytes, stm32f10x_usart.o(.text), UNUSED)

<P><STRONG><a name="[33b]"></a>USART_WakeUpConfig</STRONG> (Thumb, 18 bytes, Stack size 0 bytes, stm32f10x_usart.o(.text), UNUSED)

<P><STRONG><a name="[33c]"></a>USART_ReceiverWakeUpCmd</STRONG> (Thumb, 24 bytes, Stack size 0 bytes, stm32f10x_usart.o(.text), UNUSED)

<P><STRONG><a name="[33d]"></a>USART_LINBreakDetectLengthConfig</STRONG> (Thumb, 18 bytes, Stack size 0 bytes, stm32f10x_usart.o(.text), UNUSED)

<P><STRONG><a name="[33e]"></a>USART_LINCmd</STRONG> (Thumb, 24 bytes, Stack size 0 bytes, stm32f10x_usart.o(.text), UNUSED)

<P><STRONG><a name="[33f]"></a>USART_SendData</STRONG> (Thumb, 8 bytes, Stack size 0 bytes, stm32f10x_usart.o(.text), UNUSED)

<P><STRONG><a name="[340]"></a>USART_ReceiveData</STRONG> (Thumb, 10 bytes, Stack size 0 bytes, stm32f10x_usart.o(.text), UNUSED)

<P><STRONG><a name="[341]"></a>USART_SendBreak</STRONG> (Thumb, 10 bytes, Stack size 0 bytes, stm32f10x_usart.o(.text), UNUSED)

<P><STRONG><a name="[342]"></a>USART_SetGuardTime</STRONG> (Thumb, 16 bytes, Stack size 0 bytes, stm32f10x_usart.o(.text), UNUSED)

<P><STRONG><a name="[343]"></a>USART_SetPrescaler</STRONG> (Thumb, 16 bytes, Stack size 0 bytes, stm32f10x_usart.o(.text), UNUSED)

<P><STRONG><a name="[344]"></a>USART_SmartCardCmd</STRONG> (Thumb, 24 bytes, Stack size 0 bytes, stm32f10x_usart.o(.text), UNUSED)

<P><STRONG><a name="[345]"></a>USART_SmartCardNACKCmd</STRONG> (Thumb, 24 bytes, Stack size 0 bytes, stm32f10x_usart.o(.text), UNUSED)

<P><STRONG><a name="[346]"></a>USART_HalfDuplexCmd</STRONG> (Thumb, 24 bytes, Stack size 0 bytes, stm32f10x_usart.o(.text), UNUSED)

<P><STRONG><a name="[347]"></a>USART_OverSampling8Cmd</STRONG> (Thumb, 22 bytes, Stack size 0 bytes, stm32f10x_usart.o(.text), UNUSED)

<P><STRONG><a name="[348]"></a>USART_OneBitMethodCmd</STRONG> (Thumb, 24 bytes, Stack size 0 bytes, stm32f10x_usart.o(.text), UNUSED)

<P><STRONG><a name="[349]"></a>USART_IrDAConfig</STRONG> (Thumb, 18 bytes, Stack size 0 bytes, stm32f10x_usart.o(.text), UNUSED)

<P><STRONG><a name="[34a]"></a>USART_IrDACmd</STRONG> (Thumb, 24 bytes, Stack size 0 bytes, stm32f10x_usart.o(.text), UNUSED)

<P><STRONG><a name="[14e]"></a>USART_GetFlagStatus</STRONG> (Thumb, 26 bytes, Stack size 0 bytes, stm32f10x_usart.o(.text))
<BR><BR>[Called By]<UL><LI><a href="#[3e]">&gt;&gt;</a>&nbsp;&nbsp;&nbsp;USART1_IRQHandler
<LI><a href="#[3f]">&gt;&gt;</a>&nbsp;&nbsp;&nbsp;USART2_IRQHandler
</UL>

<P><STRONG><a name="[14f]"></a>USART_ClearFlag</STRONG> (Thumb, 18 bytes, Stack size 0 bytes, stm32f10x_usart.o(.text))
<BR><BR>[Called By]<UL><LI><a href="#[3e]">&gt;&gt;</a>&nbsp;&nbsp;&nbsp;USART1_IRQHandler
<LI><a href="#[3f]">&gt;&gt;</a>&nbsp;&nbsp;&nbsp;USART2_IRQHandler
</UL>

<P><STRONG><a name="[34b]"></a>USART_GetITStatus</STRONG> (Thumb, 84 bytes, Stack size 16 bytes, stm32f10x_usart.o(.text), UNUSED)

<P><STRONG><a name="[34c]"></a>USART_ClearITPendingBit</STRONG> (Thumb, 52 bytes, Stack size 8 bytes, stm32f10x_usart.o(.text), UNUSED)

<P><STRONG><a name="[b4]"></a>ADC_DeInit</STRONG> (Thumb, 78 bytes, Stack size 8 bytes, stm32f10x_adc.o(.text))
<BR><BR>[Stack]<UL><LI>Max Depth = 8<LI>Call Chain = ADC_DeInit
</UL>
<BR>[Calls]<UL><LI><a href="#[9b]">&gt;&gt;</a>&nbsp;&nbsp;&nbsp;RCC_APB2PeriphResetCmd
</UL>
<BR>[Called By]<UL><LI><a href="#[c1]">&gt;&gt;</a>&nbsp;&nbsp;&nbsp;MCU_ADCx_Init
</UL>

<P><STRONG><a name="[c4]"></a>ADC_Init</STRONG> (Thumb, 70 bytes, Stack size 12 bytes, stm32f10x_adc.o(.text))
<BR><BR>[Stack]<UL><LI>Max Depth = 12<LI>Call Chain = ADC_Init
</UL>
<BR>[Called By]<UL><LI><a href="#[c1]">&gt;&gt;</a>&nbsp;&nbsp;&nbsp;MCU_ADCx_Init
</UL>

<P><STRONG><a name="[34d]"></a>ADC_StructInit</STRONG> (Thumb, 18 bytes, Stack size 0 bytes, stm32f10x_adc.o(.text), UNUSED)

<P><STRONG><a name="[c7]"></a>ADC_Cmd</STRONG> (Thumb, 22 bytes, Stack size 0 bytes, stm32f10x_adc.o(.text))
<BR><BR>[Called By]<UL><LI><a href="#[c1]">&gt;&gt;</a>&nbsp;&nbsp;&nbsp;MCU_ADCx_Init
</UL>

<P><STRONG><a name="[f1]"></a>ADC_DMACmd</STRONG> (Thumb, 22 bytes, Stack size 0 bytes, stm32f10x_adc.o(.text))
<BR><BR>[Called By]<UL><LI><a href="#[ef]">&gt;&gt;</a>&nbsp;&nbsp;&nbsp;ADCx_Init
</UL>

<P><STRONG><a name="[34e]"></a>ADC_ITConfig</STRONG> (Thumb, 24 bytes, Stack size 8 bytes, stm32f10x_adc.o(.text), UNUSED)

<P><STRONG><a name="[c8]"></a>ADC_ResetCalibration</STRONG> (Thumb, 10 bytes, Stack size 0 bytes, stm32f10x_adc.o(.text))
<BR><BR>[Called By]<UL><LI><a href="#[c1]">&gt;&gt;</a>&nbsp;&nbsp;&nbsp;MCU_ADCx_Init
</UL>

<P><STRONG><a name="[c9]"></a>ADC_GetResetCalibrationStatus</STRONG> (Thumb, 20 bytes, Stack size 0 bytes, stm32f10x_adc.o(.text))
<BR><BR>[Called By]<UL><LI><a href="#[c1]">&gt;&gt;</a>&nbsp;&nbsp;&nbsp;MCU_ADCx_Init
</UL>

<P><STRONG><a name="[ca]"></a>ADC_StartCalibration</STRONG> (Thumb, 10 bytes, Stack size 0 bytes, stm32f10x_adc.o(.text))
<BR><BR>[Called By]<UL><LI><a href="#[c1]">&gt;&gt;</a>&nbsp;&nbsp;&nbsp;MCU_ADCx_Init
</UL>

<P><STRONG><a name="[cb]"></a>ADC_GetCalibrationStatus</STRONG> (Thumb, 20 bytes, Stack size 0 bytes, stm32f10x_adc.o(.text))
<BR><BR>[Called By]<UL><LI><a href="#[c1]">&gt;&gt;</a>&nbsp;&nbsp;&nbsp;MCU_ADCx_Init
</UL>

<P><STRONG><a name="[f2]"></a>ADC_SoftwareStartConvCmd</STRONG> (Thumb, 22 bytes, Stack size 0 bytes, stm32f10x_adc.o(.text))
[...]
<BR><BR>[Stack]<UL><LI>Max Depth = 8<LI>Call Chain = ADXL362_Delay
</UL>
<BR>[Calls]<UL><LI><a href="#[157]">&gt;&gt;</a>&nbsp;&nbsp;&nbsp;DelayXms
</UL>
<BR>[Called By]<UL><LI><a href="#[197]">&gt;&gt;</a>&nbsp;&nbsp;&nbsp;ADXL362_GetValue
<LI><a href="#[196]">&gt;&gt;</a>&nbsp;&nbsp;&nbsp;ADXL362_SetOutputRate
<LI><a href="#[195]">&gt;&gt;</a>&nbsp;&nbsp;&nbsp;ADXL362_SetRange
<LI><a href="#[193]">&gt;&gt;</a>&nbsp;&nbsp;&nbsp;ADXL362_SetPowerMode
</UL>

<P><STRONG><a name="[1a2]"></a>IR_IsBusReady</STRONG> (Thumb, 18 bytes, Stack size 0 bytes, ir.o(.text), UNUSED)
<BR><BR>[Called By]<UL><LI><a href="#[1a3]">&gt;&gt;</a>&nbsp;&nbsp;&nbsp;IR_SendStop
<LI><a href="#[1a1]">&gt;&gt;</a>&nbsp;&nbsp;&nbsp;IR_SendFreq
</UL>

<P><STRONG><a name="[1d0]"></a>NET_Task_GetMcuSerial</STRONG> (Thumb, 44 bytes, Stack size 16 bytes, net_task.o(.text))
<BR><BR>[Stack]<UL><LI>Max Depth = 160 + Unknown Stack Size
<LI>Call Chain = NET_Task_GetMcuSerial &rArr; __2snprintf &rArr; _printf_char_common &rArr; __printf
</UL>
<BR>[Calls]<UL><LI><a href="#[1d1]">&gt;&gt;</a>&nbsp;&nbsp;&nbsp;tlsf_malloc
<LI><a href="#[1b2]">&gt;&gt;</a>&nbsp;&nbsp;&nbsp;__2snprintf
</UL>
<BR>[Called By]<UL><LI><a href="#[1e7]">&gt;&gt;</a>&nbsp;&nbsp;&nbsp;NET_Task
</UL>

<P><STRONG><a name="[21e]"></a>print_hexstring</STRONG> (Thumb, 96 bytes, Stack size 24 bytes, protocol_parser.o(.text))
<BR><BR>[Stack]<UL><LI>Max Depth = 168 + Unknown Stack Size
<LI>Call Chain = print_hexstring &rArr; __2snprintf &rArr; _printf_char_common &rArr; __printf
</UL>
<BR>[Calls]<UL><LI><a href="#[21f]">&gt;&gt;</a>&nbsp;&nbsp;&nbsp;strcat
<LI><a href="#[1b2]">&gt;&gt;</a>&nbsp;&nbsp;&nbsp;__2snprintf
</UL>
<BR>[Called By]<UL><LI><a href="#[231]">&gt;&gt;</a>&nbsp;&nbsp;&nbsp;Protocol_Parser_PublishComp
<LI><a href="#[230]">&gt;&gt;</a>&nbsp;&nbsp;&nbsp;Protocol_Parser_PublishRel
<LI><a href="#[22f]">&gt;&gt;</a>&nbsp;&nbsp;&nbsp;Protocol_Parser_PublishRec
<LI><a href="#[22e]">&gt;&gt;</a>&nbsp;&nbsp;&nbsp;Protocol_Parser_UnSubscribeResp
<LI><a href="#[22d]">&gt;&gt;</a>&nbsp;&nbsp;&nbsp;Protocol_Parser_SubscribeResp
<LI><a href="#[22c]">&gt;&gt;</a>&nbsp;&nbsp;&nbsp;Protocol_Parser_PublishResp
<LI><a href="#[22a]">&gt;&gt;</a>&nbsp;&nbsp;&nbsp;Protocol_Parser_ConnectResp
<LI><a href="#[228]">&gt;&gt;</a>&nbsp;&nbsp;&nbsp;Protocol_Parser_UnSubscribe
<LI><a href="#[227]">&gt;&gt;</a>&nbsp;&nbsp;&nbsp;Protocol_Parser_Subscribe
<LI><a href="#[226]">&gt;&gt;</a>&nbsp;&nbsp;&nbsp;Protocol_Parser_Publish
<LI><a href="#[222]">&gt;&gt;</a>&nbsp;&nbsp;&nbsp;Protocol_Parser_Connect
</UL>

<P><STRONG><a name="[220]"></a>print_ascii</STRONG> (Thumb, 84 bytes, Stack size 24 bytes, protocol_parser.o(.text))
<BR><BR>[Stack]<UL><LI>Max Depth = 168 + Unknown Stack Size
<LI>Call Chain = print_ascii &rArr; __2snprintf &rArr; _printf_char_common &rArr; __printf
</UL>
<BR>[Calls]<UL><LI><a href="#[21f]">&gt;&gt;</a>&nbsp;&nbsp;&nbsp;strcat
<LI><a href="#[1b2]">&gt;&gt;</a>&nbsp;&nbsp;&nbsp;__2snprintf
<LI><a href="#[221]">&gt;&gt;</a>&nbsp;&nbsp;&nbsp;__rt_ctype_table
</UL>
<BR>[Called By]<UL><LI><a href="#[228]">&gt;&gt;</a>&nbsp;&nbsp;&nbsp;Protocol_Parser_UnSubscribe
<LI><a href="#[227]">&gt;&gt;</a>&nbsp;&nbsp;&nbsp;Protocol_Parser_Subscribe
<LI><a href="#[226]">&gt;&gt;</a>&nbsp;&nbsp;&nbsp;Protocol_Parser_Publish
<LI><a href="#[222]">&gt;&gt;</a>&nbsp;&nbsp;&nbsp;Protocol_Parser_Connect
</UL>

<P><STRONG><a name="[223]"></a>MQTT_ReadLength</STRONG> (Thumb, 70 bytes, Stack size 20 bytes, protocol_parser.o(.text))
<BR><BR>[Stack]<UL><LI>Max Depth = 20<LI>Call Chain = MQTT_ReadLength
</UL>
<BR>[Called By]<UL><LI><a href="#[231]">&gt;&gt;</a>&nbsp;&nbsp;&nbsp;Protocol_Parser_PublishComp
<LI><a href="#[230]">&gt;&gt;</a>&nbsp;&nbsp;&nbsp;Protocol_Parser_PublishRel
<LI><a href="#[22f]">&gt;&gt;</a>&nbsp;&nbsp;&nbsp;Protocol_Parser_PublishRec
<LI><a href="#[22e]">&gt;&gt;</a>&nbsp;&nbsp;&nbsp;Protocol_Parser_UnSubscribeResp
<LI><a href="#[22d]">&gt;&gt;</a>&nbsp;&nbsp;&nbsp;Protocol_Parser_SubscribeResp
<LI><a href="#[22c]">&gt;&gt;</a>&nbsp;&nbsp;&nbsp;Protocol_Parser_PublishResp
<LI><a href="#[22a]">&gt;&gt;</a>&nbsp;&nbsp;&nbsp;Protocol_Parser_ConnectResp
<LI><a href="#[228]">&gt;&gt;</a>&nbsp;&nbsp;&nbsp;Protocol_Parser_UnSubscribe
<LI><a href="#[227]">&gt;&gt;</a>&nbsp;&nbsp;&nbsp;Protocol_Parser_Subscribe
<LI><a href="#[226]">&gt;&gt;</a>&nbsp;&nbsp;&nbsp;Protocol_Parser_Publish
<LI><a href="#[222]">&gt;&gt;</a>&nbsp;&nbsp;&nbsp;Protocol_Parser_Connect
</UL>

<P><STRONG><a name="[224]"></a>check_devid</STRONG> (Thumb, 44 bytes, Stack size 0 bytes, protocol_parser.o(.text))
<BR><BR>[Called By]<UL><LI><a href="#[222]">&gt;&gt;</a>&nbsp;&nbsp;&nbsp;Protocol_Parser_Connect
</UL>

<P><STRONG><a name="[222]"></a>Protocol_Parser_Connect</STRONG> (Thumb, 1702 bytes, Stack size 48 bytes, protocol_parser.o(.text))
<BR><BR>[Stack]<UL><LI>Max Depth = 216 + Unknown Stack Size
<LI>Call Chain = Protocol_Parser_Connect &rArr; print_ascii &rArr; __2snprintf &rArr; _printf_char_common &rArr; __printf
</UL>
<BR>[Calls]<UL><LI><a href="#[14d]">&gt;&gt;</a>&nbsp;&nbsp;&nbsp;DebugPrintf
<LI><a href="#[224]">&gt;&gt;</a>&nbsp;&nbsp;&nbsp;check_devid
<LI><a href="#[223]">&gt;&gt;</a>&nbsp;&nbsp;&nbsp;MQTT_ReadLength
<LI><a href="#[220]">&gt;&gt;</a>&nbsp;&nbsp;&nbsp;print_ascii
<LI><a href="#[21e]">&gt;&gt;</a>&nbsp;&nbsp;&nbsp;print_hexstring
</UL>
<BR>[Called By]<UL><LI><a href="#[1f6]">&gt;&gt;</a>&nbsp;&nbsp;&nbsp;Protocol_Parser_Print
</UL>

<P><STRONG><a name="[225]"></a>Protocol_Parser_DisConnect</STRONG> (Thumb, 92 bytes, Stack size 24 bytes, protocol_parser.o(.text))
<BR><BR>[Stack]<UL><LI>Max Depth = 176 + Unknown Stack Size
<LI>Call Chain = Protocol_Parser_DisConnect &rArr; DebugPrintf &rArr; vsprintf &rArr; _printf_char_common &rArr; __printf
</UL>
<BR>[Calls]<UL><LI><a href="#[14d]">&gt;&gt;</a>&nbsp;&nbsp;&nbsp;DebugPrintf
</UL>
<BR>[Called By]<UL><LI><a href="#[1f6]">&gt;&gt;</a>&nbsp;&nbsp;&nbsp;Protocol_Parser_Print
</UL>

<P><STRONG><a name="[226]"></a>Protocol_Parser_Publish</STRONG> (Thumb, 1328 bytes, Stack size 56 bytes, protocol_parser.o(.text))
<BR><BR>[Stack]<UL><LI>Max Depth = 224 + Unknown Stack Size
<LI>Call Chain = Protocol_Parser_Publish &rArr; print_ascii &rArr; __2snprintf &rArr; _printf_char_common &rArr; __printf
</UL>
<BR>[Calls]<UL><LI><a href="#[14d]">&gt;&gt;</a>&nbsp;&nbsp;&nbsp;DebugPrintf
<LI><a href="#[223]">&gt;&gt;</a>&nbsp;&nbsp;&nbsp;MQTT_ReadLength
<LI><a href="#[220]">&gt;&gt;</a>&nbsp;&nbsp;&nbsp;print_ascii
<LI><a href="#[21e]">&gt;&gt;</a>&nbsp;&nbsp;&nbsp;print_hexstring
</UL>
<BR>[Called By]<UL><LI><a href="#[1f6]">&gt;&gt;</a>&nbsp;&nbsp;&nbsp;Protocol_Parser_Print
</UL>

<P><STRONG><a name="[227]"></a>Protocol_Parser_Subscribe</STRONG> (Thumb, 338 bytes, Stack size 40 bytes, protocol_parser.o(.text))
<BR><BR>[Stack]<UL><LI>Max Depth = 208 + Unknown Stack Size
<LI>Call Chain = Protocol_Parser_Subscribe &rArr; print_ascii &rArr; __2snprintf &rArr; _printf_char_common &rArr; __printf
</UL>
<BR>[Calls]<UL><LI><a href="#[14d]">&gt;&gt;</a>&nbsp;&nbsp;&nbsp;DebugPrintf
<LI><a href="#[223]">&gt;&gt;</a>&nbsp;&nbsp;&nbsp;MQTT_ReadLength
<LI><a href="#[220]">&gt;&gt;</a>&nbsp;&nbsp;&nbsp;print_ascii
<LI><a href="#[21e]">&gt;&gt;</a>&nbsp;&nbsp;&nbsp;print_hexstring
</UL>
<BR>[Called By]<UL><LI><a href="#[1f6]">&gt;&gt;</a>&nbsp;&nbsp;&nbsp;Protocol_Parser_Print
</UL>

<P><STRONG><a name="[228]"></a>Protocol_Parser_UnSubscribe</STRONG> (Thumb, 290 bytes, Stack size 40 bytes, protocol_parser.o(.text))
<BR><BR>[Stack]<UL><LI>Max Depth = 208 + Unknown Stack Size
<LI>Call Chain = Protocol_Parser_UnSubscribe &rArr; print_ascii &rArr; __2snprintf &rArr; _printf_char_common &rArr; __printf
</UL>
<BR>[Calls]<UL><LI><a href="#[14d]">&gt;&gt;</a>&nbsp;&nbsp;&nbsp;DebugPrintf
<LI><a href="#[223]">&gt;&gt;</a>&nbsp;&nbsp;&nbsp;MQTT_ReadLength
<LI><a href="#[220]">&gt;&gt;</a>&nbsp;&nbsp;&nbsp;print_ascii
<LI><a href="#[21e]">&gt;&gt;</a>&nbsp;&nbsp;&nbsp;print_hexstring
</UL>
<BR>[Called By]<UL><LI><a href="#[1f6]">&gt;&gt;</a>&nbsp;&nbsp;&nbsp;Protocol_Parser_Print
</UL>

<P><STRONG><a name="[229]"></a>Protocol_Parser_Ping</STRONG> (Thumb, 94 bytes, Stack size 24 bytes, protocol_parser.o(.text))
<BR><BR>[Stack]<UL><LI>Max Depth = 176 + Unknown Stack Size
<LI>Call Chain = Protocol_Parser_Ping &rArr; DebugPrintf &rArr; vsprintf &rArr; _printf_char_common &rArr; __printf
</UL>
<BR>[Calls]<UL><LI><a href="#[14d]">&gt;&gt;</a>&nbsp;&nbsp;&nbsp;DebugPrintf
</UL>
<BR>[Called By]<UL><LI><a href="#[1f6]">&gt;&gt;</a>&nbsp;&nbsp;&nbsp;Protocol_Parser_Print
</UL>

<P><STRONG><a name="[22a]"></a>Protocol_Parser_ConnectResp</STRONG> (Thumb, 212 bytes, Stack size 32 bytes, protocol_parser.o(.text))
<BR><BR>[Stack]<UL><LI>Max Depth = 200 + Unknown Stack Size
<LI>Call Chain = Protocol_Parser_ConnectResp &rArr; print_hexstring &rArr; __2snprintf &rArr; _printf_char_common &rArr; __printf
</UL>
<BR>[Calls]<UL><LI><a href="#[14d]">&gt;&gt;</a>&nbsp;&nbsp;&nbsp;DebugPrintf
<LI><a href="#[223]">&gt;&gt;</a>&nbsp;&nbsp;&nbsp;MQTT_ReadLength
<LI><a href="#[21e]">&gt;&gt;</a>&nbsp;&nbsp;&nbsp;print_hexstring
</UL>
<BR>[Called By]<UL><LI><a href="#[1f6]">&gt;&gt;</a>&nbsp;&nbsp;&nbsp;Protocol_Parser_Print
</UL>

<P><STRONG><a name="[22b]"></a>Protocol_Parser_PingResp</STRONG> (Thumb, 426 bytes, Stack size 24 bytes, protocol_parser.o(.text))
<BR><BR>[Stack]<UL><LI>Max Depth = 176 + Unknown Stack Size
<LI>Call Chain = Protocol_Parser_PingResp &rArr; DebugPrintf &rArr; vsprintf &rArr; _printf_char_common &rArr; __printf
</UL>
<BR>[Calls]<UL><LI><a href="#[14d]">&gt;&gt;</a>&nbsp;&nbsp;&nbsp;DebugPrintf
</UL>
<BR>[Called By]<UL><LI><a href="#[1f6]">&gt;&gt;</a>&nbsp;&nbsp;&nbsp;Protocol_Parser_Print
</UL>

<P><STRONG><a name="[22c]"></a>Protocol_Parser_PublishResp</STRONG> (Thumb, 152 bytes, Stack size 32 bytes, protocol_parser.o(.text))
<BR><BR>[Stack]<UL><LI>Max Depth = 200 + Unknown Stack Size
<LI>Call Chain = Protocol_Parser_PublishResp &rArr; print_hexstring &rArr; __2snprintf &rArr; _printf_char_common &rArr; __printf
</UL>
<BR>[Calls]<UL><LI><a href="#[14d]">&gt;&gt;</a>&nbsp;&nbsp;&nbsp;DebugPrintf
<LI><a href="#[223]">&gt;&gt;</a>&nbsp;&nbsp;&nbsp;MQTT_ReadLength
<LI><a href="#[21e]">&gt;&gt;</a>&nbsp;&nbsp;&nbsp;print_hexstring
</UL>
<BR>[Called By]<UL><LI><a href="#[1f6]">&gt;&gt;</a>&nbsp;&nbsp;&nbsp;Protocol_Parser_Print
</UL>

<P><STRONG><a name="[22d]"></a>Protocol_Parser_SubscribeResp</STRONG> (Thumb, 216 bytes, Stack size 32 bytes, protocol_parser.o(.text))
<BR><BR>[Stack]<UL><LI>Max Depth = 200 + Unknown Stack Size
<LI>Call Chain = Protocol_Parser_SubscribeResp &rArr; print_hexstring &rArr; __2snprintf &rArr; _printf_char_common &rArr; __printf
</UL>
<BR>[Calls]<UL><LI><a href="#[14d]">&gt;&gt;</a>&nbsp;&nbsp;&nbsp;DebugPrintf
<LI><a href="#[223]">&gt;&gt;</a>&nbsp;&nbsp;&nbsp;MQTT_ReadLength
<LI><a href="#[21e]">&gt;&gt;</a>&nbsp;&nbsp;&nbsp;print_hexstring
</UL>
<BR>[Called By]<UL><LI><a href="#[1f6]">&gt;&gt;</a>&nbsp;&nbsp;&nbsp;Protocol_Parser_Print
</UL>

<P><STRONG><a name="[22e]"></a>Protocol_Parser_UnSubscribeResp</STRONG> (Thumb, 144 bytes, Stack size 32 bytes, protocol_parser.o(.text))
<BR><BR>[Stack]<UL><LI>Max Depth = 200 + Unknown Stack Size
<LI>Call Chain = Protocol_Parser_UnSubscribeResp &rArr; print_hexstring &rArr; __2snprintf &rArr; _printf_char_common &rArr; __printf
</UL>
<BR>[Calls]<UL><LI><a href="#[14d]">&gt;&gt;</a>&nbsp;&nbsp;&nbsp;DebugPrintf
<LI><a href="#[223]">&gt;&gt;</a>&nbsp;&nbsp;&nbsp;MQTT_ReadLength
<LI><a href="#[21e]">&gt;&gt;</a>&nbsp;&nbsp;&nbsp;print_hexstring
</UL>
<BR>[Called By]<UL><LI><a href="#[1f6]">&gt;&gt;</a>&nbsp;&nbsp;&nbsp;Protocol_Parser_Print
</UL>

<P><STRONG><a name="[22f]"></a>Protocol_Parser_PublishRec</STRONG> (Thumb, 144 bytes, Stack size 32 bytes, protocol_parser.o(.text))
<BR><BR>[Stack]<UL><LI>Max Depth = 200 + Unknown Stack Size
<LI>Call Chain = Protocol_Parser_PublishRec &rArr; print_hexstring &rArr; __2snprintf &rArr; _printf_char_common &rArr; __printf
</UL>
<BR>[Calls]<UL><LI><a href="#[14d]">&gt;&gt;</a>&nbsp;&nbsp;&nbsp;DebugPrintf
<LI><a href="#[223]">&gt;&gt;</a>&nbsp;&nbsp;&nbsp;MQTT_ReadLength
<LI><a href="#[21e]">&gt;&gt;</a>&nbsp;&nbsp;&nbsp;print_hexstring
</UL>
<BR>[Called By]<UL><LI><a href="#[1f6]">&gt;&gt;</a>&nbsp;&nbsp;&nbsp;Protocol_Parser_Print
</UL>

<P><STRONG><a name="[230]"></a>Protocol_Parser_PublishRel</STRONG> (Thumb, 144 bytes, Stack size 32 bytes, protocol_parser.o(.text))
<BR><BR>[Stack]<UL><LI>Max Depth = 200 + Unknown Stack Size
<LI>Call Chain = Protocol_Parser_PublishRel &rArr; print_hexstring &rArr; __2snprintf &rArr; _printf_char_common &rArr; __printf
</UL>
<BR>[Calls]<UL><LI><a href="#[14d]">&gt;&gt;</a>&nbsp;&nbsp;&nbsp;DebugPrintf
<LI><a href="#[223]">&gt;&gt;</a>&nbsp;&nbsp;&nbsp;MQTT_ReadLength
<LI><a href="#[21e]">&gt;&gt;</a>&nbsp;&nbsp;&nbsp;print_hexstring
</UL>
<BR>[Called By]<UL><LI><a href="#[1f6]">&gt;&gt;</a>&nbsp;&nbsp;&nbsp;Protocol_Parser_Print
</UL>

<P><STRONG><a name="[231]"></a>Protocol_Parser_PublishComp</STRONG> (Thumb, 144 bytes, Stack size 32 bytes, protocol_parser.o(.text))
<BR><BR>[Stack]<UL><LI>Max Depth = 200 + Unknown Stack Size
<LI>Call Chain = Protocol_Parser_PublishComp &rArr; print_hexstring &rArr; __2snprintf &rArr; _printf_char_common &rArr; __printf
</UL>
<BR>[Calls]<UL><LI><a href="#[14d]">&gt;&gt;</a>&nbsp;&nbsp;&nbsp;DebugPrintf
<LI><a href="#[223]">&gt;&gt;</a>&nbsp;&nbsp;&nbsp;MQTT_ReadLength
<LI><a href="#[21e]">&gt;&gt;</a>&nbsp;&nbsp;&nbsp;print_hexstring
</UL>
<BR>[Called By]<UL><LI><a href="#[1f6]">&gt;&gt;</a>&nbsp;&nbsp;&nbsp;Protocol_Parser_Print
</UL>

<P><STRONG><a name="[240]"></a>NET_DEVCIE_IsBusReady</STRONG> (Thumb, 20 bytes, Stack size 0 bytes, net_device.o(.text))
<BR><BR>[Called By]<UL><LI><a href="#[1e5]">&gt;&gt;</a>&nbsp;&nbsp;&nbsp;NET_DEVICE_SendData
<LI><a href="#[23f]">&gt;&gt;</a>&nbsp;&nbsp;&nbsp;NET_DEVICE_SendCmd
</UL>

<P><STRONG><a name="[241]"></a>NET_DEVCIE_FreeBus</STRONG> (Thumb, 8 bytes, Stack size 0 bytes, net_device.o(.text))
<BR><BR>[Called By]<UL><LI><a href="#[1e5]">&gt;&gt;</a>&nbsp;&nbsp;&nbsp;NET_DEVICE_SendData
<LI><a href="#[23f]">&gt;&gt;</a>&nbsp;&nbsp;&nbsp;NET_DEVICE_SendCmd
</UL>

<P><STRONG><a name="[242]"></a>NET_DEVCIE_Delay</STRONG> (Thumb, 12 bytes, Stack size 8 bytes, net_device.o(.text))
<BR><BR>[Stack]<UL><LI>Max Depth = 8<LI>Call Chain = NET_DEVCIE_Delay
</UL>
<BR>[Calls]<UL><LI><a href="#[157]">&gt;&gt;</a>&nbsp;&nbsp;&nbsp;DelayXms
</UL>
<BR>[Called By]<UL><LI><a href="#[1e5]">&gt;&gt;</a>&nbsp;&nbsp;&nbsp;NET_DEVICE_SendData
<LI><a href="#[1ef]">&gt;&gt;</a>&nbsp;&nbsp;&nbsp;NET_DEVICE_Exist
<LI><a href="#[1d3]">&gt;&gt;</a>&nbsp;&nbsp;&nbsp;NET_DEVICE_Check
<LI><a href="#[1cb]">&gt;&gt;</a>&nbsp;&nbsp;&nbsp;NET_DEVICE_Reset
<LI><a href="#[244]">&gt;&gt;</a>&nbsp;&nbsp;&nbsp;NET_DEVICE_GetTime
<LI><a href="#[23f]">&gt;&gt;</a>&nbsp;&nbsp;&nbsp;NET_DEVICE_SendCmd
<LI><a href="#[1f0]">&gt;&gt;</a>&nbsp;&nbsp;&nbsp;NET_DEVICE_Close
</UL>

<P><STRONG><a name="[24c]"></a>ls_bit</STRONG> (Thumb, 56 bytes, Stack size 8 bytes, tlsf.o(.text))
<BR><BR>[Stack]<UL><LI>Max Depth = 8<LI>Call Chain = ls_bit
</UL>
<BR>[Called By]<UL><LI><a href="#[24b]">&gt;&gt;</a>&nbsp;&nbsp;&nbsp;FIND_SUITABLE_BLOCK
</UL>

<P><STRONG><a name="[249]"></a>ms_bit</STRONG> (Thumb, 52 bytes, Stack size 8 bytes, tlsf.o(.text))
<BR><BR>[Stack]<UL><LI>Max Depth = 8<LI>Call Chain = ms_bit
</UL>
<BR>[Called By]<UL><LI><a href="#[24a]">&gt;&gt;</a>&nbsp;&nbsp;&nbsp;MAPPING_INSERT
<LI><a href="#[248]">&gt;&gt;</a>&nbsp;&nbsp;&nbsp;MAPPING_SEARCH
</UL>

<P><STRONG><a name="[24f]"></a>set_bit</STRONG> (Thumb, 26 bytes, Stack size 8 bytes, tlsf.o(.text))
<BR><BR>[Stack]<UL><LI>Max Depth = 8<LI>Call Chain = set_bit
</UL>
<BR>[Called By]<UL><LI><a href="#[253]">&gt;&gt;</a>&nbsp;&nbsp;&nbsp;realloc_ex
<LI><a href="#[252]">&gt;&gt;</a>&nbsp;&nbsp;&nbsp;malloc_ex
<LI><a href="#[24d]">&gt;&gt;</a>&nbsp;&nbsp;&nbsp;free_ex
</UL>

<P><STRONG><a name="[24e]"></a>clear_bit</STRONG> (Thumb, 26 bytes, Stack size 8 bytes, tlsf.o(.text))
<BR><BR>[Stack]<UL><LI>Max Depth = 8<LI>Call Chain = clear_bit
</UL>
<BR>[Called By]<UL><LI><a href="#[253]">&gt;&gt;</a>&nbsp;&nbsp;&nbsp;realloc_ex
<LI><a href="#[252]">&gt;&gt;</a>&nbsp;&nbsp;&nbsp;malloc_ex
<LI><a href="#[24d]">&gt;&gt;</a>&nbsp;&nbsp;&nbsp;free_ex
</UL>

<P><STRONG><a name="[248]"></a>MAPPING_SEARCH</STRONG> (Thumb, 86 bytes, Stack size 24 bytes, tlsf.o(.text))
<BR><BR>[Stack]<UL><LI>Max Depth = 32<LI>Call Chain = MAPPING_SEARCH &rArr; ms_bit
</UL>
<BR>[Calls]<UL><LI><a href="#[249]">&gt;&gt;</a>&nbsp;&nbsp;&nbsp;ms_bit
</UL>
<BR>[Called By]<UL><LI><a href="#[252]">&gt;&gt;</a>&nbsp;&nbsp;&nbsp;malloc_ex
</UL>

<P><STRONG><a name="[24a]"></a>MAPPING_INSERT</STRONG> (Thumb, 50 bytes, Stack size 16 bytes, tlsf.o(.text))
<BR><BR>[Stack]<UL><LI>Max Depth = 24<LI>Call Chain = MAPPING_INSERT &rArr; ms_bit
</UL>
<BR>[Calls]<UL><LI><a href="#[249]">&gt;&gt;</a>&nbsp;&nbsp;&nbsp;ms_bit
</UL>
<BR>[Called By]<UL><LI><a href="#[253]">&gt;&gt;</a>&nbsp;&nbsp;&nbsp;realloc_ex
<LI><a href="#[252]">&gt;&gt;</a>&nbsp;&nbsp;&nbsp;malloc_ex
<LI><a href="#[24d]">&gt;&gt;</a>&nbsp;&nbsp;&nbsp;free_ex
</UL>

<P><STRONG><a name="[24b]"></a>FIND_SUITABLE_BLOCK</STRONG> (Thumb, 130 bytes, Stack size 24 bytes, tlsf.o(.text))
<BR><BR>[Stack]<UL><LI>Max Depth = 32<LI>Call Chain = FIND_SUITABLE_BLOCK &rArr; ls_bit
</UL>
<BR>[Calls]<UL><LI><a href="#[24c]">&gt;&gt;</a>&nbsp;&nbsp;&nbsp;ls_bit
</UL>
<BR>[Called By]<UL><LI><a href="#[252]">&gt;&gt;</a>&nbsp;&nbsp;&nbsp;malloc_ex
</UL>

<P><STRONG><a name="[250]"></a>process_area</STRONG> (Thumb, 78 bytes, Stack size 20 bytes, tlsf.o(.text))
<BR><BR>[Stack]<UL><LI>Max Depth = 20<LI>Call Chain = process_area
</UL>
<BR>[Called By]<UL><LI><a href="#[1a7]">&gt;&gt;</a>&nbsp;&nbsp;&nbsp;init_memory_pool
<LI><a href="#[251]">&gt;&gt;</a>&nbsp;&nbsp;&nbsp;add_new_area
</UL>

<P><STRONG><a name="[2a8]"></a>_dadd1</STRONG> (Thumb, 0 bytes, Stack size unknown bytes, daddsub_clz.o(x$fpl$dadd), UNUSED)
<BR><BR>[Called By]<UL><LI><a href="#[2a9]">&gt;&gt;</a>&nbsp;&nbsp;&nbsp;_dsub
<LI><a href="#[2a7]">&gt;&gt;</a>&nbsp;&nbsp;&nbsp;_drsb
</UL>

<P><STRONG><a name="[29c]"></a>_dsub1</STRONG> (Thumb, 0 bytes, Stack size unknown bytes, daddsub_clz.o(x$fpl$dsub), UNUSED)
<BR><BR>[Called By]<UL><LI><a href="#[2a7]">&gt;&gt;</a>&nbsp;&nbsp;&nbsp;_drsb
<LI><a href="#[29b]">&gt;&gt;</a>&nbsp;&nbsp;&nbsp;_dadd
</UL>

<P><STRONG><a name="[2b2]"></a>_fadd1</STRONG> (Thumb, 0 bytes, Stack size unknown bytes, faddsub_clz.o(x$fpl$fadd), UNUSED)
<BR><BR>[Called By]<UL><LI><a href="#[2b1]">&gt;&gt;</a>&nbsp;&nbsp;&nbsp;_fsub
</UL>

<P><STRONG><a name="[2ad]"></a>_fsub1</STRONG> (Thumb, 0 bytes, Stack size unknown bytes, faddsub_clz.o(x$fpl$fsub), UNUSED)
<BR><BR>[Called By]<UL><LI><a href="#[2ac]">&gt;&gt;</a>&nbsp;&nbsp;&nbsp;_fadd
</UL>

<P><STRONG><a name="[274]"></a>_fp_digits</STRONG> (Thumb, 432 bytes, Stack size 96 bytes, _printf_fp_dec.o(.text))
<BR><BR>[Stack]<UL><LI>Max Depth = 220<LI>Call Chain = _fp_digits &rArr; _btod_etento &rArr; _btod_emul &rArr; _e2e
</UL>
<BR>[Calls]<UL><LI><a href="#[278]">&gt;&gt;</a>&nbsp;&nbsp;&nbsp;_btod_emul
<LI><a href="#[277]">&gt;&gt;</a>&nbsp;&nbsp;&nbsp;_btod_ediv
<LI><a href="#[276]">&gt;&gt;</a>&nbsp;&nbsp;&nbsp;_btod_d2e
<LI><a href="#[275]">&gt;&gt;</a>&nbsp;&nbsp;&nbsp;_btod_etento
<LI><a href="#[279]">&gt;&gt;</a>&nbsp;&nbsp;&nbsp;_ll_udiv10
</UL>
<BR>[Called By]<UL><LI><a href="#[27a]">&gt;&gt;</a>&nbsp;&nbsp;&nbsp;_printf_fp_dec_real
</UL>

<P><STRONG><a name="[5c]"></a>_printf_input_char</STRONG> (Thumb, 10 bytes, Stack size 0 bytes, _printf_char_common.o(.text))
<BR>[Address Reference Count : 1]<UL><LI> _printf_char_common.o(.text)
</UL>
<P><STRONG><a name="[5d]"></a>_scanf_char_input</STRONG> (Thumb, 12 bytes, Stack size 0 bytes, scanf_char.o(.text))
<BR>[Address Reference Count : 1]<UL><LI> scanf_char.o(.text)
</UL><P>
<H3>
Undefined Global Symbols
</H3><HR></body></html>
