<html>
<body>
<pre>
<h1>礦ision Build Log</h1>
<h2>Tool Versions:</h2>
IDE-Version: μVision V5.33.0.0
Copyright (C) 2020 ARM Ltd and ARM Germany GmbH. All rights reserved.
License Information: L X, 1, LIC=PE7DL-0BWPV-2ZUW4-FR6YV-8NH0A-M3ADP
 
Tool Versions:
Toolchain:       MDK-ARM Plus  Version: 5.33.0.0
Toolchain Path:  D:\Program Files (x86)\Keil_v5\ARM\ARMCC\Bin
C Compiler:      Armcc.exe V5.06 update 7 (build 960)
Assembler:       Armasm.exe V5.06 update 7 (build 960)
Linker/Locator:  ArmLink.exe V5.06 update 7 (build 960)
Library Manager: ArmAr.exe V5.06 update 7 (build 960)
Hex Converter:   FromElf.exe V5.06 update 7 (build 960)
CPU DLL:         SARMCM3.DLL V5.33.0.0
Dialog DLL:      DCM.DLL V1.17.3.0
Target DLL:      STLink\ST-LINKIII-KEIL_SWO.dll V3.0.8.0
Dialog DLL:      TCM.DLL V1.48.0.0
 
<h2>Project:</h2>
E:\我的坚果云\course\Multifunction cube\kyLin-V3.2综合应用代码-MQTT\stm32f103.uvprojx
Project File Date:  04/29/2021

<h2>Output:</h2>
*** Using Compiler 'V5.06 update 7 (build 960)', folder: 'D:\Program Files (x86)\Keil_v5\ARM\ARMCC\Bin'
Rebuild target 'STM32F103'
assembling startup_stm32f10x_hd.s...
compiling core_cm3.c...
compiling stm32f10x_dma.c...
compiling misc.c...
compiling stm32f10x_gpio.c...
compiling stm32f10x_exti.c...
compiling stm32f10x_it.c...
compiling stm32f10x_bkp.c...
compiling system_stm32f10x.c...
compiling stm32f10x_usart.c...
compiling stm32f10x_adc.c...
compiling stm32f10x_rcc.c...
compiling stm32f10x_tim.c...
compiling stm32f10x_pwr.c...
compiling mcu_exti.c...
compiling mcu_nvic.c...
compiling mcu_adc.c...
compiling mcu_rcc.c...
compiling mcu_dma.c...
compiling mcu_spi.c...
compiling stm32f10x_rtc.c...
compiling mcu_gpio.c...
compiling stm32f10x_i2c.c...
compiling stm32f10x_spi.c...
compiling mcu_timer.c...
compiling mcu_usart.c...
compiling mcu_i2c.c...
compiling hwtimer.c...
driver\src\hwtimer.c(104): warning:  #188-D: enumerated type mixed with another type
  	MCU_Timer_PWM_Init(TIMx, tp, pwm_mode, TIM_OutputState_Enable, 0, 0, TIM_OCPolarity_Low, 0, 0, 0);
driver\src\hwtimer.c: 1 warning, 0 errors
compiling delay.c...
compiling adc.c...
compiling rtc.c...
compiling at24c02.c...
compiling spi.c...
compiling usart.c...
compiling i2c.c...
compiling nec.c...
compiling FONT.c...
compiling beep.c...
compiling light.c...
compiling led.c...
compiling ir.c...
compiling key.c...
compiling lcd1602.c...
compiling sht20.c...
compiling main.c...
user\mytask.h(49): warning:  #1-D: last line of file ends without a newline
  #endif
user\main.c(400): warning:  #68-D: integer conversion resulted in a change of sign
              task_info.timer_s = TIMER_READY;
user\main.c(740): warning:  #68-D: integer conversion resulted in a change of sign
      if (task_info.timer_s == TIMER_READY)
user\main.c(895): warning:  #68-D: integer conversion resulted in a change of sign
      task_info.curTop = UNKONWN;
user\main.c(978): warning:  #68-D: integer conversion resulted in a change of sign
      if (task_info.timer_s != TIMER_OFF && task_info.timer_s != TIMER_READY)
user\main.c(995): warning:  #1-D: last line of file ends without a newline
  }
user\main.c: 6 warnings, 0 errors
compiling ADXL362.c...
compiling spilcd.c...
hardware\src\spilcd.c(90): warning:  #177-D: function "SPILCD_WriteRegData"  was declared but never referenced
  static void SPILCD_WriteRegData(unsigned char reg, unsigned short data)
hardware\src\spilcd.c: 1 warning, 0 errors
compiling net_task.c...
compiling dStream.c...
compiling framework.c...
compiling net_device.c...
NET\device\src\net_device.c(346): warning:  #177-D: variable "config_time"  was declared but never referenced
  	unsigned char config_time = 0;
NET\device\src\net_device.c: 1 warning, 0 errors
compiling MqttKit.c...
compiling cmd_callback.c...
compiling tlsf.c...
tlsf\tlsf.c(465): warning:  #68-D: integer conversion resulted in a change of sign
          return -1;
tlsf\tlsf.c(470): warning:  #68-D: integer conversion resulted in a change of sign
          return -1;
tlsf\tlsf.c(870): warning:  #1293-D: assignment in condition
      if (!(ptr_aux = malloc_ex(new_size, mem_pool))){
tlsf\tlsf.c(892): warning:  #1293-D: assignment in condition
      if (!(ptr = malloc_ex(nelem * elem_size, mem_pool)))
tlsf\tlsf.c: 4 warnings, 0 errors
compiling fault.c...
compiling net_io.c...
compiling protocol_parser.c...
compiling onenet.c...
linking...
Program Size: Code=72630 RO-data=13174 RW-data=1980 ZI-data=19412  
FromELF: creating hex file...
".\output\stm32f103.axf" - 0 Error(s), 13 Warning(s).

<h2>Software Packages used:</h2>

Package Vendor: ARM
                http://www.keil.com/pack/ARM.CMSIS.5.7.0.pack
                ARM.CMSIS.5.7.0
                CMSIS (Cortex Microcontroller Software Interface Standard)
   * Component: CORE Version: 5.4.0

Package Vendor: Keil
                http://www.keil.com/pack/Keil.STM32F1xx_DFP.2.1.0.pack
                Keil.STM32F1xx_DFP.2.1.0
                STMicroelectronics STM32F1 Series Device Support, Drivers and Examples

<h2>Collection of Component include folders:</h2>
  .\RTE\_STM32F103
  D:\Program Files (x86)\Keil_v5\Packets\ARM\CMSIS\5.7.0\CMSIS\Core\Include
  D:\Program Files (x86)\Keil_v5\Packets\Keil\STM32F1xx_DFP\2.1.0\Device\Include

<h2>Collection of Component Files used:</h2>

   * Component: ARM::CMSIS:CORE:5.4.0
Build Time Elapsed:  00:00:09
</pre>
</body>
</html>
