Component: ARM Compiler 5.06 update 7 (build 960) Tool: armlink [4d3601]

==============================================================================

Section Cross References

    stm32f10x_it.o(.text) refers to usart.o(.text) for UsartPrintf
    system_stm32f10x.o(.text) refers to system_stm32f10x.o(.data) for SystemCoreClock
    startup_stm32f10x_hd.o(STACK) refers (Special) to heapauxi.o(.text) for __use_two_region_memory
    startup_stm32f10x_hd.o(HEAP) refers (Special) to heapauxi.o(.text) for __use_two_region_memory
    startup_stm32f10x_hd.o(RESET) refers (Special) to heapauxi.o(.text) for __use_two_region_memory
    startup_stm32f10x_hd.o(RESET) refers to startup_stm32f10x_hd.o(STACK) for __initial_sp
    startup_stm32f10x_hd.o(RESET) refers to startup_stm32f10x_hd.o(.text) for Reset_Handler
    startup_stm32f10x_hd.o(RESET) refers to stm32f10x_it.o(.text) for NMI_Handler
    startup_stm32f10x_hd.o(RESET) refers to rtc.o(.text) for RTC_IRQHandler
    startup_stm32f10x_hd.o(RESET) refers to net_io.o(.text) for DMA1_Channel6_IRQHandler
    startup_stm32f10x_hd.o(RESET) refers to hwtimer.o(.text) for TIM1_UP_IRQHandler
    startup_stm32f10x_hd.o(RESET) refers to i2c.o(.text) for I2C1_ER_IRQHandler
    startup_stm32f10x_hd.o(RESET) refers to usart.o(.text) for USART1_IRQHandler
    startup_stm32f10x_hd.o(RESET) refers to main.o(.text) for TIM6_IRQHandler
    startup_stm32f10x_hd.o(RESET) refers to framework.o(.text) for TIM7_IRQHandler
    startup_stm32f10x_hd.o(.text) refers (Special) to heapauxi.o(.text) for __use_two_region_memory
    startup_stm32f10x_hd.o(.text) refers to system_stm32f10x.o(.text) for SystemInit
    startup_stm32f10x_hd.o(.text) refers to __main.o(!!!main) for __main
    startup_stm32f10x_hd.o(.text) refers to startup_stm32f10x_hd.o(HEAP) for Heap_Mem
    startup_stm32f10x_hd.o(.text) refers to startup_stm32f10x_hd.o(STACK) for Stack_Mem
    stm32f10x_gpio.o(.text) refers to stm32f10x_rcc.o(.text) for RCC_APB2PeriphResetCmd
    stm32f10x_rcc.o(.text) refers to stm32f10x_rcc.o(.data) for APBAHBPrescTable
    stm32f10x_tim.o(.text) refers to stm32f10x_rcc.o(.text) for RCC_APB2PeriphResetCmd
    stm32f10x_usart.o(.text) refers to stm32f10x_rcc.o(.text) for RCC_APB2PeriphResetCmd
    stm32f10x_adc.o(.text) refers to stm32f10x_rcc.o(.text) for RCC_APB2PeriphResetCmd
    stm32f10x_bkp.o(.text) refers to stm32f10x_rcc.o(.text) for RCC_BackupResetCmd
    stm32f10x_pwr.o(.text) refers to stm32f10x_rcc.o(.text) for RCC_APB1PeriphResetCmd
    stm32f10x_spi.o(.text) refers to stm32f10x_rcc.o(.text) for RCC_APB2PeriphResetCmd
    stm32f10x_i2c.o(.text) refers to stm32f10x_rcc.o(.text) for RCC_APB1PeriphResetCmd
    mcu_adc.o(.text) refers to mcu_rcc.o(.text) for MCU_RCC
    mcu_adc.o(.text) refers to stm32f10x_rcc.o(.text) for RCC_ADCCLKConfig
    mcu_adc.o(.text) refers to stm32f10x_adc.o(.text) for ADC_DeInit
    mcu_dma.o(.text) refers to mcu_rcc.o(.text) for MCU_RCC
    mcu_dma.o(.text) refers to stm32f10x_dma.o(.text) for DMA_DeInit
    mcu_exti.o(.text) refers to mcu_rcc.o(.text) for MCU_RCC
    mcu_exti.o(.text) refers to stm32f10x_gpio.o(.text) for GPIO_EXTILineConfig
    mcu_exti.o(.text) refers to stm32f10x_exti.o(.text) for EXTI_Init
    mcu_gpio.o(.text) refers to mcu_rcc.o(.text) for MCU_RCC
    mcu_gpio.o(.text) refers to stm32f10x_gpio.o(.text) for GPIO_Init
    mcu_gpio.o(.text) refers to stm32f10x_rcc.o(.text) for RCC_APB2PeriphClockCmd
    mcu_gpio.o(.text) refers to mcu_gpio.o(.bss) for gpio_device
    mcu_nvic.o(.text) refers to misc.o(.text) for NVIC_Init
    mcu_rcc.o(.text) refers to stm32f10x_rcc.o(.text) for RCC_APB1PeriphClockCmd
    mcu_spi.o(.text) refers to mcu_rcc.o(.text) for MCU_RCC
    mcu_spi.o(.text) refers to mcu_gpio.o(.text) for MCU_GPIO_Init
    mcu_spi.o(.text) refers to stm32f10x_gpio.o(.text) for GPIO_SetBits
    mcu_spi.o(.text) refers to stm32f10x_spi.o(.text) for SPI_Init
    mcu_timer.o(.text) refers to mcu_rcc.o(.text) for MCU_RCC
    mcu_timer.o(.text) refers to stm32f10x_tim.o(.text) for TIM_TimeBaseInit
    mcu_usart.o(.text) refers to mcu_gpio.o(.text) for MCU_GPIO_Init
    mcu_usart.o(.text) refers to mcu_rcc.o(.text) for MCU_RCC
    mcu_usart.o(.text) refers to stm32f10x_usart.o(.text) for USART_Init
    mcu_i2c.o(.text) refers to mcu_gpio.o(.text) for MCU_GPIO_Init
    mcu_i2c.o(.text) refers to mcu_rcc.o(.text) for MCU_RCC
    mcu_i2c.o(.text) refers to stm32f10x_i2c.o(.text) for I2C_DeInit
    adc.o(.text) refers to mcu_dma.o(.text) for MCU_DMA_Init
    adc.o(.text) refers to stm32f10x_dma.o(.text) for DMA_Cmd
    adc.o(.text) refers to mcu_adc.o(.text) for MCU_ADCx_Init
    adc.o(.text) refers to stm32f10x_adc.o(.text) for ADC_DMACmd
    adc.o(.text) refers to fflt_clz.o(x$fpl$ffltu) for __aeabi_ui2f
    adc.o(.text) refers to faddsub_clz.o(x$fpl$fadd) for __aeabi_fadd
    adc.o(.text) refers to fdiv.o(x$fpl$fdiv) for __aeabi_fdiv
    adc.o(.text) refers to ffixu.o(x$fpl$ffixu) for __aeabi_f2uiz
[...]
    ADXL362_GetValue                         0x080066db   Thumb Code   310  adxl362.o(.text)
    LIGHT_Init                               0x08006839   Thumb Code    32  light.o(.text)
    LIGHT_GetVoltag                          0x08006859   Thumb Code    38  light.o(.text)
    IR_Init                                  0x0800688d   Thumb Code   204  ir.o(.text)
    IR_SendFreq                              0x08006959   Thumb Code    52  ir.o(.text)
    IR_SendStop                              0x0800698d   Thumb Code    54  ir.o(.text)
    Hardware_Init                            0x080069f1   Thumb Code   294  main.o(.text)
    NET_Event_CallBack                       0x08006b17   Thumb Code   196  main.o(.text)
    KEY_Task                                 0x08006bdb   Thumb Code   340  main.o(.text)
    SENSOR_Task                              0x08006d2f   Thumb Code   654  main.o(.text)
    CLOCK_Task                               0x08006fbd   Thumb Code   350  main.o(.text)
    beep                                     0x0800711b   Thumb Code    40  main.o(.text)
    COUNT_DOWN_Task                          0x08007143   Thumb Code    56  main.o(.text)
    BREATH_Task                              0x0800717b   Thumb Code   246  main.o(.text)
    lcdshow                                  0x08007271   Thumb Code   502  main.o(.text)
    SHT                                      0x08007467   Thumb Code    14  main.o(.text)
    fuc_back                                 0x08007475   Thumb Code    18  main.o(.text)
    light                                    0x08007487   Thumb Code     8  main.o(.text)
    fuc_front                                0x0800748f   Thumb Code    18  main.o(.text)
    timer                                    0x080074a1   Thumb Code    98  main.o(.text)
    breath                                   0x08007503   Thumb Code   144  main.o(.text)
    fuc_right                                0x08007593   Thumb Code    20  main.o(.text)
    fuc_left                                 0x080075a7   Thumb Code    20  main.o(.text)
    fuc_bottom                               0x080075bb   Thumb Code    22  main.o(.text)
    fuc_top                                  0x080075d1   Thumb Code    18  main.o(.text)
    menu                                     0x080075e3   Thumb Code    64  main.o(.text)
    getCurTop                                0x08007623   Thumb Code   756  main.o(.text)
    MY_Task                                  0x08007917   Thumb Code    16  main.o(.text)
    init_mytask                              0x08007927   Thumb Code    88  main.o(.text)
    main                                     0x0800797f   Thumb Code    68  main.o(.text)
    TIM6_IRQHandler                          0x080079c3   Thumb Code    28  main.o(.text)
    NET_Task_ErrCheck                        0x08007a93   Thumb Code    62  net_task.o(.text)
    NET_Timer                                0x08007ad1   Thumb Code   122  net_task.o(.text)
    RECV_Task                                0x08007b4b   Thumb Code    30  net_task.o(.text)
    NET_FLAG_Task                            0x08007b69   Thumb Code   144  net_task.o(.text)
    DATA_P_Task                              0x08007bf9   Thumb Code   208  net_task.o(.text)
    DATA_S_Task                              0x08007cc9   Thumb Code    52  net_task.o(.text)
    NET_Task                                 0x08007cfd   Thumb Code   306  net_task.o(.text)
    NET_Task_Init                            0x08007e2f   Thumb Code   158  net_task.o(.text)
    OneNET_RepetitionCreateFlag              0x08007ecd   Thumb Code   182  onenet.o(.text)
    OneNET_CreateDevice                      0x08007f83   Thumb Code   270  onenet.o(.text)
    OneNET_GetLinkIP                         0x08008091   Thumb Code   358  onenet.o(.text)
    OneNET_GetLocation                       0x080081f7   Thumb Code     8  onenet.o(.text)
    OneNET_ConnectIP                         0x080081ff   Thumb Code   650  onenet.o(.text)
    OneNET_RevPro                            0x08008489   Thumb Code   760  onenet.o(.text)
    OneNET_DevLink                           0x08008781   Thumb Code  1044  onenet.o(.text)
    OneNET_DisConnect                        0x08008b95   Thumb Code    66  onenet.o(.text)
    OneNET_SendData                          0x08008bd7   Thumb Code   216  onenet.o(.text)
    OneNET_Send_BinFile                      0x08008caf   Thumb Code   242  onenet.o(.text)
    OneNET_SendData_Heart                    0x08008da1   Thumb Code    86  onenet.o(.text)
    OneNET_Check_Heart                       0x08008df7   Thumb Code   182  onenet.o(.text)
    OneNET_Publish                           0x08008ead   Thumb Code   444  onenet.o(.text)
    OneNET_Subscribe                         0x08009069   Thumb Code   106  onenet.o(.text)
    OneNET_UnSubscribe                       0x080090d3   Thumb Code   100  onenet.o(.text)
    OneNET_CmdHandle                         0x08009137   Thumb Code   146  onenet.o(.text)
    NET_Fault_Process                        0x08009251   Thumb Code   252  fault.o(.text)
    DSTREAM_toString                         0x08009405   Thumb Code   460  dstream.o(.text)
    DSTREAM_GetDataStream_Body               0x080095d1   Thumb Code   916  dstream.o(.text)
    DSTREAM_GetDataStream_Body_Measure       0x08009965   Thumb Code   420  dstream.o(.text)
    CALLBACK_Find_CallBack                   0x08009b11   Thumb Code    74  cmd_callback.o(.text)
    CALLBACK_Execute                         0x08009b5b   Thumb Code    52  cmd_callback.o(.text)
    CALLBACK_Find_Value                      0x08009b8f   Thumb Code    26  cmd_callback.o(.text)
    CALLBACK_Str2Dec                         0x08009ba9   Thumb Code    48  cmd_callback.o(.text)
    CALLBACK_RedLed                          0x08009bd9   Thumb Code    52  cmd_callback.o(.text)
    CALLBACK_GreenLed                        0x08009c0d   Thumb Code    52  cmd_callback.o(.text)
    CALLBACK_YellowLed                       0x08009c41   Thumb Code    52  cmd_callback.o(.text)
    CALLBACK_BlueLed                         0x08009c75   Thumb Code    52  cmd_callback.o(.text)
    CALLBACK_Beep                            0x08009ca9   Thumb Code    52  cmd_callback.o(.text)
    CALLBACK_SpiLcd                          0x08009cdd   Thumb Code    26  cmd_callback.o(.text)
    Protocol_Parser_Print                    0x0800b359   Thumb Code  1074  protocol_parser.o(.text)
    MQTT_NewBuffer                           0x0800b8b9   Thumb Code    88  mqttkit.o(.text)
    MQTT_DeleteBuffer                        0x0800b911   Thumb Code    28  mqttkit.o(.text)
    MQTT_DumpLength                          0x0800b92d   Thumb Code    46  mqttkit.o(.text)
    MQTT_ReadLength                          0x0800b95b   Thumb Code    70  mqttkit.o(.text)
    MQTT_UnPacketRecv                        0x0800b9a1   Thumb Code   106  mqttkit.o(.text)
    MQTT_PacketConnect                       0x0800ba0b   Thumb Code   666  mqttkit.o(.text)
    MQTT_PacketDisConnect                    0x0800bca5   Thumb Code    48  mqttkit.o(.text)
    MQTT_UnPacketConnectAck                  0x0800bcd5   Thumb Code    30  mqttkit.o(.text)
    MQTT_PacketPublish                       0x0800bcf3   Thumb Code   430  mqttkit.o(.text)
    MQTT_PacketSaveData                      0x0800bea1   Thumb Code    88  mqttkit.o(.text)
    MQTT_PacketSaveBinData                   0x0800bef9   Thumb Code   192  mqttkit.o(.text)
    MQTT_UnPacketCmd                         0x0800bfb9   Thumb Code   140  mqttkit.o(.text)
    MQTT_PacketCmdResp                       0x0800c045   Thumb Code   132  mqttkit.o(.text)
    MQTT_PacketSubscribe                     0x0800c0c9   Thumb Code   254  mqttkit.o(.text)
    MQTT_UnPacketSubscribe                   0x0800c1c7   Thumb Code    52  mqttkit.o(.text)
    MQTT_PacketUnSubscribe                   0x0800c1fb   Thumb Code   266  mqttkit.o(.text)
    MQTT_UnPacketUnSubscribe                 0x0800c305   Thumb Code    18  mqttkit.o(.text)
    MQTT_UnPacketPublish                     0x0800c317   Thumb Code   440  mqttkit.o(.text)
    MQTT_PacketPublishAck                    0x0800c4cf   Thumb Code    72  mqttkit.o(.text)
    MQTT_UnPacketPublishAck                  0x0800c517   Thumb Code    30  mqttkit.o(.text)
    MQTT_PacketPublishRec                    0x0800c535   Thumb Code    72  mqttkit.o(.text)
    MQTT_UnPacketPublishRec                  0x0800c57d   Thumb Code    30  mqttkit.o(.text)
    MQTT_PacketPublishRel                    0x0800c59b   Thumb Code    72  mqttkit.o(.text)
    MQTT_UnPacketPublishRel                  0x0800c5e3   Thumb Code    36  mqttkit.o(.text)
    MQTT_PacketPublishComp                   0x0800c607   Thumb Code    72  mqttkit.o(.text)
    MQTT_UnPacketPublishComp                 0x0800c64f   Thumb Code    30  mqttkit.o(.text)
    MQTT_PacketPing                          0x0800c66d   Thumb Code    48  mqttkit.o(.text)
    NET_IO_Init                              0x0800c69d   Thumb Code    24  net_io.o(.text)
    NET_IO_AddTag2End                        0x0800c6b5   Thumb Code   130  net_io.o(.text)
    NET_IO_CheckTag                          0x0800c737   Thumb Code    96  net_io.o(.text)
    NET_IO_Send                              0x0800c797   Thumb Code    44  net_io.o(.text)
    NET_IO_Read                              0x0800c7c3   Thumb Code   226  net_io.o(.text)
    DMA1_Channel6_IRQHandler                 0x0800c8a5   Thumb Code    42  net_io.o(.text)
    USART2_IRQHandler                        0x0800c8cf   Thumb Code    50  net_io.o(.text)
    NET_DEVICE_IO_Init                       0x0800c929   Thumb Code    40  net_device.o(.text)
    NET_DEVICE_SendCmd                       0x0800c951   Thumb Code   110  net_device.o(.text)
    NET_DEVICE_GetSerial                     0x0800c9bf   Thumb Code   146  net_device.o(.text)
    NET_DEVICE_GetSignal                     0x0800ca51   Thumb Code   124  net_device.o(.text)
    NET_DEVICE_Close                         0x0800cacd   Thumb Code    32  net_device.o(.text)
    NET_DEVICE_SendData                      0x0800caed   Thumb Code    90  net_device.o(.text)
    NET_DEVICE_Connect                       0x0800cb47   Thumb Code    48  net_device.o(.text)
    NET_DEVICE_GetTime                       0x0800cb77   Thumb Code   244  net_device.o(.text)
    NET_DEVICE_Check                         0x0800cc6b   Thumb Code   136  net_device.o(.text)
    NET_DEVICE_Exist                         0x0800ccf3   Thumb Code   472  net_device.o(.text)
    NET_DEVICE_Init                          0x0800cecb   Thumb Code   362  net_device.o(.text)
    NET_DEVICE_Reset                         0x0800d035   Thumb Code    42  net_device.o(.text)
    NET_DEVICE_CmdHandle                     0x0800d05f   Thumb Code    52  net_device.o(.text)
    NET_DEVICE_Read                          0x0800d093   Thumb Code     8  net_device.o(.text)
    NET_DEVICE_GetIPD                        0x0800d09b   Thumb Code    58  net_device.o(.text)
    NET_DEVICE_ReConfig                      0x0800d0d5   Thumb Code    14  net_device.o(.text)
    NET_DEVICE_CheckListHead                 0x0800d0e3   Thumb Code    14  net_device.o(.text)
    NET_DEVICE_GetListHeadBuf                0x0800d0f1   Thumb Code     8  net_device.o(.text)
    NET_DEVICE_GetListHeadLen                0x0800d0f9   Thumb Code     8  net_device.o(.text)
    NET_DEVICE_AddDataSendList               0x0800d101   Thumb Code   120  net_device.o(.text)
    NET_DEVICE_DeleteDataSendList            0x0800d179   Thumb Code    48  net_device.o(.text)
    FW_Init                                  0x0800d315   Thumb Code    22  framework.o(.text)
    FW_CreateTask                            0x0800d32b   Thumb Code   110  framework.o(.text)
    FW_TickHandler                           0x0800d399   Thumb Code    60  framework.o(.text)
    FW_StartSchedule                         0x0800d3d5   Thumb Code    92  framework.o(.text)
    FW_GetTicks                              0x0800d431   Thumb Code     6  framework.o(.text)
    TIM7_IRQHandler                          0x0800d437   Thumb Code    38  framework.o(.text)
    free_ex                                  0x0800d65d   Thumb Code   540  tlsf.o(.text)
    init_memory_pool                         0x0800d879   Thumb Code   164  tlsf.o(.text)
    add_new_area                             0x0800d91d   Thumb Code   286  tlsf.o(.text)
    get_used_size                            0x0800da3b   Thumb Code     6  tlsf.o(.text)
    get_max_size                             0x0800da41   Thumb Code     6  tlsf.o(.text)
    destroy_memory_pool                      0x0800da47   Thumb Code    12  tlsf.o(.text)
    malloc_ex                                0x0800da53   Thumb Code   376  tlsf.o(.text)
    tlsf_malloc                              0x0800dbcb   Thumb Code    28  tlsf.o(.text)
    tlsf_free                                0x0800dbe7   Thumb Code    24  tlsf.o(.text)
    realloc_ex                               0x0800dbff   Thumb Code  1030  tlsf.o(.text)
    tlsf_realloc                             0x0800e005   Thumb Code    32  tlsf.o(.text)
    calloc_ex                                0x0800e025   Thumb Code    50  tlsf.o(.text)
    tlsf_calloc                              0x0800e057   Thumb Code    32  tlsf.o(.text)
    __rt_ctype_table                         0x0800e07d   Thumb Code    16  rt_ctype_table.o(.text)
    malloc                                   0x0800e08d   Thumb Code    94  h1_alloc.o(.text)
    free                                     0x0800e0eb   Thumb Code    78  h1_free.o(.text)
    vsprintf                                 0x0800e139   Thumb Code    32  vsprintf.o(.text)
    vsnprintf                                0x0800e15d   Thumb Code    48  vsnprintf.o(.text)
    __2sprintf                               0x0800e191   Thumb Code    38  __2sprintf.o(.text)
    __2snprintf                              0x0800e1bd   Thumb Code    50  __2snprintf.o(.text)
    _printf_pre_padding                      0x0800e1f5   Thumb Code    44  _printf_pad.o(.text)
    _printf_post_padding                     0x0800e221   Thumb Code    34  _printf_pad.o(.text)
    _printf_str                              0x0800e243   Thumb Code    82  _printf_str.o(.text)
    _printf_int_dec                          0x0800e295   Thumb Code   104  _printf_dec.o(.text)
    _printf_longlong_hex                     0x0800e30d   Thumb Code    86  _printf_hex_int_ll_ptr.o(.text)
    _printf_int_hex                          0x0800e363   Thumb Code    28  _printf_hex_int_ll_ptr.o(.text)
    _printf_ll_hex                           0x0800e37f   Thumb Code    12  _printf_hex_int_ll_ptr.o(.text)
    _printf_hex_ptr                          0x0800e38b   Thumb Code    18  _printf_hex_int_ll_ptr.o(.text)
    __printf                                 0x0800e3a1   Thumb Code   388  __printf_flags_ss_wp.o(.text)
    __0sscanf                                0x0800e529   Thumb Code    52  __0sscanf.o(.text)
    _scanf_int                               0x0800e565   Thumb Code   332  _scanf_int.o(.text)
    _scanf_string                            0x0800e6b1   Thumb Code   224  _scanf_str.o(.text)
    atoi                                     0x0800e791   Thumb Code    26  atoi.o(.text)
    strchr                                   0x0800e7ab   Thumb Code    20  strchr.o(.text)
    strncat                                  0x0800e7bf   Thumb Code    36  strncat.o(.text)
    strstr                                   0x0800e7e3   Thumb Code    36  strstr.o(.text)
    strcpy                                   0x0800e807   Thumb Code    72  strcpy.o(.text)
    strlen                                   0x0800e84f   Thumb Code    62  strlen.o(.text)
    strcat                                   0x0800e88d   Thumb Code    24  strcat.o(.text)
    __aeabi_memcpy                           0x0800e8a5   Thumb Code     0  rt_memcpy_v6.o(.text)
    __rt_memcpy                              0x0800e8a5   Thumb Code   138  rt_memcpy_v6.o(.text)
    _memcpy_lastbytes                        0x0800e90b   Thumb Code     0  rt_memcpy_v6.o(.text)
    __aeabi_memclr                           0x0800e92f   Thumb Code     0  rt_memclr.o(.text)
    __rt_memclr                              0x0800e92f   Thumb Code    68  rt_memclr.o(.text)
    _memset                                  0x0800e933   Thumb Code     0  rt_memclr.o(.text)
    __aeabi_memclr4                          0x0800e973   Thumb Code     0  rt_memclr_w.o(.text)
    __aeabi_memclr8                          0x0800e973   Thumb Code     0  rt_memclr_w.o(.text)
    __rt_memclr_w                            0x0800e973   Thumb Code    78  rt_memclr_w.o(.text)
    _memset_w                                0x0800e977   Thumb Code     0  rt_memclr_w.o(.text)
    localtime                                0x0800e9c1   Thumb Code     6  localtime.o(.text)
    __use_two_region_memory                  0x0800e9cd   Thumb Code     2  heapauxi.o(.text)
    __rt_heap_escrow                         0x0800e9cf   Thumb Code     2  heapauxi.o(.text)
    __rt_heap_expand                         0x0800e9d1   Thumb Code     2  heapauxi.o(.text)
    __rt_heap_descriptor                     0x0800e9d5   Thumb Code     8  rt_heap_descriptor_intlibspace.o(.text)
    __rt_locale                              0x0800e9dd   Thumb Code     8  rt_locale_intlibspace.o(.text)
    __aeabi_errno_addr                       0x0800e9e5   Thumb Code     8  rt_errno_addr_intlibspace.o(.text)
    __errno$intlibspace                      0x0800e9e5   Thumb Code     0  rt_errno_addr_intlibspace.o(.text)
    __rt_errno_addr$intlibspace              0x0800e9e5   Thumb Code     0  rt_errno_addr_intlibspace.o(.text)
    __use_no_heap                            0x0800e9ed   Thumb Code     2  hguard.o(.text)
    __heap$guard                             0x0800e9ef   Thumb Code     2  hguard.o(.text)
    _terminate_user_alloc                    0x0800e9f1   Thumb Code     2  init_alloc.o(.text)
    _init_user_alloc                         0x0800e9f3   Thumb Code     2  init_alloc.o(.text)
    __Heap_Full                              0x0800e9f5   Thumb Code    34  init_alloc.o(.text)
    __Heap_Broken                            0x0800ea17   Thumb Code     6  init_alloc.o(.text)
    _init_alloc                              0x0800ea1d   Thumb Code    94  init_alloc.o(.text)
    __Heap_Initialize                        0x0800ea7b   Thumb Code    10  h1_init.o(.text)
    __Heap_DescSize                          0x0800ea85   Thumb Code     4  h1_init.o(.text)
    __read_errno                             0x0800ea89   Thumb Code    10  _rserrno.o(.text)
    __set_errno                              0x0800ea93   Thumb Code    12  _rserrno.o(.text)
    _printf_truncate_signed                  0x0800ea9f   Thumb Code    18  _printf_truncate.o(.text)
    _printf_truncate_unsigned                0x0800eab1   Thumb Code    18  _printf_truncate.o(.text)
    _printf_int_common                       0x0800eac3   Thumb Code   178  _printf_intcommon.o(.text)
    _printf_charcount                        0x0800eb75   Thumb Code    40  _printf_charcount.o(.text)
    __lib_sel_fp_printf                      0x0800eb9d   Thumb Code     2  _printf_fp_dec.o(.text)
    _printf_fp_dec_real                      0x0800ed4f   Thumb Code   620  _printf_fp_dec.o(.text)
    _printf_char_common                      0x0800efc7   Thumb Code    32  _printf_char_common.o(.text)
    _sputc                                   0x0800efed   Thumb Code    10  _sputc.o(.text)
    _snputc                                  0x0800eff7   Thumb Code    16  _snputc.o(.text)
    _printf_cs_common                        0x0800f007   Thumb Code    20  _printf_char.o(.text)
    _printf_char                             0x0800f01b   Thumb Code    16  _printf_char.o(.text)
    _printf_string                           0x0800f02b   Thumb Code     8  _printf_char.o(.text)
    _printf_wctomb                           0x0800f035   Thumb Code   182  _printf_wctomb.o(.text)
    _printf_longlong_dec                     0x0800f0f1   Thumb Code   108  _printf_longlong_dec.o(.text)
    _printf_longlong_oct                     0x0800f16d   Thumb Code    66  _printf_oct_int_ll.o(.text)
    _printf_int_oct                          0x0800f1af   Thumb Code    24  _printf_oct_int_ll.o(.text)
    _printf_ll_oct                           0x0800f1c7   Thumb Code    12  _printf_oct_int_ll.o(.text)
    _chval                                   0x0800f1dd   Thumb Code    28  _chval.o(.text)
    __vfscanf_char                           0x0800f205   Thumb Code    24  scanf_char.o(.text)
    _sgetc                                   0x0800f225   Thumb Code    30  _sgetc.o(.text)
    _sbackspace                              0x0800f243   Thumb Code    34  _sgetc.o(.text)
    strtol                                   0x0800f265   Thumb Code   112  strtol.o(.text)
    __aeabi_memcpy4                          0x0800f2d5   Thumb Code     0  rt_memcpy_w.o(.text)
    __aeabi_memcpy8                          0x0800f2d5   Thumb Code     0  rt_memcpy_w.o(.text)
    __rt_memcpy_w                            0x0800f2d5   Thumb Code   100  rt_memcpy_w.o(.text)
    _memcpy_lastbytes_aligned                0x0800f31d   Thumb Code     0  rt_memcpy_w.o(.text)
    _localtime_r                             0x0800f339   Thumb Code   178  localtime_internal.o(.text)
    _n$localtime_r                           0x0800f339   Thumb Code     0  localtime_internal.o(.text)
    __user_libspace                          0x0800f3f1   Thumb Code     8  libspace.o(.text)
    __user_perproc_libspace                  0x0800f3f1   Thumb Code     0  libspace.o(.text)
    __user_perthread_libspace                0x0800f3f1   Thumb Code     0  libspace.o(.text)
    __Heap_ProvideMemory                     0x0800f3f9   Thumb Code    52  h1_extend.o(.text)
    _ll_udiv10                               0x0800f42d   Thumb Code   138  lludiv10.o(.text)
    isspace                                  0x0800f4b7   Thumb Code    18  isspace.o(.text)
    _printf_fp_hex_real                      0x0800f4c9   Thumb Code   756  _printf_fp_hex.o(.text)
    _printf_fp_infnan                        0x0800f7c5   Thumb Code   112  _printf_fp_infnan.o(.text)
    _printf_lcs_common                       0x0800f845   Thumb Code    20  _printf_wchar.o(.text)
    _printf_wchar                            0x0800f859   Thumb Code    16  _printf_wchar.o(.text)
    _printf_wstring                          0x0800f869   Thumb Code     8  _printf_wchar.o(.text)
    __vfscanf                                0x0800f871   Thumb Code   880  _scanf.o(.text)
    _strtoul                                 0x0800fbe5   Thumb Code   158  _strtoul.o(.text)
    _btod_etento                             0x0800fc85   Thumb Code   224  bigflt0.o(.text)
    _wcrtomb                                 0x0800fd69   Thumb Code    64  _wcrtomb.o(.text)
    __rt_SIGRTMEM                            0x0800fda9   Thumb Code    14  defsig_rtmem_outer.o(.text)
    strcmp                                   0x0800fdb9   Thumb Code   128  strcmpv7m.o(.text)
    __I$use$semihosting                      0x0800fe39   Thumb Code     0  use_no_semi.o(.text)
    __use_no_semihosting_swi                 0x0800fe39   Thumb Code     2  use_no_semi.o(.text)
    __semihosting_library_function           0x0800fe3b   Thumb Code     0  indicate_semi.o(.text)
    __user_setup_stackheap                   0x0800fe3b   Thumb Code    74  sys_stackheap_outer.o(.text)
    exit                                     0x0800fe85   Thumb Code    18  exit.o(.text)
    __sig_exit                               0x0800fe97   Thumb Code    10  defsig_exit.o(.text)
    __rt_SIGRTMEM_inner                      0x0800fea1   Thumb Code    22  defsig_rtmem_inner.o(.text)
    _sys_exit                                0x0800fef1   Thumb Code     8  sys_exit.o(.text)
    __default_signal_display                 0x0800fefd   Thumb Code    50  defsig_general.o(.text)
    _ttywrch                                 0x0800ff2f   Thumb Code    14  sys_wrch.o(.text)
    _btod_d2e                                0x0800ff3d   Thumb Code    62  btod.o(CL$$btod_d2e)
    _d2e_denorm_low                          0x0800ff7b   Thumb Code    70  btod.o(CL$$btod_d2e_denorm_low)
    _d2e_norm_op1                            0x0800ffc1   Thumb Code    96  btod.o(CL$$btod_d2e_norm_op1)
    __btod_div_common                        0x08010021   Thumb Code   696  btod.o(CL$$btod_div_common)
    _e2e                                     0x08010359   Thumb Code   220  btod.o(CL$$btod_e2e)
    _btod_ediv                               0x08010435   Thumb Code    42  btod.o(CL$$btod_ediv)
    _btod_emul                               0x0801045f   Thumb Code    42  btod.o(CL$$btod_emul)
    __btod_mult_common                       0x08010489   Thumb Code   580  btod.o(CL$$btod_mult_common)
    __ARM_fpclassify                         0x080106cd   Thumb Code    40  fpclassify.o(i.__ARM_fpclassify)
    __kernel_poly                            0x080106f5   Thumb Code   170  poly.o(i.__kernel_poly)
    __mathlib_dbl_infnan                     0x0801079f   Thumb Code     6  dunder.o(i.__mathlib_dbl_infnan)
    __mathlib_dbl_underflow                  0x080107a5   Thumb Code    10  dunder.o(i.__mathlib_dbl_underflow)
    _is_digit                                0x080107b5   Thumb Code    14  __printf_wp.o(i._is_digit)
    atan                                     0x080107c5   Thumb Code   474  atan.o(i.atan)
    sqrt                                     0x080109e5   Thumb Code    76  sqrt.o(i.sqrt)
    _get_lc_ctype                            0x08010a31   Thumb Code    44  lc_ctype_c.o(locale$$code)
    _get_lc_numeric                          0x08010a5d   Thumb Code    44  lc_numeric_c.o(locale$$code)
    __aeabi_d2f                              0x08010a89   Thumb Code     0  d2f.o(x$fpl$d2f)
    _d2f                                     0x08010a89   Thumb Code    98  d2f.o(x$fpl$d2f)
    __aeabi_dadd                             0x08010aed   Thumb Code     0  daddsub_clz.o(x$fpl$dadd)
    _dadd                                    0x08010aed   Thumb Code   332  daddsub_clz.o(x$fpl$dadd)
    __fpl_dcheck_NaN1                        0x08010c3d   Thumb Code    10  dcheck1.o(x$fpl$dcheck1)
    __fpl_dcmp_Inf                           0x08010c4d   Thumb Code    24  dcmpi.o(x$fpl$dcmpinf)
    __aeabi_ddiv                             0x08010c65   Thumb Code     0  ddiv.o(x$fpl$ddiv)
    _ddiv                                    0x08010c65   Thumb Code   552  ddiv.o(x$fpl$ddiv)
    __aeabi_d2uiz                            0x08010f15   Thumb Code     0  dfixu.o(x$fpl$dfixu)
    _dfixu                                   0x08010f15   Thumb Code    90  dfixu.o(x$fpl$dfixu)
    __aeabi_i2d                              0x08010f6f   Thumb Code     0  dflt_clz.o(x$fpl$dflt)
    _dflt                                    0x08010f6f   Thumb Code    46  dflt_clz.o(x$fpl$dflt)
    __aeabi_cdcmple                          0x08010f9d   Thumb Code     0  dleqf.o(x$fpl$dleqf)
    _dcmple                                  0x08010f9d   Thumb Code   120  dleqf.o(x$fpl$dleqf)
    __fpl_dcmple_InfNaN                      0x08010fff   Thumb Code     0  dleqf.o(x$fpl$dleqf)
    __aeabi_dmul                             0x08011015   Thumb Code     0  dmul.o(x$fpl$dmul)
    _dmul                                    0x08011015   Thumb Code   332  dmul.o(x$fpl$dmul)
    __fpl_dnaninf                            0x08011169   Thumb Code   156  dnaninf.o(x$fpl$dnaninf)
    __fpl_dretinf                            0x08011205   Thumb Code    12  dretinf.o(x$fpl$dretinf)
    __aeabi_cdrcmple                         0x08011211   Thumb Code     0  drleqf.o(x$fpl$drleqf)
    _drcmple                                 0x08011211   Thumb Code   108  drleqf.o(x$fpl$drleqf)
    __aeabi_drsub                            0x0801127d   Thumb Code     0  daddsub_clz.o(x$fpl$drsb)
    _drsb                                    0x0801127d   Thumb Code    22  daddsub_clz.o(x$fpl$drsb)
    _dsqrt                                   0x08011295   Thumb Code   456  dsqrt_noumaal.o(x$fpl$dsqrt)
    __aeabi_dsub                             0x08011461   Thumb Code     0  daddsub_clz.o(x$fpl$dsub)
    _dsub                                    0x08011461   Thumb Code   464  daddsub_clz.o(x$fpl$dsub)
    __aeabi_f2d                              0x08011635   Thumb Code     0  f2d.o(x$fpl$f2d)
    _f2d                                     0x08011635   Thumb Code    86  f2d.o(x$fpl$f2d)
    __aeabi_fadd                             0x0801168d   Thumb Code     0  faddsub_clz.o(x$fpl$fadd)
    _fadd                                    0x0801168d   Thumb Code   196  faddsub_clz.o(x$fpl$fadd)
    __aeabi_fdiv                             0x08011751   Thumb Code     0  fdiv.o(x$fpl$fdiv)
    _fdiv                                    0x08011751   Thumb Code   384  fdiv.o(x$fpl$fdiv)
    __aeabi_f2uiz                            0x080118d5   Thumb Code     0  ffixu.o(x$fpl$ffixu)
    _ffixu                                   0x080118d5   Thumb Code    62  ffixu.o(x$fpl$ffixu)
    __aeabi_i2f                              0x08011915   Thumb Code     0  fflt_clz.o(x$fpl$fflt)
    _fflt                                    0x08011915   Thumb Code    48  fflt_clz.o(x$fpl$fflt)
    __aeabi_ui2f                             0x08011945   Thumb Code     0  fflt_clz.o(x$fpl$ffltu)
    _ffltu                                   0x08011945   Thumb Code    38  fflt_clz.o(x$fpl$ffltu)
    __aeabi_fmul                             0x0801196d   Thumb Code     0  fmul.o(x$fpl$fmul)
    _fmul                                    0x0801196d   Thumb Code   258  fmul.o(x$fpl$fmul)
    __fpl_fnaninf                            0x08011a6f   Thumb Code   140  fnaninf.o(x$fpl$fnaninf)
    __fpl_fretinf                            0x08011afb   Thumb Code    10  fretinf.o(x$fpl$fretinf)
    __aeabi_fsub                             0x08011b05   Thumb Code     0  faddsub_clz.o(x$fpl$fsub)
    _fsub                                    0x08011b05   Thumb Code   234  faddsub_clz.o(x$fpl$fsub)
    _printf_fp_dec                           0x08011bef   Thumb Code     4  printf1.o(x$fpl$printf1)
    _printf_fp_hex                           0x08011bf3   Thumb Code     4  printf2.o(x$fpl$printf2)
    __fpl_return_NaN                         0x08011bf7   Thumb Code   100  retnan.o(x$fpl$retnan)
    __ARM_scalbn                             0x08011c5b   Thumb Code    92  scalbn.o(x$fpl$scalbn)
    __fpl_cmpreturn                          0x08011cb7   Thumb Code    48  trapv.o(x$fpl$trapveneer)
    __I$use$fp                               0x08011ce6   Number         0  usenofp.o(x$fpl$usenofp)
    adc_channel_list                         0x08011ce6   Data           2  adc.o(.constdata)
    Array                                    0x08011d98   Data        2583  main.o(.constdata)
    asc2_1608                                0x080127af   Data        1520  font.o(.constdata)
    asc2_2412                                0x08012d9f   Data        3420  font.o(.constdata)
    F6x8                                     0x08013afb   Data         552  font.o(.constdata)
    F8X16                                    0x08013d23   Data        1520  font.o(.constdata)
    wen                                      0x08014313   Data          32  font.o(.constdata)
    du                                       0x08014333   Data          32  font.o(.constdata)
    shi                                      0x08014353   Data          32  font.o(.constdata)
    san                                      0x08014373   Data          32  font.o(.constdata)
    zhou                                     0x08014393   Data          32  font.o(.constdata)
    guang                                    0x080143b3   Data          32  font.o(.constdata)
    min                                      0x080143d3   Data          32  font.o(.constdata)
    zhuang                                   0x080143f3   Data          32  font.o(.constdata)
    tai                                      0x08014413   Data          32  font.o(.constdata)
    wei                                      0x08014433   Data          32  font.o(.constdata)
    lian                                     0x08014453   Data          32  font.o(.constdata)
    jie                                      0x08014473   Data          32  font.o(.constdata)
    zhong                                    0x08014493   Data          32  font.o(.constdata)
    yi                                       0x080144b3   Data          32  font.o(.constdata)
    duan                                     0x080144d3   Data          32  font.o(.constdata)
    kai                                      0x080144f3   Data          32  font.o(.constdata)
    tag                                      0x08014513   Data           3  net_io.o(.constdata)
    tag_num                                  0x08014516   Data           1  net_io.o(.constdata)
    _monlen                                  0x08014acc   Data          12  _monlen.o(.constdata)
    Region$$Table$$Base                      0x08014de0   Number         0  anon$$obj.o(Region$$Table)
    Region$$Table$$Limit                     0x08014e00   Number         0  anon$$obj.o(Region$$Table)
    __ctype                                  0x08014e0d   Data           0  lc_ctype_c.o(locale$$data)
    SystemCoreClock                          0x20000000   Data           4  system_stm32f10x.o(.data)
    AHBPrescTable                            0x20000004   Data          16  system_stm32f10x.o(.data)
    adc_value_list                           0x2000002a   Data           4  adc.o(.data)
    UsCount                                  0x2000002e   Data           1  delay.o(.data)
    MsCount                                  0x20000030   Data           2  delay.o(.data)
    timer_info                               0x20000034   Data           4  hwtimer.o(.data)
    iic_info                                 0x2000003c   Data           8  i2c.o(.data)
    rtc_info                                 0x20000045   Data           1  rtc.o(.data)
    eeprom_info                              0x2000004c   Data           1  at24c02.o(.data)
    beep_info                                0x2000004d   Data           1  beep.o(.data)
    led_status                               0x20000055   Data           4  led.o(.data)
    led_pwm                                  0x20000059   Data           2  led.o(.data)
    spilcd_info                              0x2000005b   Data           1  spilcd.o(.data)
    light_info                               0x2000005c   Data           4  light.o(.data)
    ZW_REDLED                                0x20000064   Data          10  main.o(.data)
    ZW_BLUELED                               0x2000006e   Data          10  main.o(.data)
    ZW_GREENLED                              0x20000078   Data          10  main.o(.data)
    ZW_YELLOWLED                             0x20000082   Data          10  main.o(.data)
    ZW_TEMPERATURE                           0x2000008c   Data           7  main.o(.data)
    ZW_HUMIDITY                              0x20000093   Data           7  main.o(.data)
    ZW_BEEP                                  0x2000009a   Data          10  main.o(.data)
    ZW_X                                     0x200000a4   Data           5  main.o(.data)
    ZW_Y                                     0x200000a9   Data           5  main.o(.data)
    ZW_Z                                     0x200000ae   Data           5  main.o(.data)
    ZW_BG                                    0x200000b3   Data           7  main.o(.data)
    ZW_TIME                                  0x200000ba   Data          13  main.o(.data)
    ZW_SIGNAL                                0x200000c7   Data           7  main.o(.data)
    ZW_ERRTYPE                               0x200000ce   Data          13  main.o(.data)
    ZW_LIGHT                                 0x200000db   Data           7  main.o(.data)
    FACE_MODE                                0x200000e2   Data          13  main.o(.data)
    TIMER_S                                  0x200000ef   Data          10  main.o(.data)
    TEMPERATURE_TIPS                         0x200000f9   Data          13  main.o(.data)
    data_stream                              0x20000108   Data         240  main.o(.data)
    data_stream_cnt                          0x200001f8   Data           1  main.o(.data)
    asc2_1206                                0x2000020d   Data        1140  font.o(.data)
    timer_count                              0x20000684   Data           2  net_task.o(.data)
    topics                                   0x20000688   Data           8  net_task.o(.data)
    onenet_info                              0x2000069c   Data         180  onenet.o(.data)
    net_fault_info                           0x20000754   Data           3  fault.o(.data)
    cmd_callback_info                        0x20000758   Data          48  cmd_callback.o(.data)
    cmd_cb_cnt                               0x20000788   Data           1  cmd_callback.o(.data)
    net_device_info                          0x20000790   Data          36  net_device.o(.data)
    gpio_device                              0x200007bc   Data         164  mcu_gpio.o(.bss)
    alter_info                               0x20000860   Data         152  usart.o(.bss)
    usart_printbuf                           0x200008f8   Data         256  usart.o(.bss)
    key_event                                0x200009f8   Data          16  key.o(.bss)
    sht20_info                               0x20000a08   Data          12  sht20.o(.bss)
    adxl362_info                             0x20000a14   Data          36  adxl362.o(.bss)
    myTime                                   0x20004638   Data          20  main.o(.bss)
    task_info                                0x2000464c   Data          28  main.o(.bss)
    data_lbs                                 0x20004668   Data          18  main.o(.bss)
    net_io_info                              0x200046ba   Data        1030  net_io.o(.bss)
    gps                                      0x20004ac0   Data          49  net_device.o(.bss)
    fw_task_info                             0x20004af4   Data          16  framework.o(.bss)
    __libspace_start                         0x20004b30   Data          96  libspace.o(.bss)
    __temporary_stack_top$libspace           0x20004b90   Data           0  libspace.o(.bss)



==============================================================================

Memory Map of the image

  Image Entry point : 0x08000131

  Load Region LR_IROM1 (Base: 0x08000000, Size: 0x000156e8, Max: 0x00080000, ABSOLUTE, COMPRESSED[0x00015390])

    Execution Region ER_IROM1 (Exec base: 0x08000000, Load base: 0x08000000, Size: 0x00014f2c, Max: 0x00080000, ABSOLUTE)

    Exec Addr    Load Addr    Size         Type   Attr      Idx    E Section Name        Object

    0x08000000   0x08000000   0x00000130   Data   RO          140    RESET               startup_stm32f10x_hd.o
    0x08000130   0x08000130   0x00000008   Code   RO         1365  * !!!main             c_w.l(__main.o)
    0x08000138   0x08000138   0x00000034   Code   RO         1811    !!!scatter          c_w.l(__scatter.o)
    0x0800016c   0x0800016c   0x0000005a   Code   RO         1809    !!dczerorl2         c_w.l(__dczerorl2.o)
    0x080001c6   0x080001c6   0x00000002   PAD
    0x080001c8   0x080001c8   0x0000001c   Code   RO         1813    !!handler_zi        c_w.l(__scatter_zi.o)
    0x080001e4   0x080001e4   0x00000000   Code   RO         1333    .ARM.Collect$$_printf_percent$$00000000  c_w.l(_printf_percent.o)
    0x080001e4   0x080001e4   0x00000006   Code   RO         1506    .ARM.Collect$$_printf_percent$$00000001  c_w.l(_printf_n.o)
    0x080001ea   0x080001ea   0x00000006   Code   RO         1507    .ARM.Collect$$_printf_percent$$00000002  c_w.l(_printf_p.o)
    0x080001f0   0x080001f0   0x00000006   Code   RO         1332    .ARM.Collect$$_printf_percent$$00000003  c_w.l(_printf_f.o)
    0x080001f6   0x080001f6   0x00000006   Code   RO         1511    .ARM.Collect$$_printf_percent$$00000004  c_w.l(_printf_e.o)
    0x080001fc   0x080001fc   0x00000006   Code   RO         1512    .ARM.Collect$$_printf_percent$$00000005  c_w.l(_printf_g.o)
    0x08000202   0x08000202   0x00000006   Code   RO         1513    .ARM.Collect$$_printf_percent$$00000006  c_w.l(_printf_a.o)
    0x08000208   0x08000208   0x0000000a   Code   RO         1518    .ARM.Collect$$_printf_percent$$00000007  c_w.l(_printf_ll.o)
    0x08000212   0x08000212   0x00000006   Code   RO         1509    .ARM.Collect$$_printf_percent$$00000008  c_w.l(_printf_i.o)
    0x08000218   0x08000218   0x00000006   Code   RO         1331    .ARM.Collect$$_printf_percent$$00000009  c_w.l(_printf_d.o)
    0x0800021e   0x0800021e   0x00000006   Code   RO         1510    .ARM.Collect$$_printf_percent$$0000000A  c_w.l(_printf_u.o)
    0x08000224   0x08000224   0x00000006   Code   RO         1508    .ARM.Collect$$_printf_percent$$0000000B  c_w.l(_printf_o.o)
    0x0800022a   0x0800022a   0x00000006   Code   RO         1330    .ARM.Collect$$_printf_percent$$0000000C  c_w.l(_printf_x.o)
    0x08000230   0x08000230   0x00000006   Code   RO         1515    .ARM.Collect$$_printf_percent$$0000000D  c_w.l(_printf_lli.o)
    0x08000236   0x08000236   0x00000006   Code   RO         1516    .ARM.Collect$$_printf_percent$$0000000E  c_w.l(_printf_lld.o)
    0x0800023c   0x0800023c   0x00000006   Code   RO         1517    .ARM.Collect$$_printf_percent$$0000000F  c_w.l(_printf_llu.o)
    0x08000242   0x08000242   0x00000006   Code   RO         1522    .ARM.Collect$$_printf_percent$$00000010  c_w.l(_printf_llo.o)
    0x08000248   0x08000248   0x00000006   Code   RO         1523    .ARM.Collect$$_printf_percent$$00000011  c_w.l(_printf_llx.o)
    0x0800024e   0x0800024e   0x0000000a   Code   RO         1519    .ARM.Collect$$_printf_percent$$00000012  c_w.l(_printf_l.o)
    0x08000258   0x08000258   0x00000006   Code   RO         1328    .ARM.Collect$$_printf_percent$$00000013  c_w.l(_printf_c.o)
    0x0800025e   0x0800025e   0x00000006   Code   RO         1329    .ARM.Collect$$_printf_percent$$00000014  c_w.l(_printf_s.o)
    0x08000264   0x08000264   0x00000006   Code   RO         1520    .ARM.Collect$$_printf_percent$$00000015  c_w.l(_printf_lc.o)
    0x0800026a   0x0800026a   0x00000006   Code   RO         1521    .ARM.Collect$$_printf_percent$$00000016  c_w.l(_printf_ls.o)
    0x08000270   0x08000270   0x00000004   Code   RO         1514    .ARM.Collect$$_printf_percent$$00000017  c_w.l(_printf_percent_end.o)
    0x08000274   0x08000274   0x00000002   Code   RO         1742    .ARM.Collect$$libinit$$00000000  c_w.l(libinit.o)
    0x08000276   0x08000276   0x00000000   Code   RO         1542    .ARM.Collect$$libinit$$00000002  c_w.l(libinit2.o)
    0x08000276   0x08000276   0x00000000   Code   RO         1544    .ARM.Collect$$libinit$$00000004  c_w.l(libinit2.o)
    0x08000276   0x08000276   0x00000008   Code   RO         1545    .ARM.Collect$$libinit$$00000005  c_w.l(libinit2.o)
    0x0800027e   0x0800027e   0x00000000   Code   RO         1547    .ARM.Collect$$libinit$$0000000A  c_w.l(libinit2.o)
    0x0800027e   0x0800027e   0x00000000   Code   RO         1549    .ARM.Collect$$libinit$$0000000C  c_w.l(libinit2.o)
    0x0800027e   0x0800027e   0x00000000   Code   RO         1551    .ARM.Collect$$libinit$$0000000E  c_w.l(libinit2.o)
    0x0800027e   0x0800027e   0x00000006   Code   RO         1552    .ARM.Collect$$libinit$$0000000F  c_w.l(libinit2.o)
    0x08000284   0x08000284   0x00000000   Code   RO         1554    .ARM.Collect$$libinit$$00000011  c_w.l(libinit2.o)
    0x08000284   0x08000284   0x0000000c   Code   RO         1555    .ARM.Collect$$libinit$$00000012  c_w.l(libinit2.o)
    0x08000290   0x08000290   0x00000000   Code   RO         1556    .ARM.Collect$$libinit$$00000013  c_w.l(libinit2.o)
    0x08000290   0x08000290   0x00000000   Code   RO         1558    .ARM.Collect$$libinit$$00000015  c_w.l(libinit2.o)
    0x08000290   0x08000290   0x0000000a   Code   RO         1559    .ARM.Collect$$libinit$$00000016  c_w.l(libinit2.o)
    0x0800029a   0x0800029a   0x00000000   Code   RO         1560    .ARM.Collect$$libinit$$00000017  c_w.l(libinit2.o)
    0x0800029a   0x0800029a   0x00000000   Code   RO         1562    .ARM.Collect$$libinit$$00000019  c_w.l(libinit2.o)
    0x0800029a   0x0800029a   0x00000000   Code   RO         1564    .ARM.Collect$$libinit$$0000001B  c_w.l(libinit2.o)
    0x0800029a   0x0800029a   0x00000000   Code   RO         1566    .ARM.Collect$$libinit$$0000001D  c_w.l(libinit2.o)
    0x0800029a   0x0800029a   0x00000000   Code   RO         1568    .ARM.Collect$$libinit$$0000001F  c_w.l(libinit2.o)
    0x0800029a   0x0800029a   0x00000000   Code   RO         1570    .ARM.Collect$$libinit$$00000021  c_w.l(libinit2.o)
    0x0800029a   0x0800029a   0x00000000   Code   RO         1572    .ARM.Collect$$libinit$$00000023  c_w.l(libinit2.o)
    0x0800029a   0x0800029a   0x00000000   Code   RO         1574    .ARM.Collect$$libinit$$00000025  c_w.l(libinit2.o)
    0x0800029a   0x0800029a   0x00000000   Code   RO         1578    .ARM.Collect$$libinit$$0000002C  c_w.l(libinit2.o)
    0x0800029a   0x0800029a   0x00000000   Code   RO         1580    .ARM.Collect$$libinit$$0000002E  c_w.l(libinit2.o)
    0x0800029a   0x0800029a   0x00000000   Code   RO         1582    .ARM.Collect$$libinit$$00000030  c_w.l(libinit2.o)
    0x0800029a   0x0800029a   0x00000000   Code   RO         1584    .ARM.Collect$$libinit$$00000032  c_w.l(libinit2.o)
    0x0800029a   0x0800029a   0x00000002   Code   RO         1585    .ARM.Collect$$libinit$$00000033  c_w.l(libinit2.o)
    0x0800029c   0x0800029c   0x00000002   Code   RO         1806    .ARM.Collect$$libshutdown$$00000000  c_w.l(libshutdown.o)
    0x0800029e   0x0800029e   0x00000000   Code   RO         1758    .ARM.Collect$$libshutdown$$00000002  c_w.l(libshutdown2.o)
    0x0800029e   0x0800029e   0x00000000   Code   RO         1760    .ARM.Collect$$libshutdown$$00000004  c_w.l(libshutdown2.o)
    0x0800029e   0x0800029e   0x00000000   Code   RO         1762    .ARM.Collect$$libshutdown$$00000006  c_w.l(libshutdown2.o)
    0x0800029e   0x0800029e   0x00000000   Code   RO         1765    .ARM.Collect$$libshutdown$$00000009  c_w.l(libshutdown2.o)
    0x0800029e   0x0800029e   0x00000000   Code   RO         1768    .ARM.Collect$$libshutdown$$0000000C  c_w.l(libshutdown2.o)
    0x0800029e   0x0800029e   0x00000000   Code   RO         1770    .ARM.Collect$$libshutdown$$0000000E  c_w.l(libshutdown2.o)
    0x0800029e   0x0800029e   0x00000000   Code   RO         1773    .ARM.Collect$$libshutdown$$00000011  c_w.l(libshutdown2.o)
    0x0800029e   0x0800029e   0x00000002   Code   RO         1774    .ARM.Collect$$libshutdown$$00000012  c_w.l(libshutdown2.o)
    0x080002a0   0x080002a0   0x00000000   Code   RO         1441    .ARM.Collect$$rtentry$$00000000  c_w.l(__rtentry.o)
    0x080002a0   0x080002a0   0x00000000   Code   RO         1631    .ARM.Collect$$rtentry$$00000002  c_w.l(__rtentry2.o)
    0x080002a0   0x080002a0   0x00000006   Code   RO         1643    .ARM.Collect$$rtentry$$00000004  c_w.l(__rtentry4.o)
    0x080002a6   0x080002a6   0x00000000   Code   RO         1633    .ARM.Collect$$rtentry$$00000009  c_w.l(__rtentry2.o)
    0x080002a6   0x080002a6   0x00000004   Code   RO         1634    .ARM.Collect$$rtentry$$0000000A  c_w.l(__rtentry2.o)
    0x080002aa   0x080002aa   0x00000000   Code   RO         1636    .ARM.Collect$$rtentry$$0000000C  c_w.l(__rtentry2.o)
    0x080002aa   0x080002aa   0x00000008   Code   RO         1637    .ARM.Collect$$rtentry$$0000000D  c_w.l(__rtentry2.o)
    0x080002b2   0x080002b2   0x00000002   Code   RO         1747    .ARM.Collect$$rtexit$$00000000  c_w.l(rtexit.o)
    0x080002b4   0x080002b4   0x00000000   Code   RO         1780    .ARM.Collect$$rtexit$$00000002  c_w.l(rtexit2.o)
    0x080002b4   0x080002b4   0x00000004   Code   RO         1781    .ARM.Collect$$rtexit$$00000003  c_w.l(rtexit2.o)
    0x080002b8   0x080002b8   0x00000006   Code   RO         1782    .ARM.Collect$$rtexit$$00000004  c_w.l(rtexit2.o)
    0x080002be   0x080002be   0x00000002   PAD
    0x080002c0   0x080002c0   0x00000000   Code   RO         1647    .emb_text           c_w.l(maybetermalloc1.o)
    0x080002c0   0x080002c0   0x00000144   Code   RO           17    .text               stm32f10x_it.o
    0x08000404   0x08000404   0x000001e8   Code   RO          120    .text               system_stm32f10x.o
    0x080005ec   0x080005ec   0x00000040   Code   RO          141    .text               startup_stm32f10x_hd.o
    0x0800062c   0x0800062c   0x000000dc   Code   RO          145    .text               misc.o
    0x08000708   0x08000708   0x0000035c   Code   RO          183    .text               stm32f10x_gpio.o
    0x08000a64   0x08000a64   0x000003ac   Code   RO          195    .text               stm32f10x_rcc.o
    0x08000e10   0x08000e10   0x00000e1a   Code   RO          209    .text               stm32f10x_tim.o
    0x08001c2a   0x08001c2a   0x00000002   PAD
    0x08001c2c   0x08001c2c   0x00000408   Code   RO          221    .text               stm32f10x_usart.o
    0x08002034   0x08002034   0x0000044e   Code   RO          233    .text               stm32f10x_adc.o
    0x08002482   0x08002482   0x00000002   PAD
    0x08002484   0x08002484   0x00000254   Code   RO          245    .text               stm32f10x_dma.o
    0x080026d8   0x080026d8   0x000000c4   Code   RO          257    .text               stm32f10x_bkp.o
    0x0800279c   0x0800279c   0x0000011c   Code   RO          269    .text               stm32f10x_exti.o
    0x080028b8   0x080028b8   0x000000cc   Code   RO          281    .text               stm32f10x_pwr.o
    0x08002984   0x08002984   0x00000148   Code   RO          293    .text               stm32f10x_rtc.o
    0x08002acc   0x08002acc   0x0000030c   Code   RO          305    .text               stm32f10x_spi.o
    0x08002dd8   0x08002dd8   0x00000404   Code   RO          317    .text               stm32f10x_i2c.o
    0x080031dc   0x080031dc   0x000000c4   Code   RO          329    .text               mcu_adc.o
    0x080032a0   0x080032a0   0x0000006e   Code   RO          350    .text               mcu_dma.o
    0x0800330e   0x0800330e   0x00000002   PAD
    0x08003310   0x08003310   0x0000018c   Code   RO          380    .text               mcu_gpio.o
    0x0800349c   0x0800349c   0x00000022   Code   RO          395    .text               mcu_nvic.o
    0x080034be   0x080034be   0x00000002   PAD
    0x080034c0   0x080034c0   0x00000078   Code   RO          410    .text               mcu_rcc.o
    0x08003538   0x08003538   0x000001b4   Code   RO          422    .text               mcu_spi.o
    0x080036ec   0x080036ec   0x000000da   Code   RO          437    .text               mcu_timer.o
    0x080037c6   0x080037c6   0x00000002   PAD
    0x080037c8   0x080037c8   0x0000014c   Code   RO          452    .text               mcu_usart.o
    0x08003914   0x08003914   0x000000a0   Code   RO          467    .text               mcu_i2c.o
    0x080039b4   0x080039b4   0x0000029c   Code   RO          482    .text               adc.o
    0x08003c50   0x08003c50   0x000000b8   Code   RO          504    .text               delay.o
    0x08003d08   0x08003d08   0x00000224   Code   RO          519    .text               hwtimer.o
    0x08003f2c   0x08003f2c   0x000008ac   Code   RO          537    .text               i2c.o
    0x080047d8   0x080047d8   0x00000150   Code   RO          555    .text               rtc.o
    0x08004928   0x08004928   0x000002bc   Code   RO          573    .text               spi.o
    0x08004be4   0x08004be4   0x0000040c   Code   RO          590    .text               usart.o
    0x08004ff0   0x08004ff0   0x000001f8   Code   RO          619    .text               at24c02.o
    0x080051e8   0x080051e8   0x000000b8   Code   RO          641    .text               beep.o
    0x080052a0   0x080052a0   0x000002ac   Code   RO          661    .text               lcd1602.o
    0x0800554c   0x0800554c   0x00000174   Code   RO          683    .text               key.o
    0x080056c0   0x080056c0   0x000000f0   Code   RO          704    .text               led.o
    0x080057b0   0x080057b0   0x00000304   Code   RO          724    .text               sht20.o
    0x08005ab4   0x08005ab4   0x000009b8   Code   RO          743    .text               spilcd.o
    0x0800646c   0x0800646c   0x000003cc   Code   RO          770    .text               adxl362.o
    0x08006838   0x08006838   0x00000054   Code   RO          793    .text               light.o
    0x0800688c   0x0800688c   0x00000164   Code   RO          812    .text               ir.o
    0x080069f0   0x080069f0   0x0000102c   Code   RO          844    .text               main.o
    0x08007a1c   0x08007a1c   0x000004b0   Code   RO          956    .text               net_task.o
    0x08007ecc   0x08007ecc   0x00001384   Code   RO          976    .text               onenet.o
    0x08009250   0x08009250   0x000001b4   Code   RO         1007    .text               fault.o
    0x08009404   0x08009404   0x0000070c   Code   RO         1025    .text               dstream.o
    0x08009b10   0x08009b10   0x000001f0   Code   RO         1044    .text               cmd_callback.o
    0x08009d00   0x08009d00   0x00001bb8   Code   RO         1063    .text               protocol_parser.o
    0x0800b8b8   0x0800b8b8   0x00000de4   Code   RO         1097    .text               mqttkit.o
    0x0800c69c   0x0800c69c   0x00000278   Code   RO         1125    .text               net_io.o
    0x0800c914   0x0800c914   0x00000a00   Code   RO         1144    .text               net_device.o
    0x0800d314   0x0800d314   0x00000150   Code   RO         1165    .text               framework.o
    0x0800d464   0x0800d464   0x00000c18   Code   RO         1183    .text               tlsf.o
    0x0800e07c   0x0800e07c   0x00000010   Code   RO         1203    .text               c_w.l(rt_ctype_table.o)
    0x0800e08c   0x0800e08c   0x0000005e   Code   RO         1209    .text               c_w.l(h1_alloc.o)
    0x0800e0ea   0x0800e0ea   0x0000004e   Code   RO         1211    .text               c_w.l(h1_free.o)
    0x0800e138   0x0800e138   0x00000024   Code   RO         1267    .text               c_w.l(vsprintf.o)
    0x0800e15c   0x0800e15c   0x00000034   Code   RO         1269    .text               c_w.l(vsnprintf.o)
    0x0800e190   0x0800e190   0x0000002c   Code   RO         1271    .text               c_w.l(__2sprintf.o)
    0x0800e1bc   0x0800e1bc   0x00000038   Code   RO         1273    .text               c_w.l(__2snprintf.o)
    0x0800e1f4   0x0800e1f4   0x0000004e   Code   RO         1281    .text               c_w.l(_printf_pad.o)
    0x0800e242   0x0800e242   0x00000052   Code   RO         1283    .text               c_w.l(_printf_str.o)
    0x0800e294   0x0800e294   0x00000078   Code   RO         1285    .text               c_w.l(_printf_dec.o)
    0x0800e30c   0x0800e30c   0x00000094   Code   RO         1305    .text               c_w.l(_printf_hex_int_ll_ptr.o)
    0x0800e3a0   0x0800e3a0   0x00000188   Code   RO         1325    .text               c_w.l(__printf_flags_ss_wp.o)
    0x0800e528   0x0800e528   0x0000003c   Code   RO         1334    .text               c_w.l(__0sscanf.o)
    0x0800e564   0x0800e564   0x0000014c   Code   RO         1336    .text               c_w.l(_scanf_int.o)
    0x0800e6b0   0x0800e6b0   0x000000e0   Code   RO         1338    .text               c_w.l(_scanf_str.o)
    0x0800e790   0x0800e790   0x0000001a   Code   RO         1340    .text               c_w.l(atoi.o)
    0x0800e7aa   0x0800e7aa   0x00000014   Code   RO         1342    .text               c_w.l(strchr.o)
    0x0800e7be   0x0800e7be   0x00000024   Code   RO         1344    .text               c_w.l(strncat.o)
    0x0800e7e2   0x0800e7e2   0x00000024   Code   RO         1346    .text               c_w.l(strstr.o)
    0x0800e806   0x0800e806   0x00000048   Code   RO         1348    .text               c_w.l(strcpy.o)
    0x0800e84e   0x0800e84e   0x0000003e   Code   RO         1350    .text               c_w.l(strlen.o)
    0x0800e88c   0x0800e88c   0x00000018   Code   RO         1352    .text               c_w.l(strcat.o)
    0x0800e8a4   0x0800e8a4   0x0000008a   Code   RO         1354    .text               c_w.l(rt_memcpy_v6.o)
    0x0800e92e   0x0800e92e   0x00000044   Code   RO         1356    .text               c_w.l(rt_memclr.o)
    0x0800e972   0x0800e972   0x0000004e   Code   RO         1358    .text               c_w.l(rt_memclr_w.o)
    0x0800e9c0   0x0800e9c0   0x0000000c   Code   RO         1360    .text               c_w.l(localtime.o)
    0x0800e9cc   0x0800e9cc   0x00000006   Code   RO         1363    .text               c_w.l(heapauxi.o)
    0x0800e9d2   0x0800e9d2   0x00000002   PAD
    0x0800e9d4   0x0800e9d4   0x00000008   Code   RO         1445    .text               c_w.l(rt_heap_descriptor_intlibspace.o)
    0x0800e9dc   0x0800e9dc   0x00000008   Code   RO         1450    .text               c_w.l(rt_locale_intlibspace.o)
    0x0800e9e4   0x0800e9e4   0x00000008   Code   RO         1455    .text               c_w.l(rt_errno_addr_intlibspace.o)
    0x0800e9ec   0x0800e9ec   0x00000004   Code   RO         1457    .text               c_w.l(hguard.o)
    0x0800e9f0   0x0800e9f0   0x0000008a   Code   RO         1459    .text               c_w.l(init_alloc.o)
    0x0800ea7a   0x0800ea7a   0x0000000e   Code   RO         1463    .text               c_w.l(h1_init.o)
    0x0800ea88   0x0800ea88   0x00000016   Code   RO         1477    .text               c_w.l(_rserrno.o)
    0x0800ea9e   0x0800ea9e   0x00000024   Code   RO         1479    .text               c_w.l(_printf_truncate.o)
    0x0800eac2   0x0800eac2   0x000000b2   Code   RO         1481    .text               c_w.l(_printf_intcommon.o)
    0x0800eb74   0x0800eb74   0x00000028   Code   RO         1483    .text               c_w.l(_printf_charcount.o)
    0x0800eb9c   0x0800eb9c   0x0000041e   Code   RO         1485    .text               c_w.l(_printf_fp_dec.o)
    0x0800efba   0x0800efba   0x00000002   PAD
    0x0800efbc   0x0800efbc   0x00000030   Code   RO         1487    .text               c_w.l(_printf_char_common.o)
    0x0800efec   0x0800efec   0x0000000a   Code   RO         1489    .text               c_w.l(_sputc.o)
    0x0800eff6   0x0800eff6   0x00000010   Code   RO         1491    .text               c_w.l(_snputc.o)
    0x0800f006   0x0800f006   0x0000002c   Code   RO         1493    .text               c_w.l(_printf_char.o)
    0x0800f032   0x0800f032   0x00000002   PAD
    0x0800f034   0x0800f034   0x000000bc   Code   RO         1495    .text               c_w.l(_printf_wctomb.o)
    0x0800f0f0   0x0800f0f0   0x0000007c   Code   RO         1498    .text               c_w.l(_printf_longlong_dec.o)
    0x0800f16c   0x0800f16c   0x00000070   Code   RO         1504    .text               c_w.l(_printf_oct_int_ll.o)
    0x0800f1dc   0x0800f1dc   0x0000001c   Code   RO         1524    .text               c_w.l(_chval.o)
    0x0800f1f8   0x0800f1f8   0x0000002c   Code   RO         1526    .text               c_w.l(scanf_char.o)
    0x0800f224   0x0800f224   0x00000040   Code   RO         1528    .text               c_w.l(_sgetc.o)
    0x0800f264   0x0800f264   0x00000070   Code   RO         1530    .text               c_w.l(strtol.o)
    0x0800f2d4   0x0800f2d4   0x00000064   Code   RO         1535    .text               c_w.l(rt_memcpy_w.o)
    0x0800f338   0x0800f338   0x000000b8   Code   RO         1537    .text               c_w.l(localtime_internal.o)
    0x0800f3f0   0x0800f3f0   0x00000008   Code   RO         1627    .text               c_w.l(libspace.o)
    0x0800f3f8   0x0800f3f8   0x00000034   Code   RO         1649    .text               c_w.l(h1_extend.o)
    0x0800f42c   0x0800f42c   0x0000008a   Code   RO         1653    .text               c_w.l(lludiv10.o)
    0x0800f4b6   0x0800f4b6   0x00000012   Code   RO         1655    .text               c_w.l(isspace.o)
    0x0800f4c8   0x0800f4c8   0x000002fc   Code   RO         1657    .text               c_w.l(_printf_fp_hex.o)
    0x0800f7c4   0x0800f7c4   0x00000080   Code   RO         1660    .text               c_w.l(_printf_fp_infnan.o)
    0x0800f844   0x0800f844   0x0000002c   Code   RO         1664    .text               c_w.l(_printf_wchar.o)
    0x0800f870   0x0800f870   0x00000374   Code   RO         1666    .text               c_w.l(_scanf.o)
    0x0800fbe4   0x0800fbe4   0x0000009e   Code   RO         1668    .text               c_w.l(_strtoul.o)
    0x0800fc82   0x0800fc82   0x00000002   PAD
    0x0800fc84   0x0800fc84   0x000000e4   Code   RO         1670    .text               c_w.l(bigflt0.o)
    0x0800fd68   0x0800fd68   0x00000040   Code   RO         1695    .text               c_w.l(_wcrtomb.o)
    0x0800fda8   0x0800fda8   0x0000000e   Code   RO         1700    .text               c_w.l(defsig_rtmem_outer.o)
    0x0800fdb6   0x0800fdb6   0x00000002   PAD
    0x0800fdb8   0x0800fdb8   0x00000080   Code   RO         1704    .text               c_w.l(strcmpv7m.o)
    0x0800fe38   0x0800fe38   0x00000002   Code   RO         1718    .text               c_w.l(use_no_semi.o)
    0x0800fe3a   0x0800fe3a   0x00000000   Code   RO         1720    .text               c_w.l(indicate_semi.o)
    0x0800fe3a   0x0800fe3a   0x0000004a   Code   RO         1721    .text               c_w.l(sys_stackheap_outer.o)
    0x0800fe84   0x0800fe84   0x00000012   Code   RO         1727    .text               c_w.l(exit.o)
    0x0800fe96   0x0800fe96   0x0000000a   Code   RO         1729    .text               c_w.l(defsig_exit.o)
    0x0800fea0   0x0800fea0   0x00000050   Code   RO         1731    .text               c_w.l(defsig_rtmem_inner.o)
    0x0800fef0   0x0800fef0   0x0000000c   Code   RO         1745    .text               c_w.l(sys_exit.o)
    0x0800fefc   0x0800fefc   0x00000032   Code   RO         1755    .text               c_w.l(defsig_general.o)
    0x0800ff2e   0x0800ff2e   0x0000000e   Code   RO         1777    .text               c_w.l(sys_wrch.o)
    0x0800ff3c   0x0800ff3c   0x0000003e   Code   RO         1673    CL$$btod_d2e        c_w.l(btod.o)
    0x0800ff7a   0x0800ff7a   0x00000046   Code   RO         1675    CL$$btod_d2e_denorm_low  c_w.l(btod.o)
    0x0800ffc0   0x0800ffc0   0x00000060   Code   RO         1674    CL$$btod_d2e_norm_op1  c_w.l(btod.o)
    0x08010020   0x08010020   0x00000338   Code   RO         1683    CL$$btod_div_common  c_w.l(btod.o)
    0x08010358   0x08010358   0x000000dc   Code   RO         1680    CL$$btod_e2e        c_w.l(btod.o)
    0x08010434   0x08010434   0x0000002a   Code   RO         1677    CL$$btod_ediv       c_w.l(btod.o)
    0x0801045e   0x0801045e   0x0000002a   Code   RO         1676    CL$$btod_emul       c_w.l(btod.o)
    0x08010488   0x08010488   0x00000244   Code   RO         1682    CL$$btod_mult_common  c_w.l(btod.o)
    0x080106cc   0x080106cc   0x00000028   Code   RO         1621    i.__ARM_fpclassify  m_ws.l(fpclassify.o)
    0x080106f4   0x080106f4   0x000000aa   Code   RO         1623    i.__kernel_poly     m_ws.l(poly.o)
    0x0801079e   0x0801079e   0x00000006   Code   RO         1608    i.__mathlib_dbl_infnan  m_ws.l(dunder.o)
    0x080107a4   0x080107a4   0x00000010   Code   RO         1613    i.__mathlib_dbl_underflow  m_ws.l(dunder.o)
    0x080107b4   0x080107b4   0x0000000e   Code   RO         1318    i._is_digit         c_w.l(__printf_wp.o)
    0x080107c2   0x080107c2   0x00000002   PAD
    0x080107c4   0x080107c4   0x00000220   Code   RO         1422    i.atan              m_ws.l(atan.o)
    0x080109e4   0x080109e4   0x0000004c   Code   RO         1432    i.sqrt              m_ws.l(sqrt.o)
    0x08010a30   0x08010a30   0x0000002c   Code   RO         1533    locale$$code        c_w.l(lc_ctype_c.o)
    0x08010a5c   0x08010a5c   0x0000002c   Code   RO         1698    locale$$code        c_w.l(lc_numeric_c.o)
    0x08010a88   0x08010a88   0x00000062   Code   RO         1367    x$fpl$d2f           fz_ws.l(d2f.o)
    0x08010aea   0x08010aea   0x00000002   PAD
    0x08010aec   0x08010aec   0x00000150   Code   RO         1369    x$fpl$dadd          fz_ws.l(daddsub_clz.o)
    0x08010c3c   0x08010c3c   0x00000010   Code   RO         1712    x$fpl$dcheck1       fz_ws.l(dcheck1.o)
    0x08010c4c   0x08010c4c   0x00000018   Code   RO         1586    x$fpl$dcmpinf       fz_ws.l(dcmpi.o)
    0x08010c64   0x08010c64   0x000002b0   Code   RO         1376    x$fpl$ddiv          fz_ws.l(ddiv.o)
    0x08010f14   0x08010f14   0x0000005a   Code   RO         1379    x$fpl$dfixu         fz_ws.l(dfixu.o)
    0x08010f6e   0x08010f6e   0x0000002e   Code   RO         1384    x$fpl$dflt          fz_ws.l(dflt_clz.o)
    0x08010f9c   0x08010f9c   0x00000078   Code   RO         1389    x$fpl$dleqf         fz_ws.l(dleqf.o)
    0x08011014   0x08011014   0x00000154   Code   RO         1391    x$fpl$dmul          fz_ws.l(dmul.o)
    0x08011168   0x08011168   0x0000009c   Code   RO         1588    x$fpl$dnaninf       fz_ws.l(dnaninf.o)
    0x08011204   0x08011204   0x0000000c   Code   RO         1590    x$fpl$dretinf       fz_ws.l(dretinf.o)
    0x08011210   0x08011210   0x0000006c   Code   RO         1393    x$fpl$drleqf        fz_ws.l(drleqf.o)
    0x0801127c   0x0801127c   0x00000016   Code   RO         1370    x$fpl$drsb          fz_ws.l(daddsub_clz.o)
    0x08011292   0x08011292   0x00000002   PAD
    0x08011294   0x08011294   0x000001cc   Code   RO         1592    x$fpl$dsqrt         fz_ws.l(dsqrt_noumaal.o)
    0x08011460   0x08011460   0x000001d4   Code   RO         1371    x$fpl$dsub          fz_ws.l(daddsub_clz.o)
    0x08011634   0x08011634   0x00000056   Code   RO         1395    x$fpl$f2d           fz_ws.l(f2d.o)
    0x0801168a   0x0801168a   0x00000002   PAD
    0x0801168c   0x0801168c   0x000000c4   Code   RO         1397    x$fpl$fadd          fz_ws.l(faddsub_clz.o)
    0x08011750   0x08011750   0x00000184   Code   RO         1404    x$fpl$fdiv          fz_ws.l(fdiv.o)
    0x080118d4   0x080118d4   0x0000003e   Code   RO         1407    x$fpl$ffixu         fz_ws.l(ffixu.o)
    0x08011912   0x08011912   0x00000002   PAD
    0x08011914   0x08011914   0x00000030   Code   RO         1412    x$fpl$fflt          fz_ws.l(fflt_clz.o)
    0x08011944   0x08011944   0x00000026   Code   RO         1411    x$fpl$ffltu         fz_ws.l(fflt_clz.o)
    0x0801196a   0x0801196a   0x00000002   PAD
    0x0801196c   0x0801196c   0x00000102   Code   RO         1417    x$fpl$fmul          fz_ws.l(fmul.o)
    0x08011a6e   0x08011a6e   0x0000008c   Code   RO         1594    x$fpl$fnaninf       fz_ws.l(fnaninf.o)
    0x08011afa   0x08011afa   0x0000000a   Code   RO         1596    x$fpl$fretinf       fz_ws.l(fretinf.o)
    0x08011b04   0x08011b04   0x000000ea   Code   RO         1399    x$fpl$fsub          fz_ws.l(faddsub_clz.o)
    0x08011bee   0x08011bee   0x00000004   Code   RO         1419    x$fpl$printf1       fz_ws.l(printf1.o)
    0x08011bf2   0x08011bf2   0x00000004   Code   RO         1598    x$fpl$printf2       fz_ws.l(printf2.o)
    0x08011bf6   0x08011bf6   0x00000064   Code   RO         1743    x$fpl$retnan        fz_ws.l(retnan.o)
    0x08011c5a   0x08011c5a   0x0000005c   Code   RO         1604    x$fpl$scalbn        fz_ws.l(scalbn.o)
    0x08011cb6   0x08011cb6   0x00000030   Code   RO         1775    x$fpl$trapveneer    fz_ws.l(trapv.o)
    0x08011ce6   0x08011ce6   0x00000000   Code   RO         1606    x$fpl$usenofp       fz_ws.l(usenofp.o)
    0x08011ce6   0x08011ce6   0x00000002   Data   RO          483    .constdata          adc.o
    0x08011ce8   0x08011ce8   0x0000000c   Data   RO          642    .constdata          beep.o
    0x08011cf4   0x08011cf4   0x00000024   Data   RO          662    .constdata          lcd1602.o
    0x08011d18   0x08011d18   0x00000030   Data   RO          685    .constdata          key.o
    0x08011d48   0x08011d48   0x00000030   Data   RO          705    .constdata          led.o
    0x08011d78   0x08011d78   0x0000000c   Data   RO          772    .constdata          adxl362.o
    0x08011d84   0x08011d84   0x00000014   Data   RO          794    .constdata          light.o
    0x08011d98   0x08011d98   0x00000a17   Data   RO          846    .constdata          main.o
    0x080127af   0x080127af   0x00001d64   Data   RO          943    .constdata          font.o
    0x08014513   0x08014513   0x00000004   Data   RO         1127    .constdata          net_io.o
    0x08014517   0x08014517   0x00000001   PAD
    0x08014518   0x08014518   0x00000018   Data   RO         1146    .constdata          net_device.o
    0x08014530   0x08014530   0x00000400   Data   RO         1184    .constdata          tlsf.o
    0x08014930   0x08014930   0x00000028   Data   RO         1306    .constdata          c_w.l(_printf_hex_int_ll_ptr.o)
    0x08014958   0x08014958   0x00000011   Data   RO         1326    .constdata          c_w.l(__printf_flags_ss_wp.o)
    0x08014969   0x08014969   0x00000007   PAD
    0x08014970   0x08014970   0x00000098   Data   RO         1423    .constdata          m_ws.l(atan.o)
    0x08014a08   0x08014a08   0x00000008   Data   RO         1496    .constdata          c_w.l(_printf_wctomb.o)
    0x08014a10   0x08014a10   0x00000026   Data   RO         1658    .constdata          c_w.l(_printf_fp_hex.o)
    0x08014a36   0x08014a36   0x00000002   PAD
    0x08014a38   0x08014a38   0x00000094   Data   RO         1671    .constdata          c_w.l(bigflt0.o)
    0x08014acc   0x08014acc   0x0000000c   Data   RO         1706    .constdata          c_w.l(_monlen.o)
    0x08014ad8   0x08014ad8   0x00000005   Data   RO          643    .conststring        beep.o
    0x08014add   0x08014add   0x00000003   PAD
    0x08014ae0   0x08014ae0   0x0000001d   Data   RO          686    .conststring        key.o
    0x08014afd   0x08014afd   0x00000003   PAD
    0x08014b00   0x08014b00   0x0000001d   Data   RO          706    .conststring        led.o
    0x08014b1d   0x08014b1d   0x00000003   PAD
    0x08014b20   0x08014b20   0x00000010   Data   RO          847    .conststring        main.o
    0x08014b30   0x08014b30   0x00000017   Data   RO          957    .conststring        net_task.o
    0x08014b47   0x08014b47   0x00000001   PAD
    0x08014b48   0x08014b48   0x0000014d   Data   RO          977    .conststring        onenet.o
    0x08014c95   0x08014c95   0x00000003   PAD
    0x08014c98   0x08014c98   0x0000002e   Data   RO         1045    .conststring        cmd_callback.o
    0x08014cc6   0x08014cc6   0x00000002   PAD
    0x08014cc8   0x08014cc8   0x000000df   Data   RO         1065    .conststring        protocol_parser.o
    0x08014da7   0x08014da7   0x00000001   PAD
    0x08014da8   0x08014da8   0x00000037   Data   RO         1147    .conststring        net_device.o
    0x08014ddf   0x08014ddf   0x00000001   PAD
    0x08014de0   0x08014de0   0x00000020   Data   RO         1807    Region$$Table       anon$$obj.o
    0x08014e00   0x08014e00   0x00000110   Data   RO         1532    locale$$data        c_w.l(lc_ctype_c.o)
    0x08014f10   0x08014f10   0x0000001c   Data   RO         1697    locale$$data        c_w.l(lc_numeric_c.o)


    Execution Region RW_IRAM1 (Exec base: 0x20000000, Load base: 0x08014f2c, Size: 0x00005390, Max: 0x00010000, ABSOLUTE, COMPRESSED[0x00000464])

    Exec Addr    Load Addr    Size         Type   Attr      Idx    E Section Name        Object

    0x20000000   COMPRESSED   0x00000014   Data   RW          121    .data               system_stm32f10x.o
    0x20000014   COMPRESSED   0x00000014   Data   RW          196    .data               stm32f10x_rcc.o
    0x20000028   COMPRESSED   0x00000006   Data   RW          484    .data               adc.o
    0x2000002e   COMPRESSED   0x00000004   Data   RW          505    .data               delay.o
    0x20000032   COMPRESSED   0x00000002   PAD
    0x20000034   COMPRESSED   0x00000004   Data   RW          520    .data               hwtimer.o
    0x20000038   COMPRESSED   0x0000000c   Data   RW          538    .data               i2c.o
    0x20000044   COMPRESSED   0x00000002   Data   RW          556    .data               rtc.o
    0x20000046   COMPRESSED   0x00000003   Data   RW          574    .data               spi.o
    0x20000049   COMPRESSED   0x00000003   Data   RW          592    .data               usart.o
    0x2000004c   COMPRESSED   0x00000001   Data   RW          620    .data               at24c02.o
    0x2000004d   COMPRESSED   0x00000001   Data   RW          644    .data               beep.o
    0x2000004e   COMPRESSED   0x00000001   Data   RW          663    .data               lcd1602.o
    0x2000004f   COMPRESSED   0x00000001   PAD
    0x20000050   COMPRESSED   0x00000005   Data   RW          687    .data               key.o
    0x20000055   COMPRESSED   0x00000006   Data   RW          707    .data               led.o
    0x2000005b   COMPRESSED   0x00000001   Data   RW          744    .data               spilcd.o
    0x2000005c   COMPRESSED   0x00000004   Data   RW          795    .data               light.o
    0x20000060   COMPRESSED   0x00000001   Data   RW          813    .data               ir.o
    0x20000061   COMPRESSED   0x00000003   PAD
    0x20000064   COMPRESSED   0x000001a9   Data   RW          848    .data               main.o
    0x2000020d   COMPRESSED   0x00000474   Data   RW          944    .data               font.o
    0x20000681   COMPRESSED   0x00000003   PAD
    0x20000684   COMPRESSED   0x00000018   Data   RW          958    .data               net_task.o
    0x2000069c   COMPRESSED   0x000000b8   Data   RW          978    .data               onenet.o
    0x20000754   COMPRESSED   0x00000003   Data   RW         1008    .data               fault.o
    0x20000757   COMPRESSED   0x00000001   PAD
    0x20000758   COMPRESSED   0x00000031   Data   RW         1046    .data               cmd_callback.o
    0x20000789   COMPRESSED   0x00000003   PAD
    0x2000078c   COMPRESSED   0x00000029   Data   RW         1148    .data               net_device.o
    0x200007b5   COMPRESSED   0x00000003   PAD
    0x200007b8   COMPRESSED   0x00000004   Data   RW         1185    .data               tlsf.o
    0x200007bc        -       0x000000a4   Zero   RW          381    .bss                mcu_gpio.o
    0x20000860        -       0x00000198   Zero   RW          591    .bss                usart.o
    0x200009f8        -       0x00000010   Zero   RW          684    .bss                key.o
    0x20000a08        -       0x0000000c   Zero   RW          725    .bss                sht20.o
    0x20000a14        -       0x00000024   Zero   RW          771    .bss                adxl362.o
    0x20000a38        -       0x00003c42   Zero   RW          845    .bss                main.o
    0x2000467a        -       0x00000040   Zero   RW         1064    .bss                protocol_parser.o
    0x200046ba        -       0x00000406   Zero   RW         1126    .bss                net_io.o
    0x20004ac0        -       0x00000031   Zero   RW         1145    .bss                net_device.o
    0x20004af1   COMPRESSED   0x00000003   PAD
    0x20004af4        -       0x00000010   Zero   RW         1166    .bss                framework.o
    0x20004b04        -       0x0000002c   Zero   RW         1361    .bss                c_w.l(localtime.o)
    0x20004b30        -       0x00000060   Zero   RW         1628    .bss                c_w.l(libspace.o)
    0x20004b90        -       0x00000400   Zero   RW          139    HEAP                startup_stm32f10x_hd.o
    0x20004f90        -       0x00000400   Zero   RW          138    STACK               startup_stm32f10x_hd.o


==============================================================================

Image component sizes


      Code (inc. data)   RO Data    RW Data    ZI Data      Debug   Object Name

       668         60          2          6          0       3113   adc.o
       972         34         12          0         36       5902   adxl362.o
       504         12          0          1          0       3708   at24c02.o
       184          8         17          1          0       1885   beep.o
       496         10         46         49          0       3854   cmd_callback.o
         0          0          0          0          0       4580   core_cm3.o
       184         10          0          4          0       1212   delay.o
      1804        242          0          0          0       4257   dstream.o
       436        190          0          3          0       1501   fault.o
         0          0       7524       1140          0       1291   font.o
       336          8          0          0         16       2475   framework.o
       548         32          0          4          0       3127   hwtimer.o
      2220        418          0         12          0       6766   i2c.o
       356         28          0          1          0       1994   ir.o
       372         16         77          5         16       2009   key.o
       684         38         36          1          0       3615   lcd1602.o
       240         12         77          6          0       2024   led.o
        84         14         20          4          0       1602   light.o
      4140        776       2599        425      15426      11473   main.o
       196          6          0          0          0       2512   mcu_adc.o
       110          0          0          0          0       1759   mcu_dma.o
       396         10          0          0        164       3262   mcu_gpio.o
       160         14          0          0          0       1407   mcu_i2c.o
        34          0          0          0          0        784   mcu_nvic.o
       120          8          0          0          0        702   mcu_rcc.o
       436         20          0          0          0       2317   mcu_spi.o
       218          0          0          0          0       2381   mcu_timer.o
       332         36          0          0          0       1489   mcu_usart.o
       220         22          0          0          0     217773   misc.o
      3556         40          0          0          0      15223   mqttkit.o
      2560        678         79         41         49       9395   net_device.o
       632         20          4          0       1030       3209   net_io.o
      1200        120         23         24          0       4243   net_task.o
      4996       1758        333        184          0      12225   onenet.o
      7096       2412        223          0         64      10924   protocol_parser.o
       336         12          0          2          0       2768   rtc.o
       772         48          0          0         12       4312   sht20.o
       700         20          0          3          0       3522   spi.o
      2488         54          0          1          0       9858   spilcd.o
        64         26        304          0       2048        824   startup_stm32f10x_hd.o
      1102         26          0          0          0      11009   stm32f10x_adc.o
       196          8          0          0          0       3468   stm32f10x_bkp.o
       596          8          0          0          0       4334   stm32f10x_dma.o
       284         10          0          0          0       2227   stm32f10x_exti.o
       860         38          0          0          0       5705   stm32f10x_gpio.o
      1028         16          0          0          0       9195   stm32f10x_i2c.o
       324        254          0          0          0      69488   stm32f10x_it.o
       204         14          0          0          0       1943   stm32f10x_pwr.o
       940         44          0         20          0       8884   stm32f10x_rcc.o
       328          4          0          0          0       2714   stm32f10x_rtc.o
       780         14          0          0          0       6586   stm32f10x_spi.o
      3610         88          0          0          0      22812   stm32f10x_tim.o
      1032         22          0          0          0       8428   stm32f10x_usart.o
       488         46          0         20          0       1815   system_stm32f10x.o
      3096        128       1024          4          0      11257   tlsf.o
      1036         28          0          3        408       5391   usart.o

    ----------------------------------------------------------------------
     56764       7960      12450       1980      19272     552533   Object Totals
         0          0         32          0          0          0   (incl. Generated)
        10          0         18         16          3          0   (incl. Padding)

    ----------------------------------------------------------------------

      Code (inc. data)   RO Data    RW Data    ZI Data      Debug   Library Member Name

        60          8          0          0          0         84   __0sscanf.o
        56          6          0          0          0         88   __2snprintf.o
        44          6          0          0          0         84   __2sprintf.o
        90          0          0          0          0          0   __dczerorl2.o
         8          0          0          0          0         68   __main.o
       392          4         17          0          0         92   __printf_flags_ss_wp.o
        14          0          0          0          0         68   __printf_wp.o
         0          0          0          0          0          0   __rtentry.o
        12          0          0          0          0          0   __rtentry2.o
         6          0          0          0          0          0   __rtentry4.o
        52          8          0          0          0          0   __scatter.o
        28          0          0          0          0          0   __scatter_zi.o
        28          0          0          0          0         68   _chval.o
         0          0         12          0          0          0   _monlen.o
         6          0          0          0          0          0   _printf_a.o
         6          0          0          0          0          0   _printf_c.o
        44          0          0          0          0        108   _printf_char.o
        48          6          0          0          0         96   _printf_char_common.o
        40          0          0          0          0         68   _printf_charcount.o
         6          0          0          0          0          0   _printf_d.o
       120         16          0          0          0         92   _printf_dec.o
         6          0          0          0          0          0   _printf_e.o
         6          0          0          0          0          0   _printf_f.o
      1054          0          0          0          0        216   _printf_fp_dec.o
       764          8         38          0          0        100   _printf_fp_hex.o
       128         16          0          0          0         84   _printf_fp_infnan.o
         6          0          0          0          0          0   _printf_g.o
       148          4         40          0          0        160   _printf_hex_int_ll_ptr.o
         6          0          0          0          0          0   _printf_i.o
       178          0          0          0          0         88   _printf_intcommon.o
        10          0          0          0          0          0   _printf_l.o
         6          0          0          0          0          0   _printf_lc.o
        10          0          0          0          0          0   _printf_ll.o
         6          0          0          0          0          0   _printf_lld.o
         6          0          0          0          0          0   _printf_lli.o
         6          0          0          0          0          0   _printf_llo.o
         6          0          0          0          0          0   _printf_llu.o
         6          0          0          0          0          0   _printf_llx.o
       124         16          0          0          0         92   _printf_longlong_dec.o
         6          0          0          0          0          0   _printf_ls.o
         6          0          0          0          0          0   _printf_n.o
         6          0          0          0          0          0   _printf_o.o
       112         10          0          0          0        124   _printf_oct_int_ll.o
         6          0          0          0          0          0   _printf_p.o
        78          0          0          0          0        108   _printf_pad.o
         0          0          0          0          0          0   _printf_percent.o
         4          0          0          0          0          0   _printf_percent_end.o
         6          0          0          0          0          0   _printf_s.o
        82          0          0          0          0         80   _printf_str.o
        36          0          0          0          0         84   _printf_truncate.o
         6          0          0          0          0          0   _printf_u.o
        44          0          0          0          0        108   _printf_wchar.o
       188          6          8          0          0         92   _printf_wctomb.o
         6          0          0          0          0          0   _printf_x.o
        22          0          0          0          0        100   _rserrno.o
       884          4          0          0          0        100   _scanf.o
       332          0          0          0          0         96   _scanf_int.o
       224          0          0          0          0         96   _scanf_str.o
        64          0          0          0          0         84   _sgetc.o
        16          0          0          0          0         68   _snputc.o
        10          0          0          0          0         68   _sputc.o
       158          0          0          0          0         92   _strtoul.o
        64          0          0          0          0         92   _wcrtomb.o
        26          0          0          0          0         80   atoi.o
       228          4        148          0          0         96   bigflt0.o
      1936        128          0          0          0        672   btod.o
        10          0          0          0          0         68   defsig_exit.o
        50          0          0          0          0         88   defsig_general.o
        80         58          0          0          0         76   defsig_rtmem_inner.o
        14          0          0          0          0         80   defsig_rtmem_outer.o
        18          0          0          0          0         80   exit.o
        94          0          0          0          0         80   h1_alloc.o
        52          0          0          0          0         68   h1_extend.o
        78          0          0          0          0         80   h1_free.o
        14          0          0          0          0         84   h1_init.o
         6          0          0          0          0        152   heapauxi.o
         4          0          0          0          0        136   hguard.o
         0          0          0          0          0          0   indicate_semi.o
       138          0          0          0          0        168   init_alloc.o
        18          0          0          0          0         76   isspace.o
        44         10        272          0          0         76   lc_ctype_c.o
        44         10         28          0          0         76   lc_numeric_c.o
         2          0          0          0          0          0   libinit.o
        38          0          0          0          0          0   libinit2.o
         2          0          0          0          0          0   libshutdown.o
         2          0          0          0          0          0   libshutdown2.o
         8          4          0          0         96         68   libspace.o
       138          0          0          0          0         80   lludiv10.o
        12          6          0          0         44         68   localtime.o
       184          6          0          0          0         80   localtime_internal.o
         0          0          0          0          0          0   maybetermalloc1.o
        16          4          0          0          0         76   rt_ctype_table.o
         8          4          0          0          0         68   rt_errno_addr_intlibspace.o
         8          4          0          0          0         68   rt_heap_descriptor_intlibspace.o
         8          4          0          0          0         68   rt_locale_intlibspace.o
        68          0          0          0          0         68   rt_memclr.o
        78          0          0          0          0         80   rt_memclr_w.o
       138          0          0          0          0         68   rt_memcpy_v6.o
       100          0          0          0          0         80   rt_memcpy_w.o
         2          0          0          0          0          0   rtexit.o
        10          0          0          0          0          0   rtexit2.o
        44          8          0          0          0         84   scanf_char.o
        24          0          0          0          0         68   strcat.o
        20          0          0          0          0         68   strchr.o
       128          0          0          0          0         68   strcmpv7m.o
        72          0          0          0          0         80   strcpy.o
        62          0          0          0          0         76   strlen.o
        36          0          0          0          0         76   strncat.o
        36          0          0          0          0         80   strstr.o
       112          0          0          0          0         88   strtol.o
        12          4          0          0          0         68   sys_exit.o
        74          0          0          0          0         80   sys_stackheap_outer.o
        14          0          0          0          0         76   sys_wrch.o
         2          0          0          0          0         68   use_no_semi.o
        52          4          0          0          0         80   vsnprintf.o
        36          4          0          0          0         76   vsprintf.o
        98          4          0          0          0         92   d2f.o
       826         16          0          0          0        348   daddsub_clz.o
        16          4          0          0          0         68   dcheck1.o
        24          0          0          0          0         68   dcmpi.o
       688        140          0          0          0        208   ddiv.o
        90          4          0          0          0         92   dfixu.o
        46          0          0          0          0         68   dflt_clz.o
       120          4          0          0          0         92   dleqf.o
       340         12          0          0          0        104   dmul.o
       156          4          0          0          0         92   dnaninf.o
        12          0          0          0          0         68   dretinf.o
       108          0          0          0          0         80   drleqf.o
       460         56          0          0          0        120   dsqrt_noumaal.o
        86          4          0          0          0         84   f2d.o
       430          8          0          0          0        168   faddsub_clz.o
       388         76          0          0          0         96   fdiv.o
        62          4          0          0          0         84   ffixu.o
        86          0          0          0          0        136   fflt_clz.o
       258          4          0          0          0         84   fmul.o
       140          4          0          0          0         84   fnaninf.o
        10          0          0          0          0         68   fretinf.o
         4          0          0          0          0         68   printf1.o
         4          0          0          0          0         68   printf2.o
       100          0          0          0          0         68   retnan.o
        92          0          0          0          0         68   scalbn.o
        48          0          0          0          0         68   trapv.o
         0          0          0          0          0          0   usenofp.o
       544         70        152          0          0        124   atan.o
        22          6          0          0          0        136   dunder.o
        40          0          0          0          0         68   fpclassify.o
       170          0          0          0          0         96   poly.o
        76          0          0          0          0         84   sqrt.o

    ----------------------------------------------------------------------
     15866        800        724          0        140      10444   Library Totals
        26          0          9          0          0          0   (incl. Padding)

    ----------------------------------------------------------------------

      Code (inc. data)   RO Data    RW Data    ZI Data      Debug   Library Name

     10296        380        563          0        140       7292   c_w.l
      4692        344          0          0          0       2644   fz_ws.l
       852         76        152          0          0        508   m_ws.l

    ----------------------------------------------------------------------
     15866        800        724          0        140      10444   Library Totals

    ----------------------------------------------------------------------

==============================================================================


      Code (inc. data)   RO Data    RW Data    ZI Data      Debug   

     72630       8760      13174       1980      19412     551949   Grand Totals
     72630       8760      13174       1124      19412     551949   ELF Image Totals (compressed)
     72630       8760      13174       1124          0          0   ROM Totals

==============================================================================

    Total RO  Size (Code + RO Data)                85804 (  83.79kB)
    Total RW  Size (RW Data + ZI Data)             21392 (  20.89kB)
    Total ROM Size (Code + RO Data + RW Data)      86928 (  84.89kB)

==============================================================================

